Running
6.084: [GC 6.084: [DefNew: 896K->64K(960K), 0.0037010 secs] 896K->196K(5056K), 0.0037720 secs] [Times: user=0.01 sys=0.00, real=0.00 secs] 
6.309: [GC 6.309: [DefNew: 960K->64K(960K), 0.0047180 secs] 1092K->348K(5056K), 0.0047850 secs] [Times: user=0.00 sys=0.01, real=0.00 secs] 
6.610: [GC 6.610: [DefNew: 960K->64K(960K), 0.0054940 secs] 1244K->456K(5056K), 0.0055600 secs] [Times: user=0.00 sys=0.00, real=0.00 secs] 
6.979: [GC 6.979: [DefNew: 960K->64K(960K), 0.0041030 secs] 1352K->626K(5056K), 0.0041770 secs] [Times: user=0.01 sys=0.00, real=0.00 secs] 
7.190: [GC 7.190: [DefNew: 960K->64K(960K), 0.0030750 secs] 1522K->742K(5056K), 0.0031420 secs] [Times: user=0.00 sys=0.01, real=0.00 secs] 
10.850: [GC 10.850: [DefNew: 960K->18K(960K), 0.0013450 secs] 1638K->759K(5056K), 0.0014110 secs] [Times: user=0.00 sys=0.00, real=0.00 secs] 
************************
* Memory Stats
## test small objects, begin
************************
 Free Memory = 3922112
 Max Memory = 66650112
 Total Memory = 5177344
 Free Memory(mb) = 3.74041748046875
 Max Memory(mb) = 63.5625
 Total Memory(mb) = 4.9375
20.098: [GC 20.098: [DefNew: 914K->64K(960K), 0.0022260 secs] 1655K->1196K(5056K), 0.0022970 secs] [Times: user=0.00 sys=0.00, real=0.00 secs] 
20.104: [GC 20.104: [DefNew: 960K->63K(960K), 0.0064770 secs] 2092K->2090K(5056K), 0.0065460 secs] [Times: user=0.00 sys=0.00, real=0.01 secs] 
20.112: [GC 20.112: [DefNew: 959K->63K(960K), 0.0062680 secs] 2986K->2982K(5056K), 0.0063360 secs] [Times: user=0.01 sys=0.00, real=0.01 secs] 
20.119: [GC 20.119: [DefNew: 959K->63K(960K), 0.0061440 secs] 3878K->3874K(5056K), 0.0062120 secs] [Times: user=0.01 sys=0.00, real=0.01 secs] 
20.133: [GC 20.133: [DefNew: 959K->63K(960K), 0.0063760 secs]20.139: [Tenured[Unloading class sun.reflect.GeneratedSerializationConstructorAccessor9]
[Unloading class sun.reflect.GeneratedSerializationConstructorAccessor18]
[Unloading class sun.reflect.GeneratedSerializationConstructorAccessor6]
[Unloading class sun.reflect.GeneratedSerializationConstructorAccessor5]
[Unloading class sun.reflect.GeneratedSerializationConstructorAccessor33]
[Unloading class sun.reflect.GeneratedSerializationConstructorAccessor11]
[Unloading class sun.reflect.GeneratedMethodAccessor1]
[Unloading class sun.reflect.GeneratedSerializationConstructorAccessor23]
[Unloading class sun.reflect.GeneratedSerializationConstructorAccessor15]
[Unloading class sun.reflect.GeneratedMethodAccessor5]
[Unloading class sun.reflect.GeneratedSerializationConstructorAccessor19]
[Unloading class sun.reflect.GeneratedSerializationConstructorAccessor2]
[Unloading class sun.reflect.GeneratedSerializationConstructorAccessor39]
[Unloading class sun.reflect.GeneratedSerializationConstructorAccessor12]
[Unloading class sun.reflect.GeneratedSerializationConstructorAccessor13]
[Unloading class sun.reflect.GeneratedSerializationConstructorAccessor3]
[Unloading class sun.reflect.GeneratedSerializationConstructorAccessor26]
[Unloading class sun.reflect.GeneratedSerializationConstructorAccessor24]
[Unloading class sun.reflect.GeneratedSerializationConstructorAccessor25]
[Unloading class sun.reflect.GeneratedSerializationConstructorAccessor28]
[Unloading class sun.reflect.GeneratedMethodAccessor4]
[Unloading class sun.reflect.GeneratedSerializationConstructorAccessor10]
[Unloading class sun.reflect.GeneratedSerializationConstructorAccessor29]
[Unloading class sun.reflect.GeneratedMethodAccessor2]
[Unloading class sun.reflect.GeneratedMethodAccessor10]
[Unloading class sun.reflect.GeneratedSerializationConstructorAccessor32]
[Unloading class sun.reflect.GeneratedSerializationConstructorAccessor21]
[Unloading class sun.reflect.GeneratedSerializationConstructorAccessor34]
[Unloading class sun.reflect.GeneratedMethodAccessor7]
[Unloading class sun.reflect.GeneratedSerializationConstructorAccessor7]
[Unloading class sun.reflect.GeneratedSerializationConstructorAccessor36]
[Unloading class sun.reflect.GeneratedMethodAccessor6]
[Unloading class sun.reflect.GeneratedSerializationConstructorAccessor37]
[Unloading class sun.reflect.GeneratedSerializationConstructorAccessor30]
[Unloading class sun.reflect.GeneratedSerializationConstructorAccessor16]
[Unloading class sun.reflect.GeneratedSerializationConstructorAccessor4]
[Unloading class sun.reflect.GeneratedSerializationConstructorAccessor20]
[Unloading class sun.reflect.GeneratedSerializationConstructorAccessor14]
[Unloading class sun.reflect.GeneratedSerializationConstructorAccessor31]
[Unloading class sun.reflect.GeneratedSerializationConstructorAccessor17]
[Unloading class sun.reflect.GeneratedSerializationConstructorAccessor22]
[Unloading class sun.reflect.GeneratedSerializationConstructorAccessor1]
[Unloading class sun.reflect.GeneratedSerializationConstructorAccessor35]
[Unloading class sun.reflect.GeneratedSerializationConstructorAccessor27]
[Unloading class sun.reflect.GeneratedSerializationConstructorAccessor38]
[Unloading class sun.reflect.GeneratedMethodAccessor3]
[Unloading class sun.reflect.GeneratedSerializationConstructorAccessor8]
: 4703K->4723K(4736K), 0.0746010 secs] 4770K->4723K(5696K), [Perm : 2076K->2076K(12288K)], 0.0811600 secs] [Times: user=0.07 sys=0.00, real=0.08 secs] 
************************
* Memory Stats
## test small objects, end
************************
 Free Memory = 3910504
 Max Memory = 66650112
 Total Memory = 9048064
 Free Memory(mb) = 3.7293472290039062
 Max Memory(mb) = 63.5625
 Total Memory(mb) = 8.62890625
************************
* Memory Stats
## null
************************
 Free Memory = 3910456
 Max Memory = 66650112
 Total Memory = 9048064
 Free Memory(mb) = 3.7293014526367188
 Max Memory(mb) = 63.5625
 Total Memory(mb) = 8.62890625

* Time Diff in ms, t=220
************************
* Memory Stats
## test small objects, begin
************************
 Free Memory = 3894632
 Max Memory = 66650112
 Total Memory = 9048064
 Free Memory(mb) = 3.7142105102539062
 Max Memory(mb) = 63.5625
 Total Memory(mb) = 8.62890625
20.319: [GC 20.319: [DefNew: 895K->63K(960K), 0.0050100 secs] 5619K->5609K(8836K), 0.0050790 secs] [Times: user=0.00 sys=0.00, real=0.00 secs] 
20.326: [GC 20.326: [DefNew: 959K->63K(960K), 0.0062880 secs] 6505K->6503K(8836K), 0.0063560 secs] [Times: user=0.00 sys=0.00, real=0.00 secs] 
20.341: [GC 20.341: [DefNew: 959K->63K(960K), 0.0130700 secs] 7399K->7396K(8836K), 0.0131380 secs] [Times: user=0.01 sys=0.01, real=0.01 secs] 
20.355: [GC 20.355: [DefNew: 959K->63K(960K), 0.0067220 secs]20.362: [Tenured: 8225K->8259K(8260K), 0.0819830 secs] 8292K->8289K(9220K), [Perm : 2077K->2077K(12288K)], 0.0888980 secs] [Times: user=0.08 sys=0.00, real=0.09 secs] 
20.453: [GC 20.453: [DefNew: 1024K->63K(1088K), 0.0256460 secs] 9283K->9281K(14856K), 0.0257140 secs] [Times: user=0.01 sys=0.00, real=0.03 secs] 
************************
* Memory Stats
## test small objects, end
************************
 Free Memory = 5668776
 Max Memory = 66650112
 Total Memory = 15212544
 Free Memory(mb) = 5.406166076660156
 Max Memory(mb) = 63.5625
 Total Memory(mb) = 14.5078125
************************
* Memory Stats
## null
************************
 Free Memory = 5668776
 Max Memory = 66650112
 Total Memory = 15212544
 Free Memory(mb) = 5.406166076660156
 Max Memory(mb) = 63.5625
 Total Memory(mb) = 14.5078125

* Time Diff in ms, t=262
************************
* Memory Stats
## test small objects, begin
************************
 Free Memory = 5668776
 Max Memory = 66650112
 Total Memory = 15212544
 Free Memory(mb) = 5.406166076660156
 Max Memory(mb) = 63.5625
 Total Memory(mb) = 14.5078125
20.582: [GC 20.582: [DefNew: 1087K->63K(1088K), 0.0061330 secs] 10305K->10295K(14856K), 0.0062010 secs] [Times: user=0.00 sys=0.00, real=0.01 secs] 
20.590: [GC 20.590: [DefNew: 1087K->63K(1088K), 0.0070350 secs] 11319K->11317K(14856K), 0.0071210 secs] [Times: user=0.01 sys=0.01, real=0.01 secs] 
20.599: [GC 20.599: [DefNew: 1087K->63K(1088K), 0.0068900 secs] 12341K->12339K(14856K), 0.0069570 secs] [Times: user=0.01 sys=0.00, real=0.01 secs] 
20.614: [GC 20.614: [DefNew: 1087K->63K(1088K), 0.0068790 secs] 13363K->13362K(14856K), 0.0069470 secs] [Times: user=0.00 sys=0.00, real=0.01 secs] 
************************
* Memory Stats
## test small objects, end
************************
 Free Memory = 1259464
 Max Memory = 66650112
 Total Memory = 15212544
 Free Memory(mb) = 1.2011184692382812
 Max Memory(mb) = 63.5625
 Total Memory(mb) = 14.5078125
************************
* Memory Stats
## null
************************
 Free Memory = 1259464
 Max Memory = 66650112
 Total Memory = 15212544
 Free Memory(mb) = 1.2011184692382812
 Max Memory(mb) = 63.5625
 Total Memory(mb) = 14.5078125

* Time Diff in ms, t=143
************************
* Memory Stats
## test small string, begin
************************
 Free Memory = 1259464
 Max Memory = 66650112
 Total Memory = 15212544
 Free Memory(mb) = 1.2011184692382812
 Max Memory(mb) = 63.5625
 Total Memory(mb) = 14.5078125
20.924: [GC 20.924: [DefNew: 1084K->63K(1088K), 0.0023230 secs] 14383K->13623K(14856K), 0.0024000 secs] [Times: user=0.01 sys=0.00, real=0.01 secs] 
20.928: [GC 20.928: [DefNew: 1082K->8K(1088K), 0.0008080 secs] 14641K->13621K(14856K), 0.0008660 secs] [Times: user=0.00 sys=0.00, real=0.00 secs] 
20.931: [GC 20.931: [DefNew: 1018K->21K(1088K), 0.0004890 secs] 14631K->13634K(14856K), 0.0005490 secs] [Times: user=0.00 sys=0.00, real=0.00 secs] 
20.932: [GC 20.933: [DefNew: 1044K->38K(1088K), 0.0004920 secs] 14657K->13650K(14856K), 0.0005730 secs] [Times: user=0.00 sys=0.00, real=0.00 secs] 
20.934: [GC 20.935: [DefNew: 1043K->28K(1088K), 0.0004740 secs] 14656K->13640K(14856K), 0.0005320 secs] [Times: user=0.00 sys=0.00, real=0.00 secs] 
20.936: [GC 20.937: [DefNew: 1039K->15K(1088K), 0.0004500 secs] 14651K->13628K(14856K), 0.0005090 secs] [Times: user=0.00 sys=0.00, real=0.00 secs] 
20.938: [GC 20.939: [DefNew: 1018K->34K(1088K), 0.0004750 secs] 14631K->13646K(14856K), 0.0005320 secs] [Times: user=0.00 sys=0.00, real=0.00 secs] 
20.940: [GC 20.941: [DefNew: 1025K->36K(1088K), 0.0004850 secs] 14637K->13648K(14856K), 0.0005660 secs] [Times: user=0.00 sys=0.01, real=0.00 secs] 
20.942: [GC 20.943: [DefNew: 1055K->58K(1088K), 0.0005210 secs] 14668K->13670K(14856K), 0.0005810 secs] [Times: user=0.00 sys=0.00, real=0.00 secs] 
20.944: [GC 20.945: [DefNew: 1058K->41K(1088K), 0.0005110 secs] 14670K->13653K(14856K), 0.0005720 secs] [Times: user=0.00 sys=0.00, real=0.01 secs] 
20.947: [GC 20.947: [DefNew: 1051K->43K(1088K), 0.0004870 secs] 14663K->13655K(14856K), 0.0005460 secs] [Times: user=0.00 sys=0.00, real=0.00 secs] 
20.955: [GC 20.955: [DefNew: 1058K->44K(1088K), 0.0004940 secs] 14670K->13679K(14856K), 0.0005520 secs] [Times: user=0.00 sys=0.00, real=0.00 secs] 
20.957: [GC 20.957: [DefNew: 1058K->46K(1088K), 0.0005850 secs] 14693K->13705K(14856K), 0.0006450 secs] [Times: user=0.01 sys=0.00, real=0.01 secs] 
20.959: [GC 20.959: [DefNew: 1053K->48K(1088K), 0.0005040 secs] 14711K->13706K(14856K), 0.0005630 secs] [Times: user=0.00 sys=0.00, real=0.00 secs] 
20.961: [GC 20.961: [DefNew: 1042K->50K(1088K), 0.0005340 secs] 14700K->13708K(14856K), 0.0005930 secs] [Times: user=0.00 sys=0.00, real=0.00 secs] 
20.963: [GC 20.963: [DefNew: 1052K->26K(1088K), 0.0005620 secs] 14710K->13684K(14856K), 0.0006210 secs] [Times: user=0.00 sys=0.00, real=0.00 secs] 
20.965: [GC 20.965: [DefNew: 1007K->53K(1088K), 0.0004800 secs] 14665K->13711K(14856K), 0.0005370 secs] [Times: user=0.00 sys=0.00, real=0.00 secs] 
20.967: [GC 20.967: [DefNew: 1036K->55K(1088K), 0.0005190 secs] 14694K->13713K(14856K), 0.0005760 secs] [Times: user=0.00 sys=0.00, real=0.00 secs] 
20.969: [GC 20.969: [DefNew: 1065K->56K(1088K), 0.0005070 secs] 14724K->13715K(14856K), 0.0005660 secs] [Times: user=0.00 sys=0.00, real=0.00 secs] 
20.971: [GC 20.972: [DefNew: 1066K->29K(1088K), 0.0004710 secs] 14724K->13687K(14856K), 0.0005290 secs] [Times: user=0.00 sys=0.00, real=0.00 secs] 
20.974: [GC 20.974: [DefNew: 1005K->59K(1088K), 0.0005160 secs] 14663K->13717K(14856K), 0.0005750 secs] [Times: user=0.00 sys=0.00, real=0.00 secs] 
20.976: [GC 20.976: [DefNew: 1028K->61K(1088K), 0.0005250 secs] 14686K->13719K(14856K), 0.0005870 secs] [Times: user=0.00 sys=0.00, real=0.00 secs] 
20.983: [GC 20.983: [DefNew: 1051K->62K(1088K), 0.0005260 secs] 14709K->13720K(14856K), 0.0005850 secs] [Times: user=0.00 sys=0.00, real=0.00 secs] 
20.985: [GC 20.985: [DefNew: 1075K->63K(1088K), 0.0005080 secs] 14733K->13722K(14856K), 0.0005670 secs] [Times: user=0.00 sys=0.00, real=0.00 secs] 
20.989: [GC 20.989: [DefNew: 1065K->32K(1088K), 0.0004170 secs] 14724K->13690K(14856K), 0.0004750 secs] [Times: user=0.00 sys=0.00, real=0.00 secs] 
20.997: [GC 20.997: [DefNew: 1055K->33K(1088K), 0.0006060 secs] 14713K->13757K(14856K), 0.0006680 secs] [Times: user=0.00 sys=0.00, real=0.01 secs] 
20.999: [GC 20.999: [DefNew: 1042K->33K(1088K), 0.0005690 secs]21.000: [Tenured: 13758K->13758K(13768K), 0.1121340 secs] 14767K->13792K(14856K), [Perm : 2077K->2077K(12288K)], 0.1129150 secs] [Times: user=0.10 sys=0.00, real=0.11 secs] 
21.114: [GC 21.114: [DefNew: 1513K->102K(1728K), 0.0235840 secs] 15272K->13861K(24660K), 0.0236560 secs] [Times: user=0.02 sys=0.00, real=0.03 secs] 
21.140: [GC 21.140: [DefNew: 1622K->107K(1728K), 0.0008750 secs] 15380K->13933K(24660K), 0.0009430 secs] [Times: user=0.01 sys=0.00, real=0.00 secs] 
21.143: [GC 21.144: [DefNew: 1629K->73K(1728K), 0.0005450 secs] 15456K->13899K(24660K), 0.0006060 secs] [Times: user=0.00 sys=0.00, real=0.00 secs] 
21.146: [GC 21.146: [DefNew: 1558K->75K(1728K), 0.0006050 secs] 15384K->13901K(24660K), 0.0006690 secs] [Times: user=0.00 sys=0.00, real=0.00 secs] 
21.149: [GC 21.156: [DefNew: 1594K->76K(1728K), 0.0005200 secs] 15421K->13903K(24660K), 0.0072380 secs] [Times: user=0.00 sys=0.00, real=0.00 secs] 
21.158: [GC 21.158: [DefNew: 1591K->39K(1728K), 0.0004950 secs] 15417K->13865K(24660K), 0.0005540 secs] [Times: user=0.00 sys=0.00, real=0.00 secs] 
21.161: [GC 21.161: [DefNew: 1506K->80K(1728K), 0.0005340 secs] 15333K->13906K(24660K), 0.0005960 secs] [Times: user=0.00 sys=0.00, real=0.00 secs] 
21.164: [GC 21.164: [DefNew: 1536K->81K(1728K), 0.0005520 secs] 15362K->13907K(24660K), 0.0006130 secs] [Times: user=0.00 sys=0.00, real=0.00 secs] 
21.167: [GC 21.167: [DefNew: 1565K->83K(1728K), 0.0005600 secs] 15391K->13909K(24660K), 0.0006190 secs] [Times: user=0.00 sys=0.00, real=0.00 secs] 
21.170: [GC 21.170: [DefNew: 1594K->84K(1728K), 0.0005320 secs] 15421K->13911K(24660K), 0.0005910 secs] [Times: user=0.00 sys=0.00, real=0.00 secs] 
21.173: [GC 21.173: [DefNew: 1581K->43K(1728K), 0.0005190 secs] 15407K->13869K(24660K), 0.0005780 secs] [Times: user=0.00 sys=0.00, real=0.00 secs] 
21.175: [GC 21.176: [DefNew: 1565K->131K(1728K), 0.0006720 secs] 15392K->13957K(24660K), 0.0007380 secs] [Times: user=0.00 sys=0.00, real=0.00 secs] 
21.179: [GC 21.179: [DefNew: 1636K->89K(1728K), 0.0005670 secs] 15462K->13915K(24660K), 0.0006280 secs] [Times: user=0.00 sys=0.00, real=0.00 secs] 
21.181: [GC 21.182: [DefNew: 1618K->135K(1728K), 0.0006570 secs] 15444K->13962K(24660K), 0.0007220 secs] [Times: user=0.00 sys=0.00, real=0.00 secs] 
21.184: [GC 21.184: [DefNew: 1644K->46K(1728K), 0.0005030 secs] 15470K->13872K(24660K), 0.0005620 secs] [Times: user=0.00 sys=0.00, real=0.00 secs] 
21.187: [GC 21.187: [DefNew: 1577K->93K(1728K), 0.0005790 secs] 15404K->13919K(24660K), 0.0006400 secs] [Times: user=0.00 sys=0.00, real=0.00 secs] 
21.190: [GC 21.190: [DefNew: 1601K->94K(1728K), 0.0005680 secs] 15427K->13921K(24660K), 0.0006300 secs] [Times: user=0.00 sys=0.00, real=0.00 secs] 
21.193: [GC 21.193: [DefNew: 1624K->96K(1728K), 0.0074970 secs] 15450K->13922K(24660K), 0.0075690 secs] [Times: user=0.00 sys=0.00, real=0.01 secs] 
21.203: [GC 21.203: [DefNew: 1599K->48K(1728K), 0.0005140 secs] 15425K->13875K(24660K), 0.0005750 secs] [Times: user=0.00 sys=0.00, real=0.00 secs] 
21.206: [GC 21.206: [DefNew: 1572K->148K(1728K), 0.0006590 secs] 15398K->13974K(24660K), 0.0007230 secs] [Times: user=0.00 sys=0.00, real=0.00 secs] 
21.208: [GC 21.209: [DefNew: 1642K->100K(1728K), 0.0006130 secs] 15468K->13926K(24660K), 0.0006740 secs] [Times: user=0.00 sys=0.00, real=0.00 secs] 
21.211: [GC 21.211: [DefNew: 1613K->152K(1728K), 0.0007110 secs] 15439K->13978K(24660K), 0.0007770 secs] [Times: user=0.00 sys=0.00, real=0.00 secs] 
21.214: [GC 21.215: [DefNew: 1684K->102K(1728K), 0.0005850 secs] 15511K->13929K(24660K), 0.0006830 secs] [Times: user=0.00 sys=0.00, real=0.00 secs] 
21.217: [GC 21.217: [DefNew: 1550K->103K(1728K), 0.0005940 secs] 15377K->13930K(24660K), 0.0006550 secs] [Times: user=0.00 sys=0.00, real=0.00 secs] 
21.220: [GC 21.220: [DefNew: 1568K->105K(1728K), 0.0006090 secs] 15395K->13931K(24660K), 0.0006700 secs] [Times: user=0.00 sys=0.00, real=0.00 secs] 
21.230: [GC 21.230: [DefNew: 1586K->106K(1728K), 0.0005670 secs] 15413K->13932K(24660K), 0.0006310 secs] [Times: user=0.00 sys=0.00, real=0.00 secs] 
21.233: [GC 21.233: [DefNew: 1605K->107K(1728K), 0.0006380 secs] 15431K->13933K(24660K), 0.0007010 secs] [Times: user=0.01 sys=0.00, real=0.00 secs] 
21.235: [GC 21.236: [DefNew: 1623K->108K(1728K), 0.0005980 secs] 15449K->13935K(24660K), 0.0006590 secs] [Times: user=0.00 sys=0.00, real=0.00 secs] 
21.239: [GC 21.239: [DefNew: 1641K->109K(1728K), 0.0005820 secs] 15467K->13936K(24660K), 0.0006440 secs] [Times: user=0.00 sys=0.00, real=0.00 secs] 
21.241: [GC 21.242: [DefNew: 1603K->55K(1728K), 0.0005140 secs] 15429K->13882K(24660K), 0.0005730 secs] [Times: user=0.00 sys=0.00, real=0.00 secs] 
21.244: [GC 21.244: [DefNew: 1564K->168K(1728K), 0.0007950 secs] 15391K->13994K(24660K), 0.0008630 secs] [Times: user=0.00 sys=0.00, real=0.01 secs] 
21.247: [GC 21.248: [DefNew: 1636K->113K(1728K), 0.0006030 secs] 15462K->13939K(24660K), 0.0006660 secs] [Times: user=0.00 sys=0.00, real=0.00 secs] 
21.251: [GC 21.251: [DefNew: 1596K->171K(1728K), 0.0007110 secs] 15422K->13997K(24660K), 0.0007770 secs] [Times: user=0.00 sys=0.00, real=0.00 secs] 
21.260: [GC 21.260: [DefNew: 1669K->115K(1728K), 0.0006150 secs] 15495K->13941K(24660K), 0.0006760 secs] [Times: user=0.00 sys=0.01, real=0.00 secs] 
21.263: [GC 21.264: [DefNew: 1627K->174K(1728K), 0.0007440 secs] 15453K->14001K(24660K), 0.0008110 secs] [Times: user=0.00 sys=0.00, real=0.00 secs] 
21.267: [GC 21.267: [DefNew: 1701K->117K(1728K), 0.0006120 secs] 15527K->13944K(24660K), 0.0006740 secs] [Times: user=0.00 sys=0.00, real=0.00 secs] 
21.270: [GC 21.270: [DefNew: 1539K->118K(1728K), 0.0006160 secs] 15366K->13945K(24660K), 0.0006790 secs] [Times: user=0.00 sys=0.00, real=0.00 secs] 
21.273: [GC 21.273: [DefNew: 1553K->119K(1728K), 0.0006390 secs] 15379K->13946K(24660K), 0.0007010 secs] [Times: user=0.01 sys=0.00, real=0.00 secs] 
21.276: [GC 21.276: [DefNew: 1566K->120K(1728K), 0.0006250 secs] 15393K->13947K(24660K), 0.0006880 secs] [Times: user=0.00 sys=0.00, real=0.00 secs] 
21.285: [GC 21.286: [DefNew: 1580K->121K(1728K), 0.0005260 secs] 15406K->13948K(24660K), 0.0005960 secs] [Times: user=0.00 sys=0.00, real=0.01 secs] 
21.288: [GC 21.289: [DefNew: 1593K->123K(1728K), 0.0010640 secs] 15419K->13949K(24660K), 0.0012260 secs] [Times: user=0.00 sys=0.00, real=0.00 secs] 
21.292: [GC 21.292: [DefNew: 1606K->124K(1728K), 0.0006270 secs] 15433K->13950K(24660K), 0.0006890 secs] [Times: user=0.00 sys=0.00, real=0.00 secs] 
21.295: [GC 21.295: [DefNew: 1620K->125K(1728K), 0.0006300 secs] 15446K->13951K(24660K), 0.0006930 secs] [Times: user=0.00 sys=0.00, real=0.00 secs] 
21.298: [GC 21.298: [DefNew: 1633K->126K(1728K), 0.0006280 secs] 15460K->13952K(24660K), 0.0006920 secs] [Times: user=0.00 sys=0.00, real=0.00 secs] 
21.301: [GC 21.301: [DefNew: 1647K->127K(1728K), 0.0006320 secs] 15473K->13953K(24660K), 0.0006950 secs] [Times: user=0.00 sys=0.00, real=0.00 secs] 
21.304: [GC 21.304: [DefNew: 1660K->128K(1728K), 0.0006320 secs] 15486K->13954K(24660K), 0.0006950 secs] [Times: user=0.00 sys=0.00, real=0.00 secs] 
21.307: [GC 21.307: [DefNew: 1609K->64K(1728K), 0.0005290 secs] 15435K->13891K(24660K), 0.0005890 secs] [Times: user=0.00 sys=0.00, real=0.00 secs] 
21.310: [GC 21.310: [DefNew: 1557K->130K(1728K), 0.0008150 secs] 15383K->14021K(24660K), 0.0008840 secs] [Times: user=0.00 sys=0.00, real=0.00 secs] 
21.313: [GC 21.313: [DefNew: 1568K->131K(1728K), 0.0006410 secs] 15459K->14022K(24660K), 0.0007040 secs] [Times: user=0.00 sys=0.00, real=0.00 secs] 
21.316: [GC 21.316: [DefNew: 1645K->66K(1728K), 0.0005400 secs] 15537K->13957K(24660K), 0.0006320 secs] [Times: user=0.00 sys=0.00, real=0.00 secs] 
21.319: [GC 21.319: [DefNew: 1592K->132K(1728K), 0.0008390 secs] 15483K->14090K(24660K), 0.0009080 secs] [Times: user=0.00 sys=0.00, real=0.00 secs] 
21.329: [GC 21.329: [DefNew: 1603K->134K(1728K), 0.0007600 secs] 15561K->14091K(24660K), 0.0008280 secs] [Times: user=0.01 sys=0.00, real=0.00 secs] 
21.332: [GC 21.332: [DefNew: 1614K->134K(1728K), 0.0008370 secs] 15572K->14160K(24660K), 0.0009060 secs] [Times: user=0.00 sys=0.00, real=0.00 secs] 
21.335: [GC 21.335: [DefNew: 1626K->135K(1728K), 0.0006340 secs] 15651K->14161K(24660K), 0.0006980 secs] [Times: user=0.00 sys=0.00, real=0.00 secs] 
21.338: [GC 21.338: [DefNew: 1637K->136K(1728K), 0.0010350 secs] 15662K->14230K(24660K), 0.0011080 secs] [Times: user=0.00 sys=0.00, real=0.00 secs] 
21.342: [GC 21.342: [DefNew: 1648K->137K(1728K), 0.0006510 secs] 15742K->14231K(24660K), 0.0007140 secs] [Times: user=0.00 sys=0.00, real=0.00 secs] 
21.345: [GC 21.345: [DefNew: 1660K->138K(1728K), 0.0008950 secs] 15753K->14301K(24660K), 0.0009650 secs] [Times: user=0.00 sys=0.00, real=0.01 secs] 
21.348: [GC 21.348: [DefNew: 1671K->139K(1728K), 0.0006560 secs] 15834K->14302K(24660K), 0.0007210 secs] [Times: user=0.00 sys=0.00, real=0.00 secs] 
21.358: [GC 21.358: [DefNew: 1542K->140K(1728K), 0.0006520 secs] 15705K->14303K(24660K), 0.0007170 secs] [Times: user=0.00 sys=0.00, real=0.00 secs] 
21.361: [GC 21.361: [DefNew: 1551K->141K(1728K), 0.0006930 secs] 15714K->14304K(24660K), 0.0007590 secs] [Times: user=0.00 sys=0.00, real=0.00 secs] 
21.364: [GC 21.364: [DefNew: 1561K->142K(1728K), 0.0006580 secs] 15724K->14305K(24660K), 0.0007240 secs] [Times: user=0.00 sys=0.00, real=0.00 secs] 
21.367: [GC 21.367: [DefNew: 1570K->143K(1728K), 0.0006640 secs] 15733K->14306K(24660K), 0.0007280 secs] [Times: user=0.00 sys=0.00, real=0.00 secs] 
21.370: [GC 21.370: [DefNew: 1580K->143K(1728K), 0.0006280 secs] 15743K->14306K(24660K), 0.0006890 secs] [Times: user=0.00 sys=0.00, real=0.00 secs] 
21.373: [GC 21.373: [DefNew: 1589K->144K(1728K), 0.0006350 secs] 15752K->14307K(24660K), 0.0007010 secs] [Times: user=0.01 sys=0.00, real=0.00 secs] 
21.376: [GC 21.376: [DefNew: 1599K->145K(1728K), 0.0006680 secs] 15762K->14308K(24660K), 0.0007310 secs] [Times: user=0.00 sys=0.00, real=0.00 secs] 
21.386: [GC 21.386: [DefNew: 1608K->146K(1728K), 0.0006630 secs] 15771K->14309K(24660K), 0.0007290 secs] [Times: user=0.00 sys=0.00, real=0.00 secs] 
21.389: [GC 21.389: [DefNew: 1618K->147K(1728K), 0.0006980 secs] 15781K->14310K(24660K), 0.0007650 secs] [Times: user=0.01 sys=0.00, real=0.00 secs] 
21.392: [GC 21.392: [DefNew: 1627K->148K(1728K), 0.0006720 secs] 15790K->14311K(24660K), 0.0007370 secs] [Times: user=0.00 sys=0.00, real=0.00 secs] 
21.395: [GC 21.395: [DefNew: 1637K->149K(1728K), 0.0006720 secs] 15799K->14312K(24660K), 0.0007390 secs] [Times: user=0.00 sys=0.00, real=0.00 secs] 
21.398: [GC 21.398: [DefNew: 1646K->150K(1728K), 0.0006760 secs] 15809K->14312K(24660K), 0.0007430 secs] [Times: user=0.00 sys=0.00, real=0.00 secs] 
21.401: [GC 21.401: [DefNew: 1655K->150K(1728K), 0.0008770 secs] 15818K->14313K(24660K), 0.0009500 secs] [Times: user=0.00 sys=0.00, real=0.00 secs] 
21.404: [GC 21.404: [DefNew: 1665K->151K(1728K), 0.0006840 secs] 15828K->14314K(24660K), 0.0007470 secs] [Times: user=0.00 sys=0.00, real=0.00 secs] 
21.414: [GC 21.414: [DefNew: 1674K->152K(1728K), 0.0006780 secs] 15837K->14315K(24660K), 0.0007440 secs] [Times: user=0.00 sys=0.00, real=0.00 secs] 
21.417: [GC 21.417: [DefNew: 1684K->153K(1728K), 0.0007260 secs] 15847K->14316K(24660K), 0.0007910 secs] [Times: user=0.00 sys=0.00, real=0.01 secs] 
21.420: [GC 21.420: [DefNew: 1616K->77K(1728K), 0.0005600 secs] 15779K->14240K(24660K), 0.0006220 secs] [Times: user=0.00 sys=0.00, real=0.00 secs] 
21.423: [GC 21.423: [DefNew: 1548K->154K(1728K), 0.0008910 secs] 15711K->14395K(24660K), 0.0009610 secs] [Times: user=0.00 sys=0.00, real=0.00 secs] 
21.426: [GC 21.426: [DefNew: 1555K->155K(1728K), 0.0006940 secs] 15796K->14396K(24660K), 0.0007580 secs] [Times: user=0.00 sys=0.00, real=0.00 secs] 
21.429: [GC 21.429: [DefNew: 1641K->78K(1728K), 0.0005450 secs] 15882K->14318K(24660K), 0.0006060 secs] [Times: user=0.00 sys=0.00, real=0.00 secs] 
21.432: [GC 21.432: [DefNew: 1572K->157K(1728K), 0.0011030 secs] 15812K->14476K(24660K), 0.0011740 secs] [Times: user=0.01 sys=0.00, real=0.00 secs] 
21.435: [GC 21.435: [DefNew: 1579K->158K(1728K), 0.0007140 secs] 15898K->14477K(24660K), 0.0007780 secs] [Times: user=0.00 sys=0.00, real=0.00 secs] 
21.439: [GC 21.439: [DefNew: 1667K->79K(1728K), 0.0005570 secs] 15986K->14398K(24660K), 0.0006180 secs] [Times: user=0.00 sys=0.00, real=0.00 secs] 
21.442: [GC 21.442: [DefNew: 1596K->159K(1728K), 0.0009570 secs] 15915K->14558K(24660K), 0.0010270 secs] [Times: user=0.00 sys=0.00, real=0.00 secs] 
21.445: [GC 21.445: [DefNew: 1603K->160K(1728K), 0.0007330 secs] 16002K->14559K(24660K), 0.0007990 secs] [Times: user=0.00 sys=0.00, real=0.01 secs] 
21.448: [GC 21.448: [DefNew: 1692K->80K(1728K), 0.0005760 secs] 16091K->14479K(24660K), 0.0006380 secs] [Times: user=0.00 sys=0.00, real=0.00 secs] 
21.457: [GC 21.457: [DefNew: 1458K->162K(1728K), 0.0007010 secs] 15857K->14561K(24660K), 0.0007680 secs] [Times: user=0.01 sys=0.00, real=0.01 secs] 
21.460: [GC 21.460: [DefNew: 1627K->162K(1728K), 0.0011000 secs] 16026K->14643K(24660K), 0.0011700 secs] [Times: user=0.00 sys=0.00, real=0.00 secs] 
21.464: [GC 21.464: [DefNew: 1634K->163K(1728K), 0.0007010 secs] 16115K->14644K(24660K), 0.0007670 secs] [Times: user=0.00 sys=0.00, real=0.00 secs] 
21.467: [GC 21.467: [DefNew: 1642K->164K(1728K), 0.0009690 secs] 16123K->14727K(24660K), 0.0010400 secs] [Times: user=0.00 sys=0.00, real=0.00 secs] 
21.470: [GC 21.470: [DefNew: 1650K->165K(1728K), 0.0007050 secs] 16212K->14727K(24660K), 0.0007710 secs] [Times: user=0.00 sys=0.00, real=0.00 secs] 
21.473: [GC 21.474: [DefNew: 1658K->165K(1728K), 0.0009530 secs] 16220K->14811K(24660K), 0.0010250 secs] [Times: user=0.00 sys=0.00, real=0.00 secs] 
21.477: [GC 21.477: [DefNew: 1665K->166K(1728K), 0.0071290 secs] 16311K->14812K(24660K), 0.0072000 secs] [Times: user=0.01 sys=0.00, real=0.01 secs] 
21.486: [GC 21.486: [DefNew: 1673K->167K(1728K), 0.0009660 secs] 16319K->14896K(24660K), 0.0010370 secs] [Times: user=0.00 sys=0.00, real=0.00 secs] 
21.490: [GC 21.490: [DefNew: 1681K->168K(1728K), 0.0007070 secs] 16410K->14897K(24660K), 0.0007730 secs] [Times: user=0.00 sys=0.00, real=0.00 secs] 
21.493: [GC 21.493: [DefNew: 1688K->169K(1728K), 0.0010310 secs] 16418K->14982K(24660K), 0.0011030 secs] [Times: user=0.00 sys=0.00, real=0.00 secs] 
21.496: [GC 21.497: [DefNew: 1696K->169K(1728K), 0.0008130 secs] 16510K->14983K(24660K), 0.0008840 secs] [Times: user=0.00 sys=0.00, real=0.01 secs] 
21.500: [GC 21.500: [DefNew: 1704K->170K(1728K), 0.0009920 secs] 16518K->15069K(24660K), 0.0010610 secs] [Times: user=0.00 sys=0.00, real=0.00 secs] 
21.503: [GC 21.503: [DefNew: 1626K->85K(1728K), 0.0005870 secs] 16525K->14984K(24660K), 0.0006480 secs] [Times: user=0.00 sys=0.00, real=0.00 secs] 
************************
* Memory Stats
## test small string, done
************************
 Free Memory = 8850496
 Max Memory = 66650112
 Total Memory = 25251840
 Free Memory(mb) = 8.44049072265625
 Max Memory(mb) = 63.5625
 Total Memory(mb) = 24.08203125

* Time Diff in ms, t=583
21.513: [GC 21.513: [DefNew: 1618K->96K(1728K), 0.0006970 secs] 16517K->14995K(24660K), 0.0007580 secs] [Times: user=0.00 sys=0.00, real=0.00 secs] 
21.516: [GC 21.516: [DefNew: 1624K->30K(1728K), 0.0007450 secs] 16523K->15015K(24660K), 0.0008080 secs] [Times: user=0.00 sys=0.00, real=0.00 secs] 
21.519: [GC 21.519: [DefNew: 1562K->40K(1728K), 0.0005050 secs] 16547K->15025K(24660K), 0.0005650 secs] [Times: user=0.00 sys=0.00, real=0.00 secs] 
21.522: [GC 21.522: [DefNew: 1570K->32K(1728K), 0.0004770 secs] 16555K->15017K(24660K), 0.0005360 secs] [Times: user=0.00 sys=0.00, real=0.00 secs] 
21.525: [GC 21.525: [DefNew: 1553K->18K(1728K), 0.0005230 secs] 16538K->15003K(24660K), 0.0005840 secs] [Times: user=0.00 sys=0.00, real=0.01 secs] 
21.527: [GC 21.527: [DefNew: 1531K->41K(1728K), 0.0005370 secs] 16516K->15026K(24660K), 0.0005990 secs] [Times: user=0.00 sys=0.00, real=0.00 secs] 
21.531: [GC 21.531: [DefNew: 1574K->22K(1728K), 0.0004590 secs] 16560K->15007K(24660K), 0.0005180 secs] [Times: user=0.00 sys=0.00, real=0.00 secs] 
21.539: [GC 21.539: [DefNew: 1543K->48K(1728K), 0.0004810 secs] 16528K->15033K(24660K), 0.0005390 secs] [Times: user=0.00 sys=0.00, real=0.00 secs] 
21.542: [GC 21.542: [DefNew: 1551K->51K(1728K), 0.0005150 secs] 16536K->15036K(24660K), 0.0005750 secs] [Times: user=0.00 sys=0.00, real=0.00 secs] 
21.545: [GC 21.545: [DefNew: 1538K->54K(1728K), 0.0006380 secs] 16523K->15039K(24660K), 0.0006990 secs] [Times: user=0.00 sys=0.00, real=0.01 secs] 
21.548: [GC 21.548: [DefNew: 1566K->85K(1728K), 0.0005760 secs] 16551K->15071K(24660K), 0.0006370 secs] [Times: user=0.00 sys=0.00, real=0.00 secs] 
21.551: [GC 21.551: [DefNew: 1614K->90K(1728K), 0.0005790 secs] 16599K->15075K(24660K), 0.0006400 secs] [Times: user=0.00 sys=0.00, real=0.00 secs] 
21.554: [GC 21.554: [DefNew: 1596K->31K(1728K), 0.0004810 secs] 16581K->15016K(24660K), 0.0005410 secs] [Times: user=0.00 sys=0.00, real=0.00 secs] 
21.556: [GC 21.556: [DefNew: 1535K->97K(1728K), 0.0005870 secs] 16520K->15082K(24660K), 0.0006740 secs] [Times: user=0.00 sys=0.01, real=0.01 secs] 
21.559: [GC 21.559: [DefNew: 1626K->67K(1728K), 0.0005460 secs] 16611K->15052K(24660K), 0.0006070 secs] [Times: user=0.00 sys=0.00, real=0.00 secs] 
21.562: [GC 21.562: [DefNew: 1582K->69K(1728K), 0.0005290 secs] 16567K->15055K(24660K), 0.0005900 secs] [Times: user=0.00 sys=0.00, real=0.00 secs] 
21.565: [GC 21.565: [DefNew: 1599K->36K(1728K), 0.0004800 secs] 16584K->15021K(24660K), 0.0005380 secs] [Times: user=0.00 sys=0.00, real=0.00 secs] 
21.568: [GC 21.568: [DefNew: 1539K->74K(1728K), 0.0005530 secs] 16525K->15059K(24660K), 0.0006140 secs] [Times: user=0.00 sys=0.00, real=0.00 secs] 
21.571: [GC 21.571: [DefNew: 1584K->76K(1728K), 0.0006370 secs] 16569K->15061K(24660K), 0.0006990 secs] [Times: user=0.00 sys=0.00, real=0.00 secs] 
21.574: [GC 21.574: [DefNew: 1589K->39K(1728K), 0.0004940 secs] 16574K->15024K(24660K), 0.0005530 secs] [Times: user=0.00 sys=0.00, real=0.00 secs] 
21.577: [GC 21.577: [DefNew: 1511K->80K(1728K), 0.0069710 secs] 16496K->15065K(24660K), 0.0070450 secs] [Times: user=0.00 sys=0.00, real=0.01 secs] 
21.586: [GC 21.586: [DefNew: 1547K->82K(1728K), 0.0005670 secs] 16532K->15067K(24660K), 0.0006270 secs] [Times: user=0.00 sys=0.00, real=0.00 secs] 
21.589: [GC 21.589: [DefNew: 1583K->84K(1728K), 0.0005510 secs] 16568K->15069K(24660K), 0.0006140 secs] [Times: user=0.00 sys=0.00, real=0.00 secs] 
21.592: [GC 21.592: [DefNew: 1619K->86K(1728K), 0.0005740 secs] 16605K->15071K(24660K), 0.0006340 secs] [Times: user=0.00 sys=0.00, real=0.00 secs] 
21.595: [GC 21.595: [DefNew: 1611K->44K(1728K), 0.0005040 secs] 16597K->15029K(24660K), 0.0006480 secs] [Times: user=0.00 sys=0.00, real=0.00 secs] 
21.598: [GC 21.598: [DefNew: 1512K->89K(1728K), 0.0005610 secs] 16497K->15074K(24660K), 0.0006210 secs] [Times: user=0.00 sys=0.00, real=0.00 secs] 
21.600: [GC 21.600: [DefNew: 1540K->91K(1728K), 0.0005760 secs] 16526K->15076K(24660K), 0.0006370 secs] [Times: user=0.00 sys=0.00, real=0.00 secs] 
21.610: [GC 21.610: [DefNew: 1569K->93K(1728K), 0.0005580 secs] 16554K->15078K(24660K), 0.0006200 secs] [Times: user=0.00 sys=0.00, real=0.00 secs] 
21.613: [GC 21.613: [DefNew: 1598K->94K(1728K), 0.0008700 secs] 16583K->15080K(24660K), 0.0009380 secs] [Times: user=0.01 sys=0.00, real=0.00 secs] 
21.616: [GC 21.616: [DefNew: 1627K->96K(1728K), 0.0005980 secs] 16612K->15081K(24660K), 0.0006600 secs] [Times: user=0.00 sys=0.00, real=0.00 secs] 
21.619: [GC 21.619: [DefNew: 1606K->49K(1728K), 0.0005100 secs] 16591K->15034K(24660K), 0.0005720 secs] [Times: user=0.00 sys=0.00, real=0.00 secs] 
21.621: [GC 21.622: [DefNew: 1584K->149K(1728K), 0.0006830 secs] 16569K->15134K(24660K), 0.0007500 secs] [Times: user=0.00 sys=0.00, real=0.00 secs] 
21.624: [GC 21.624: [DefNew: 1659K->101K(1728K), 0.0006120 secs] 16644K->15086K(24660K), 0.0006750 secs] [Times: user=0.00 sys=0.00, real=0.01 secs] 
21.627: [GC 21.627: [DefNew: 1635K->154K(1728K), 0.0007040 secs] 16620K->15139K(24660K), 0.0007690 secs] [Times: user=0.00 sys=0.00, real=0.00 secs] 
21.637: [GC 21.637: [DefNew: 1659K->52K(1728K), 0.0005450 secs] 16644K->15037K(24660K), 0.0006080 secs] [Times: user=0.01 sys=0.00, real=0.01 secs] 
21.640: [GC 21.640: [DefNew: 1579K->106K(1728K), 0.0005920 secs] 16565K->15091K(24660K), 0.0006560 secs] [Times: user=0.00 sys=0.00, real=0.00 secs] 
21.643: [GC 21.643: [DefNew: 1602K->107K(1728K), 0.0006020 secs] 16587K->15092K(24660K), 0.0006650 secs] [Times: user=0.00 sys=0.00, real=0.00 secs] 
21.646: [GC 21.646: [DefNew: 1624K->108K(1728K), 0.0008330 secs] 16609K->15094K(24660K), 0.0009020 secs] [Times: user=0.00 sys=0.00, real=0.00 secs] 
21.649: [GC 21.649: [DefNew: 1591K->55K(1728K), 0.0005200 secs] 16576K->15040K(24660K), 0.0005810 secs] [Times: user=0.00 sys=0.00, real=0.00 secs] 
21.652: [GC 21.652: [DefNew: 1556K->167K(1728K), 0.0007310 secs] 16541K->15152K(24660K), 0.0007990 secs] [Times: user=0.00 sys=0.00, real=0.00 secs] 
21.655: [GC 21.655: [DefNew: 1631K->113K(1728K), 0.0005910 secs] 16616K->15098K(24660K), 0.0006520 secs] [Times: user=0.00 sys=0.00, real=0.00 secs] 
21.658: [GC 21.658: [DefNew: 1594K->171K(1728K), 0.0007310 secs] 16580K->15156K(24660K), 0.0007970 secs] [Times: user=0.00 sys=0.00, real=0.00 secs] 
21.661: [GC 21.661: [DefNew: 1671K->115K(1728K), 0.0006180 secs] 16656K->15101K(24660K), 0.0007040 secs] [Times: user=0.00 sys=0.00, real=0.00 secs] 
21.664: [GC 21.664: [DefNew: 1633K->175K(1728K), 0.0007390 secs] 16618K->15160K(24660K), 0.0008070 secs] [Times: user=0.00 sys=0.00, real=0.00 secs] 
21.667: [GC 21.667: [DefNew: 1711K->118K(1728K), 0.0006260 secs] 16696K->15103K(24660K), 0.0006880 secs] [Times: user=0.00 sys=0.00, real=0.00 secs] 
21.677: [GC 21.677: [DefNew: 1551K->119K(1728K), 0.0006470 secs] 16537K->15105K(24660K), 0.0007130 secs] [Times: user=0.00 sys=0.00, real=0.01 secs] 
21.680: [GC 21.680: [DefNew: 1568K->121K(1728K), 0.0006270 secs] 16553K->15106K(24660K), 0.0006910 secs] [Times: user=0.00 sys=0.00, real=0.00 secs] 
21.683: [GC 21.683: [DefNew: 1584K->122K(1728K), 0.0006290 secs] 16569K->15107K(24660K), 0.0006930 secs] [Times: user=0.00 sys=0.00, real=0.00 secs] 
21.686: [GC 21.686: [DefNew: 1601K->123K(1728K), 0.0006010 secs] 16586K->15108K(24660K), 0.0006650 secs] [Times: user=0.00 sys=0.00, real=0.00 secs] 
21.689: [GC 21.689: [DefNew: 1617K->125K(1728K), 0.0015400 secs] 16602K->15110K(24660K), 0.0016080 secs] [Times: user=0.01 sys=0.00, real=0.00 secs] 
21.693: [GC 21.693: [DefNew: 1634K->126K(1728K), 0.0006670 secs] 16619K->15111K(24660K), 0.0007320 secs] [Times: user=0.00 sys=0.00, real=0.00 secs] 
21.696: [GC 21.696: [DefNew: 1650K->127K(1728K), 0.0006300 secs] 16635K->15112K(24660K), 0.0006930 secs] [Times: user=0.00 sys=0.00, real=0.00 secs] 
21.705: [GC 21.705: [DefNew: 1602K->64K(1728K), 0.0005320 secs] 16587K->15049K(24660K), 0.0005980 secs] [Times: user=0.00 sys=0.00, real=0.00 secs] 
21.708: [GC 21.708: [DefNew: 1553K->129K(1728K), 0.0008320 secs] 16538K->15179K(24660K), 0.0009020 secs] [Times: user=0.00 sys=0.00, real=0.00 secs] 
21.711: [GC 21.711: [DefNew: 1567K->131K(1728K), 0.0007400 secs] 16617K->15181K(24660K), 0.0008070 secs] [Times: user=0.00 sys=0.00, real=0.00 secs] 
21.715: [GC 21.715: [DefNew: 1647K->66K(1728K), 0.0005190 secs] 16697K->15116K(24660K), 0.0005800 secs] [Times: user=0.00 sys=0.00, real=0.00 secs] 
21.718: [GC 21.718: [DefNew: 1596K->133K(1728K), 0.0008050 secs] 16646K->15250K(24660K), 0.0008740 secs] [Times: user=0.00 sys=0.00, real=0.00 secs] 
21.721: [GC 21.721: [DefNew: 1610K->134K(1728K), 0.0007700 secs] 16727K->15251K(24660K), 0.0008360 secs] [Times: user=0.00 sys=0.00, real=0.00 secs] 
21.724: [GC 21.724: [DefNew: 1624K->135K(1728K), 0.0008490 secs] 16741K->15320K(24660K), 0.0009180 secs] [Times: user=0.00 sys=0.00, real=0.00 secs] 
21.727: [GC 21.727: [DefNew: 1638K->137K(1728K), 0.0006600 secs] 16822K->15321K(24660K), 0.0007240 secs] [Times: user=0.00 sys=0.00, real=0.00 secs] 
21.730: [GC 21.730: [DefNew: 1652K->138K(1728K), 0.0008520 secs] 16836K->15391K(24660K), 0.0009230 secs] [Times: user=0.00 sys=0.00, real=0.00 secs] 
21.734: [GC 21.734: [DefNew: 1666K->139K(1728K), 0.0006640 secs] 16919K->15393K(24660K), 0.0007270 secs] [Times: user=0.00 sys=0.00, real=0.00 secs] 
21.736: [GC 21.736: [DefNew: 1539K->140K(1728K), 0.0006550 secs] 16793K->15394K(24660K), 0.0007440 secs] [Times: user=0.00 sys=0.00, real=0.01 secs] 
21.739: [GC 21.740: [DefNew: 1551K->141K(1728K), 0.0006560 secs] 16804K->15395K(24660K), 0.0007190 secs] [Times: user=0.00 sys=0.00, real=0.00 secs] 
21.749: [GC 21.749: [DefNew: 1562K->142K(1728K), 0.0006680 secs] 16816K->15396K(24660K), 0.0007580 secs] [Times: user=0.01 sys=0.00, real=0.00 secs] 
21.752: [GC 21.752: [DefNew: 1574K->143K(1728K), 0.0006750 secs] 16828K->15397K(24660K), 0.0007380 secs] [Times: user=0.00 sys=0.00, real=0.00 secs] 
21.755: [GC 21.755: [DefNew: 1586K->144K(1728K), 0.0006600 secs] 16839K->15398K(24660K), 0.0007220 secs] [Times: user=0.00 sys=0.00, real=0.00 secs] 
21.758: [GC 21.758: [DefNew: 1597K->145K(1728K), 0.0006580 secs] 16851K->15399K(24660K), 0.0007230 secs] [Times: user=0.00 sys=0.00, real=0.00 secs] 
21.761: [GC 21.761: [DefNew: 1609K->146K(1728K), 0.0007710 secs] 16862K->15400K(24660K), 0.0008380 secs] [Times: user=0.00 sys=0.00, real=0.00 secs] 
21.764: [GC 21.764: [DefNew: 1620K->147K(1728K), 0.0006800 secs] 16874K->15401K(24660K), 0.0007430 secs] [Times: user=0.00 sys=0.00, real=0.00 secs] 
21.767: [GC 21.767: [DefNew: 1632K->148K(1728K), 0.0006820 secs] 16886K->15402K(24660K), 0.0007470 secs] [Times: user=0.00 sys=0.00, real=0.00 secs] 
21.777: [GC 21.777: [DefNew: 1644K->149K(1728K), 0.0006710 secs] 16897K->15403K(24660K), 0.0007390 secs] [Times: user=0.00 sys=0.00, real=0.00 secs] 
21.780: [GC 21.780: [DefNew: 1655K->150K(1728K), 0.0006830 secs] 16909K->15404K(24660K), 0.0007470 secs] [Times: user=0.00 sys=0.00, real=0.00 secs] 
21.783: [GC 21.783: [DefNew: 1667K->152K(1728K), 0.0006930 secs] 16920K->15405K(24660K), 0.0007590 secs] [Times: user=0.00 sys=0.00, real=0.00 secs] 
21.786: [GC 21.787: [DefNew: 1678K->153K(1728K), 0.0006860 secs] 16932K->15406K(24660K), 0.0007520 secs] [Times: user=0.00 sys=0.00, real=0.00 secs] 
21.790: [GC 21.790: [DefNew: 1613K->77K(1728K), 0.0005540 secs] 16867K->15330K(24660K), 0.0006130 secs] [Times: user=0.00 sys=0.00, real=0.00 secs] 
21.792: [GC 21.792: [DefNew: 1546K->154K(1728K), 0.0009570 secs] 16800K->15486K(24660K), 0.0010280 secs] [Times: user=0.00 sys=0.00, real=0.00 secs] 
21.796: [GC 21.796: [DefNew: 1556K->156K(1728K), 0.0006910 secs] 16887K->15487K(24660K), 0.0007550 secs] [Times: user=0.00 sys=0.00, real=0.00 secs] 
21.806: [GC 21.806: [DefNew: 1644K->78K(1728K), 0.0005540 secs] 16975K->15409K(24660K), 0.0006150 secs] [Times: user=0.00 sys=0.00, real=0.00 secs] 
21.809: [GC 21.809: [DefNew: 1576K->157K(1728K), 0.0011360 secs] 16907K->15567K(24660K), 0.0012070 secs] [Times: user=0.00 sys=0.00, real=0.00 secs] 
21.812: [GC 21.812: [DefNew: 1585K->158K(1728K), 0.0006890 secs] 16996K->15569K(24660K), 0.0007550 secs] [Times: user=0.00 sys=0.00, real=0.00 secs] 
21.815: [GC 21.815: [DefNew: 1675K->80K(1728K), 0.0005700 secs] 17085K->15490K(24660K), 0.0006310 secs] [Times: user=0.00 sys=0.00, real=0.00 secs] 
21.818: [GC 21.818: [DefNew: 1606K->160K(1728K), 0.0009670 secs] 17016K->15651K(24660K), 0.0010380 secs] [Times: user=0.00 sys=0.00, real=0.00 secs] 
21.822: [GC 21.822: [DefNew: 1615K->161K(1728K), 0.0006620 secs] 17105K->15652K(24660K), 0.0007250 secs] [Times: user=0.00 sys=0.00, real=0.00 secs] 
21.824: [GC 21.825: [DefNew: 1624K->162K(1728K), 0.0076390 secs] 17115K->15734K(24660K), 0.0077110 secs] [Times: user=0.00 sys=0.00, real=0.01 secs] 
21.835: [GC 21.835: [DefNew: 1634K->163K(1728K), 0.0007070 secs] 17206K->15735K(24660K), 0.0007740 secs] [Times: user=0.00 sys=0.00, real=0.00 secs] 
21.838: [GC 21.838: [DefNew: 1643K->164K(1728K), 0.0010530 secs] 17215K->15818K(24660K), 0.0011230 secs] [Times: user=0.00 sys=0.00, real=0.00 secs] 
21.842: [GC 21.842: [DefNew: 1653K->165K(1728K), 0.0007260 secs] 17307K->15819K(24660K), 0.0008240 secs] [Times: user=0.00 sys=0.00, real=0.00 secs] 
21.845: [GC 21.845: [DefNew: 1662K->166K(1728K), 0.0010830 secs] 17317K->15903K(24660K), 0.0011540 secs] [Times: user=0.00 sys=0.00, real=0.01 secs] 
21.848: [GC 21.848: [DefNew: 1672K->167K(1728K), 0.0007230 secs] 17409K->15905K(24660K), 0.0007890 secs] [Times: user=0.00 sys=0.00, real=0.00 secs] 
21.851: [GC 21.851: [DefNew: 1681K->168K(1728K), 0.0009820 secs] 17419K->15990K(24660K), 0.0010530 secs] [Times: user=0.00 sys=0.00, real=0.00 secs] 
21.855: [GC 21.855: [DefNew: 1691K->169K(1728K), 0.0007170 secs] 17513K->15991K(24660K), 0.0007850 secs] [Times: user=0.00 sys=0.00, real=0.00 secs] 
21.858: [GC 21.858: [DefNew: 1700K->170K(1728K), 0.0009950 secs] 17522K->16077K(24660K), 0.0010640 secs] [Times: user=0.00 sys=0.00, real=0.00 secs] 
21.861: [GC 21.861: [DefNew: 1624K->85K(1728K), 0.0006810 secs] 17531K->15992K(24660K), 0.0007410 secs] [Times: user=0.00 sys=0.00, real=0.00 secs] 
21.864: [GC 21.864: [DefNew: 1547K->172K(1728K), 0.0007820 secs] 17454K->16079K(24660K), 0.0008510 secs] [Times: user=0.00 sys=0.01, real=0.01 secs] 
21.867: [GC 21.867: [DefNew: 1555K->173K(1728K), 0.0007500 secs] 17462K->16079K(24660K), 0.0008160 secs] [Times: user=0.00 sys=0.00, real=0.00 secs] 
21.877: [GC 21.877: [DefNew: 1562K->173K(1728K), 0.0007440 secs] 17469K->16080K(24660K), 0.0008110 secs] [Times: user=0.00 sys=0.00, real=0.00 secs] 
21.880: [GC 21.880: [DefNew: 1570K->174K(1728K), 0.0007370 secs] 17477K->16081K(24660K), 0.0008400 secs] [Times: user=0.01 sys=0.00, real=0.00 secs] 
21.883: [GC 21.883: [DefNew: 1578K->175K(1728K), 0.0007550 secs] 17484K->16082K(24660K), 0.0008220 secs] [Times: user=0.00 sys=0.00, real=0.00 secs] 
21.887: [GC 21.887: [DefNew: 1585K->176K(1728K), 0.0007290 secs] 17492K->16083K(24660K), 0.0007960 secs] [Times: user=0.00 sys=0.00, real=0.00 secs] 
21.890: [GC 21.890: [DefNew: 1593K->177K(1728K), 0.0007590 secs] 17500K->16084K(24660K), 0.0008250 secs] [Times: user=0.00 sys=0.00, real=0.00 secs] 
21.893: [GC 21.893: [DefNew: 1600K->178K(1728K), 0.0007740 secs] 17507K->16084K(24660K), 0.0008420 secs] [Times: user=0.00 sys=0.00, real=0.00 secs] 
21.896: [GC 21.896: [DefNew: 1608K->179K(1728K), 0.0007490 secs] 17515K->16085K(24660K), 0.0008150 secs] [Times: user=0.00 sys=0.00, real=0.00 secs] 
21.906: [GC 21.906: [DefNew: 1616K->179K(1728K), 0.0007440 secs] 17522K->16086K(24660K), 0.0008120 secs] [Times: user=0.00 sys=0.00, real=0.00 secs] 
21.909: [GC 21.909: [DefNew: 1623K->180K(1728K), 0.0009510 secs] 17530K->16087K(24660K), 0.0010220 secs] [Times: user=0.00 sys=0.00, real=0.00 secs] 
21.912: [GC 21.913: [DefNew: 1631K->181K(1728K), 0.0007900 secs] 17538K->16088K(24660K), 0.0008590 secs] [Times: user=0.01 sys=0.00, real=0.00 secs] 
21.916: [GC 21.916: [DefNew: 1638K->182K(1728K), 0.0007610 secs] 17545K->16089K(24660K), 0.0008280 secs] [Times: user=0.00 sys=0.00, real=0.00 secs] 
21.919: [GC 21.919: [DefNew: 1646K->183K(1728K), 0.0007590 secs] 17553K->16090K(24660K), 0.0008250 secs] [Times: user=0.00 sys=0.00, real=0.00 secs] 
21.922: [GC 21.922: [DefNew: 1654K->184K(1728K), 0.0007790 secs] 17560K->16090K(24660K), 0.0008460 secs] [Times: user=0.00 sys=0.00, real=0.00 secs] 
21.932: [GC 21.932: [DefNew: 1661K->184K(1728K), 0.0006730 secs] 17568K->16091K(24660K), 0.0007400 secs] [Times: user=0.00 sys=0.00, real=0.00 secs] 
21.935: [GC 21.935: [DefNew: 1669K->185K(1728K), 0.0007780 secs] 17575K->16092K(24660K), 0.0008450 secs] [Times: user=0.00 sys=0.00, real=0.00 secs] 
21.939: [GC 21.939: [DefNew: 1676K->186K(1728K), 0.0008680 secs] 17583K->16093K(24660K), 0.0009380 secs] [Times: user=0.00 sys=0.00, real=0.00 secs] 
21.942: [GC 21.942: [DefNew: 1684K->187K(1728K), 0.0007800 secs] 17591K->16094K(24660K), 0.0008480 secs] [Times: user=0.00 sys=0.00, real=0.00 secs] 
21.945: [GC 21.945: [DefNew: 1691K->188K(1728K), 0.0007810 secs] 17598K->16095K(24660K), 0.0008480 secs] [Times: user=0.00 sys=0.00, real=0.00 secs] 
21.948: [GC 21.948: [DefNew: 1699K->189K(1728K), 0.0008180 secs] 17606K->16095K(24660K), 0.0008870 secs] [Times: user=0.00 sys=0.00, real=0.00 secs] 
21.952: [GC 21.952: [DefNew: 1707K->189K(1728K), 0.0007440 secs] 17613K->16096K(24660K), 0.0008130 secs] [Times: user=0.00 sys=0.00, real=0.00 secs] 
21.962: [GC 21.962: [DefNew: 1714K->190K(1728K), 0.0007690 secs] 17621K->16097K(24660K), 0.0008390 secs] [Times: user=0.00 sys=0.00, real=0.00 secs] 
21.965: [GC 21.965: [DefNew: 1722K->191K(1728K), 0.0007600 secs] 17629K->16098K(24660K), 0.0008280 secs] [Times: user=0.00 sys=0.00, real=0.00 secs] 
21.968: [GC 21.968: [DefNew: 1633K->96K(1728K), 0.0006410 secs] 17540K->16003K(24660K), 0.0007030 secs] [Times: user=0.01 sys=0.00, real=0.00 secs] 
21.971: [GC 21.971: [DefNew: 1544K->96K(1728K), 0.0011500 secs] 17451K->16196K(24660K), 0.0012220 secs] [Times: user=0.00 sys=0.00, real=0.00 secs] 
21.975: [GC 21.975: [DefNew: 1453K->97K(1728K), 0.0008460 secs] 17553K->16293K(24660K), 0.0009160 secs] [Times: user=0.00 sys=0.00, real=0.00 secs] 
21.978: [GC 21.978: [DefNew: 1556K->97K(1728K), 0.0006050 secs] 17753K->16294K(24660K), 0.0006670 secs] [Times: user=0.00 sys=0.00, real=0.00 secs] 
21.981: [GC 21.981: [DefNew: 1562K->97K(1728K), 0.0011470 secs] 17759K->16489K(24660K), 0.0012190 secs] [Times: user=0.00 sys=0.01, real=0.00 secs] 
21.984: [GC 21.985: [DefNew: 1471K->98K(1728K), 0.0008760 secs] 17863K->16588K(24660K), 0.0009460 secs] [Times: user=0.01 sys=0.00, real=0.01 secs] 
21.988: [GC 21.988: [DefNew: 1575K->98K(1728K), 0.0006080 secs] 18065K->16589K(24660K), 0.0006680 secs] [Times: user=0.00 sys=0.00, real=0.00 secs] 
21.997: [GC 21.998: [DefNew: 1581K->98K(1728K), 0.0010520 secs] 18071K->16787K(24660K), 0.0011230 secs] [Times: user=0.00 sys=0.00, real=0.00 secs] 
22.001: [GC 22.001: [DefNew: 1488K->99K(1728K), 0.0008920 secs] 18176K->16886K(24660K), 0.0009620 secs] [Times: user=0.01 sys=0.00, real=0.00 secs] 
22.004: [GC 22.004: [DefNew: 1593K->99K(1728K), 0.0006200 secs] 18380K->16887K(24660K), 0.0006830 secs] [Times: user=0.00 sys=0.00, real=0.00 secs] 
22.007: [GC 22.007: [DefNew: 1599K->100K(1728K), 0.0011500 secs] 18387K->17087K(24660K), 0.0012190 secs] [Times: user=0.00 sys=0.00, real=0.00 secs] 
22.011: [GC 22.011: [DefNew: 1505K->100K(1728K), 0.0009520 secs] 18493K->17188K(24660K), 0.0010220 secs] [Times: user=0.00 sys=0.00, real=0.00 secs] 
22.014: [GC 22.014: [DefNew: 1612K->100K(1728K), 0.0006300 secs] 18700K->17188K(24660K), 0.0006920 secs] [Times: user=0.00 sys=0.00, real=0.00 secs] 
22.017: [GC 22.017: [DefNew: 1618K->101K(1728K), 0.0011950 secs] 18706K->17391K(24660K), 0.0012670 secs] [Times: user=0.00 sys=0.00, real=0.01 secs] 
22.020: [GC 22.020: [DefNew: 1523K->101K(1728K), 0.0009930 secs] 18813K->17493K(24660K), 0.0010630 secs] [Times: user=0.00 sys=0.00, real=0.00 secs] 
22.024: [GC 22.024: [DefNew: 1630K->102K(1728K), 0.0006390 secs] 19022K->17493K(24660K), 0.0007010 secs] [Times: user=0.00 sys=0.00, real=0.00 secs] 
22.033: [GC 22.033: [DefNew: 1637K->102K(1728K), 0.0010960 secs] 19028K->17698K(24660K), 0.0011660 secs] [Times: user=0.00 sys=0.00, real=0.00 secs] 
22.037: [GC 22.037: [DefNew: 1540K->102K(1728K), 0.0011390 secs] 19137K->17802K(24660K), 0.0012110 secs] [Times: user=0.00 sys=0.00, real=0.01 secs] 
22.040: [GC 22.040: [DefNew: 1546K->103K(1728K), 0.0012040 secs] 19245K->18008K(24660K), 0.0012730 secs] [Times: user=0.00 sys=0.00, real=0.00 secs] 
22.044: [GC 22.044: [DefNew: 1551K->103K(1728K), 0.0009800 secs] 19457K->18112K(24660K), 0.0010500 secs] [Times: user=0.00 sys=0.00, real=0.00 secs] 
22.047: [GC 22.047: [DefNew: 1557K->103K(1728K), 0.0012700 secs] 19566K->18320K(24660K), 0.0013410 secs] [Times: user=0.00 sys=0.00, real=0.00 secs] 
22.051: [GC 22.051: [DefNew: 1562K->104K(1728K), 0.0008870 secs] 19779K->18425K(24660K), 0.0009570 secs] [Times: user=0.00 sys=0.00, real=0.00 secs] 
22.061: [GC 22.061: [DefNew: 1568K->104K(1728K), 0.0013110 secs] 19889K->18634K(24660K), 0.0014050 secs] [Times: user=0.00 sys=0.00, real=0.00 secs] 
22.065: [GC 22.065: [DefNew: 1573K->105K(1728K), 0.0010630 secs] 20103K->18740K(24660K), 0.0011340 secs] [Times: user=0.00 sys=0.00, real=0.01 secs] 
22.068: [GC 22.068: [DefNew: 1579K->105K(1728K), 0.0012310 secs] 20214K->18950K(24660K), 0.0013020 secs] [Times: user=0.01 sys=0.00, real=0.00 secs] 
22.072: [GC 22.072: [DefNew: 1640K->112K(1728K), 0.0007060 secs] 20486K->18958K(24660K), 0.0007680 secs] [Times: user=0.00 sys=0.00, real=0.00 secs] 
22.075: [GC 22.075: [DefNew: 1648K->34K(1728K), 0.0007800 secs] 20494K->18985K(24660K), 0.0008420 secs] [Times: user=0.00 sys=0.00, real=0.00 secs] 
22.078: [GC 22.078: [DefNew: 1564K->14K(1728K), 0.0004700 secs] 20515K->18965K(24660K), 0.0005300 secs] [Times: user=0.00 sys=0.00, real=0.00 secs] 
22.081: [GC 22.081: [DefNew: 1538K->17K(1728K), 0.0005010 secs] 20490K->18968K(24660K), 0.0005610 secs] [Times: user=0.00 sys=0.00, real=0.00 secs] 
22.083: [GC 22.083: [DefNew: 1550K->19K(1728K), 0.0004790 secs] 20501K->18970K(24660K), 0.0005380 secs] [Times: user=0.00 sys=0.00, real=0.00 secs] 
22.086: [GC 22.086: [DefNew: 1546K->63K(1728K), 0.0005580 secs] 20497K->19014K(24660K), 0.0006180 secs] [Times: user=0.00 sys=0.00, real=0.00 secs] 
22.089: [GC 22.089: [DefNew: 1576K->69K(1728K), 0.0101920 secs] 20527K->19020K(24660K), 0.0102630 secs] [Times: user=0.01 sys=0.00, real=0.01 secs] 
22.101: [GC 22.101: [DefNew: 1604K->74K(1728K), 0.0005750 secs] 20555K->19025K(24660K), 0.0006360 secs] [Times: user=0.00 sys=0.00, real=0.00 secs] 
22.104: [GC 22.104: [DefNew: 1610K->78K(1728K), 0.0005590 secs] 20561K->19030K(24660K), 0.0006160 secs] [Times: user=0.00 sys=0.00, real=0.00 secs] 
22.107: [GC 22.107: [DefNew: 1598K->83K(1728K), 0.0005870 secs] 20549K->19034K(24660K), 0.0006510 secs] [Times: user=0.00 sys=0.00, real=0.00 secs] 
22.110: [GC 22.110: [DefNew: 1597K->29K(1728K), 0.0004810 secs] 20548K->18980K(24660K), 0.0005410 secs] [Times: user=0.00 sys=0.00, real=0.00 secs] 
22.113: [GC 22.113: [DefNew: 1556K->91K(1728K), 0.0006250 secs] 20507K->19042K(24660K), 0.0006890 secs] [Times: user=0.01 sys=0.00, real=0.00 secs] 
22.123: [GC 22.124: [DefNew: 1623K->31K(1728K), 0.0004960 secs] 20574K->18983K(24660K), 0.0005560 secs] [Times: user=0.00 sys=0.00, real=0.00 secs] 
22.126: [GC 22.126: [DefNew: 1560K->99K(1728K), 0.0006160 secs] 20511K->19050K(24660K), 0.0006790 secs] [Times: user=0.00 sys=0.00, real=0.00 secs] 
22.129: [GC 22.129: [DefNew: 1617K->34K(1728K), 0.0004850 secs] 20568K->18985K(24660K), 0.0005440 secs] [Times: user=0.00 sys=0.00, real=0.00 secs] 
22.132: [GC 22.132: [DefNew: 1535K->106K(1728K), 0.0006290 secs] 20486K->19057K(24660K), 0.0006910 secs] [Times: user=0.00 sys=0.00, real=0.00 secs] 
22.135: [GC 22.135: [DefNew: 1619K->73K(1728K), 0.0005650 secs] 20570K->19024K(24660K), 0.0006260 secs] [Times: user=0.00 sys=0.00, real=0.00 secs] 
22.138: [GC 22.138: [DefNew: 1557K->75K(1728K), 0.0005390 secs] 20508K->19026K(24660K), 0.0005960 secs] [Times: user=0.00 sys=0.00, real=0.00 secs] 
22.141: [GC 22.141: [DefNew: 1601K->77K(1728K), 0.0005920 secs] 20552K->19028K(24660K), 0.0006530 secs] [Times: user=0.00 sys=0.00, real=0.00 secs] 
22.144: [GC 22.144: [DefNew: 1606K->39K(1728K), 0.0004910 secs] 20557K->18990K(24660K), 0.0005490 secs] [Times: user=0.00 sys=0.00, real=0.00 secs] 
22.154: [GC 22.154: [DefNew: 1527K->81K(1728K), 0.0006610 secs] 20478K->19032K(24660K), 0.0007260 secs] [Times: user=0.00 sys=0.00, real=0.00 secs] 
22.156: [GC 22.156: [DefNew: 1563K->83K(1728K), 0.0005830 secs] 20514K->19034K(24660K), 0.0006740 secs] [Times: user=0.00 sys=0.01, real=0.01 secs] 
22.159: [GC 22.159: [DefNew: 1599K->85K(1728K), 0.0005790 secs] 20550K->19036K(24660K), 0.0006400 secs] [Times: user=0.00 sys=0.00, real=0.00 secs] 
22.162: [GC 22.162: [DefNew: 1592K->43K(1728K), 0.0005150 secs] 20543K->18994K(24660K), 0.0005750 secs] [Times: user=0.00 sys=0.00, real=0.00 secs] 
22.165: [GC 22.165: [DefNew: 1494K->88K(1728K), 0.0006170 secs] 20445K->19039K(24660K), 0.0006790 secs] [Times: user=0.00 sys=0.00, real=0.01 secs] 
22.168: [GC 22.168: [DefNew: 1613K->135K(1728K), 0.0006760 secs] 20564K->19086K(24660K), 0.0007400 secs] [Times: user=0.00 sys=0.00, real=0.00 secs] 
22.171: [GC 22.171: [DefNew: 1644K->46K(1728K), 0.0005130 secs] 20595K->18997K(24660K), 0.0006050 secs] [Times: user=0.00 sys=0.00, real=0.00 secs] 
22.174: [GC 22.174: [DefNew: 1537K->47K(1728K), 0.0005150 secs] 20488K->18998K(24660K), 0.0005740 secs] [Times: user=0.00 sys=0.00, real=0.00 secs] 
22.177: [GC 22.177: [DefNew: 1564K->47K(1728K), 0.0015630 secs] 20516K->18999K(24660K), 0.0016330 secs] [Times: user=0.01 sys=0.00, real=0.01 secs] 
22.181: [GC 22.181: [DefNew: 1544K->145K(1728K), 0.0007320 secs] 20495K->19096K(24660K), 0.0007980 secs] [Times: user=0.00 sys=0.00, real=0.00 secs] 
22.184: [GC 22.184: [DefNew: 1617K->98K(1728K), 0.0006030 secs] 20569K->19049K(24660K), 0.0006640 secs] [Times: user=0.00 sys=0.00, real=0.00 secs] 
22.194: [GC 22.194: [DefNew: 1594K->150K(1728K), 0.0007960 secs] 20545K->19101K(24660K), 0.0008650 secs] [Times: user=0.00 sys=0.00, real=0.00 secs] 
22.197: [GC 22.197: [DefNew: 1670K->102K(1728K), 0.0007930 secs] 20621K->19053K(24660K), 0.0008600 secs] [Times: user=0.00 sys=0.00, real=0.01 secs] 
22.200: [GC 22.200: [DefNew: 1541K->103K(1728K), 0.0006100 secs] 20493K->19054K(24660K), 0.0006720 secs] [Times: user=0.00 sys=0.00, real=0.00 secs] 
22.202: [GC 22.203: [DefNew: 1564K->104K(1728K), 0.0006150 secs] 20515K->19056K(24660K), 0.0006760 secs] [Times: user=0.00 sys=0.00, real=0.00 secs] 
22.206: [GC 22.206: [DefNew: 1586K->106K(1728K), 0.0005910 secs] 20537K->19057K(24660K), 0.0006540 secs] [Times: user=0.00 sys=0.00, real=0.00 secs] 
22.209: [GC 22.209: [DefNew: 1608K->107K(1728K), 0.0006510 secs] 20559K->19059K(24660K), 0.0007140 secs] [Times: user=0.00 sys=0.00, real=0.00 secs] 
22.212: [GC 22.212: [DefNew: 1630K->109K(1728K), 0.0006130 secs] 20581K->19060K(24660K), 0.0006750 secs] [Times: user=0.00 sys=0.00, real=0.00 secs] 
22.221: [GC 22.221: [DefNew: 1597K->55K(1728K), 0.0005340 secs] 20548K->19006K(24660K), 0.0005940 secs] [Times: user=0.00 sys=0.00, real=0.00 secs] 
22.224: [GC 22.224: [DefNew: 1562K->168K(1728K), 0.0007510 secs] 20513K->19119K(24660K), 0.0008190 secs] [Times: user=0.00 sys=0.00, real=0.00 secs] 
22.227: [GC 22.227: [DefNew: 1637K->113K(1728K), 0.0007280 secs] 20588K->19064K(24660K), 0.0007930 secs] [Times: user=0.00 sys=0.00, real=0.00 secs] 
22.230: [GC 22.230: [DefNew: 1600K->172K(1728K), 0.0007600 secs] 20551K->19123K(24660K), 0.0008270 secs] [Times: user=0.00 sys=0.00, real=0.00 secs] 
22.233: [GC 22.233: [DefNew: 1677K->116K(1728K), 0.0006330 secs] 20628K->19067K(24660K), 0.0006950 secs] [Times: user=0.00 sys=0.00, real=0.00 secs] 
22.236: [GC 22.236: [DefNew: 1639K->176K(1728K), 0.0008890 secs] 20590K->19127K(24660K), 0.0009580 secs] [Times: user=0.01 sys=0.00, real=0.01 secs] 
22.240: [GC 22.240: [DefNew: 1657K->59K(1728K), 0.0005400 secs] 20608K->19010K(24660K), 0.0006000 secs] [Times: user=0.00 sys=0.00, real=0.00 secs] 
22.243: [GC 22.243: [DefNew: 1557K->120K(1728K), 0.0006400 secs] 20508K->19071K(24660K), 0.0007050 secs] [Times: user=0.00 sys=0.00, real=0.00 secs] 
22.246: [GC 22.246: [DefNew: 1573K->121K(1728K), 0.0006380 secs] 20524K->19072K(24660K), 0.0007010 secs] [Times: user=0.00 sys=0.00, real=0.00 secs] 
22.249: [GC 22.249: [DefNew: 1590K->122K(1728K), 0.0006650 secs] 20541K->19074K(24660K), 0.0007290 secs] [Times: user=0.00 sys=0.00, real=0.00 secs] 
22.252: [GC 22.252: [DefNew: 1606K->124K(1728K), 0.0006500 secs] 20557K->19075K(24660K), 0.0007120 secs] [Times: user=0.00 sys=0.00, real=0.00 secs] 
22.255: [GC 22.255: [DefNew: 1623K->125K(1728K), 0.0006470 secs] 20574K->19076K(24660K), 0.0007090 secs] [Times: user=0.00 sys=0.00, real=0.00 secs] 
22.265: [GC 22.265: [DefNew: 1639K->126K(1728K), 0.0006680 secs] 20590K->19077K(24660K), 0.0007340 secs] [Times: user=0.00 sys=0.00, real=0.01 secs] 
22.268: [GC 22.268: [DefNew: 1656K->127K(1728K), 0.0006560 secs] 20607K->19079K(24660K), 0.0007200 secs] [Times: user=0.00 sys=0.00, real=0.00 secs] 
22.271: [GC 22.271: [DefNew: 1607K->64K(1728K), 0.0005400 secs] 20559K->19015K(24660K), 0.0006000 secs] [Times: user=0.00 sys=0.00, real=0.00 secs] 
22.274: [GC 22.274: [DefNew: 1558K->130K(1728K), 0.0008350 secs] 20509K->19146K(24660K), 0.0009050 secs] [Times: user=0.00 sys=0.00, real=0.00 secs] 
22.277: [GC 22.277: [DefNew: 1572K->131K(1728K), 0.0007110 secs] 20588K->19147K(24660K), 0.0007750 secs] [Times: user=0.00 sys=0.00, real=0.00 secs] 
22.280: [GC 22.280: [DefNew: 1652K->66K(1728K), 0.0005660 secs] 20668K->19082K(24660K), 0.0006260 secs] [Times: user=0.00 sys=0.00, real=0.00 secs] 
22.291: [GC 22.291: [DefNew: 1601K->133K(1728K), 0.0008490 secs] 20617K->19217K(24660K), 0.0009190 secs] [Times: user=0.00 sys=0.00, real=0.00 secs] 
22.294: [GC 22.294: [DefNew: 1615K->135K(1728K), 0.0007650 secs] 20698K->19218K(24660K), 0.0008310 secs] [Times: user=0.00 sys=0.00, real=0.00 secs] 
22.297: [GC 22.297: [DefNew: 1629K->136K(1728K), 0.0011150 secs] 20712K->19287K(24660K), 0.0012070 secs] [Times: user=0.00 sys=0.00, real=0.01 secs] 
22.300: [GC 22.300: [DefNew: 1643K->137K(1728K), 0.0007020 secs] 20794K->19288K(24660K), 0.0007660 secs] [Times: user=0.00 sys=0.00, real=0.00 secs] 
22.303: [GC 22.303: [DefNew: 1657K->138K(1728K), 0.0012720 secs] 20808K->19358K(24660K), 0.0013440 secs] [Times: user=0.00 sys=0.00, real=0.00 secs] 
22.308: [GC 22.308: [DefNew: 1671K->139K(1728K), 0.0077380 secs] 20891K->19360K(24660K), 0.0078130 secs] [Times: user=0.00 sys=0.00, real=0.00 secs] 
22.319: [GC 22.319: [DefNew: 1544K->140K(1728K), 0.0006740 secs] 20764K->19361K(24660K), 0.0007390 secs] [Times: user=0.00 sys=0.00, real=0.00 secs] 
22.322: [GC 22.322: [DefNew: 1555K->141K(1728K), 0.0006520 secs] 20776K->19362K(24660K), 0.0007140 secs] [Times: user=0.00 sys=0.00, real=0.00 secs] 
22.324: [GC 22.325: [DefNew: 1567K->142K(1728K), 0.0007520 secs] 20787K->19363K(24660K), 0.0008190 secs] [Times: user=0.00 sys=0.00, real=0.01 secs] 
22.328: [GC 22.328: [DefNew: 1579K->143K(1728K), 0.0006810 secs] 20799K->19364K(24660K), 0.0007470 secs] [Times: user=0.00 sys=0.00, real=0.00 secs] 
22.331: [GC 22.331: [DefNew: 1590K->145K(1728K), 0.0006890 secs] 20811K->19365K(24660K), 0.0007540 secs] [Times: user=0.00 sys=0.00, real=0.00 secs] 
22.334: [GC 22.334: [DefNew: 1602K->146K(1728K), 0.0006870 secs] 20822K->19366K(24660K), 0.0007530 secs] [Times: user=0.00 sys=0.00, real=0.00 secs] 
22.337: [GC 22.337: [DefNew: 1613K->147K(1728K), 0.0008290 secs] 20834K->19367K(24660K), 0.0008960 secs] [Times: user=0.00 sys=0.00, real=0.01 secs] 
22.347: [GC 22.347: [DefNew: 1625K->148K(1728K), 0.0006920 secs] 20845K->19368K(24660K), 0.0007590 secs] [Times: user=0.00 sys=0.00, real=0.00 secs] 
22.350: [GC 22.350: [DefNew: 1637K->149K(1728K), 0.0006800 secs] 20857K->19369K(24660K), 0.0007450 secs] [Times: user=0.00 sys=0.00, real=0.00 secs] 
22.353: [GC 22.353: [DefNew: 1648K->150K(1728K), 0.0007960 secs] 20869K->19370K(24660K), 0.0008630 secs] [Times: user=0.00 sys=0.00, real=0.00 secs] 
22.356: [GC 22.356: [DefNew: 1660K->151K(1728K), 0.0007080 secs] 20880K->19371K(24660K), 0.0007720 secs] [Times: user=0.00 sys=0.00, real=0.00 secs] 
22.359: [GC 22.359: [DefNew: 1671K->152K(1728K), 0.0007020 secs] 20892K->19372K(24660K), 0.0007660 secs] [Times: user=0.00 sys=0.00, real=0.00 secs] 
22.362: [GC 22.363: [DefNew: 1683K->153K(1728K), 0.0007050 secs] 20903K->19373K(24660K), 0.0007710 secs] [Times: user=0.00 sys=0.00, real=0.00 secs] 
22.366: [GC 22.366: [DefNew: 1617K->77K(1728K), 0.0005570 secs] 20838K->19297K(24660K), 0.0006160 secs] [Times: user=0.00 sys=0.00, real=0.00 secs] 
22.368: [GC 22.368: [DefNew: 1551K->155K(1728K), 0.0009780 secs] 20771K->19453K(24660K), 0.0010500 secs] [Times: user=0.01 sys=0.00, real=0.00 secs] 
22.372: [GC 22.372: [DefNew: 1560K->156K(1728K), 0.0007140 secs] 20858K->19454K(24660K), 0.0007790 secs] [Times: user=0.00 sys=0.00, real=0.00 secs] 
22.375: [GC 22.375: [DefNew: 1648K->78K(1728K), 0.0005790 secs] 20946K->19376K(24660K), 0.0006390 secs] [Times: user=0.00 sys=0.00, real=0.00 secs] 
22.384: [GC 22.385: [DefNew: 1580K->158K(1728K), 0.0009770 secs] 20878K->19535K(24660K), 0.0010480 secs] [Times: user=0.00 sys=0.00, real=0.01 secs] 
22.388: [GC 22.388: [DefNew: 1590K->159K(1728K), 0.0007160 secs] 20967K->19536K(24660K), 0.0007810 secs] [Times: user=0.00 sys=0.00, real=0.00 secs] 
22.391: [GC 22.391: [DefNew: 1679K->80K(1728K), 0.0005950 secs] 21057K->19457K(24660K), 0.0006960 secs] [Times: user=0.00 sys=0.00, real=0.00 secs] 
22.395: [GC 22.395: [DefNew: 1610K->161K(1728K), 0.0009660 secs] 20987K->19619K(24660K), 0.0010370 secs] [Times: user=0.00 sys=0.00, real=0.00 secs] 
22.398: [GC 22.398: [DefNew: 1619K->162K(1728K), 0.0007320 secs] 21077K->19620K(24660K), 0.0007980 secs] [Times: user=0.00 sys=0.00, real=0.00 secs] 
22.401: [GC 22.401: [DefNew: 1629K->163K(1728K), 0.0010160 secs] 21087K->19702K(24660K), 0.0010870 secs] [Times: user=0.00 sys=0.00, real=0.00 secs] 
22.404: [GC 22.404: [DefNew: 1638K->164K(1728K), 0.0076000 secs] 21178K->19703K(24660K), 0.0076780 secs] [Times: user=0.00 sys=0.00, real=0.01 secs] 
22.414: [GC 22.414: [DefNew: 1648K->165K(1728K), 0.0009820 secs] 21187K->19787K(24660K), 0.0010540 secs] [Times: user=0.00 sys=0.00, real=0.00 secs] 
22.418: [GC 22.418: [DefNew: 1657K->166K(1728K), 0.0007180 secs] 21279K->19788K(24660K), 0.0007810 secs] [Times: user=0.00 sys=0.00, real=0.00 secs] 
22.421: [GC 22.421: [DefNew: 1667K->166K(1728K), 0.0010060 secs] 21289K->19872K(24660K), 0.0010760 secs] [Times: user=0.01 sys=0.00, real=0.00 secs] 
22.424: [GC 22.424: [DefNew: 1676K->168K(1728K), 0.0007470 secs] 21382K->19873K(24660K), 0.0008130 secs] [Times: user=0.00 sys=0.00, real=0.00 secs] 
22.427: [GC 22.427: [DefNew: 1686K->168K(1728K), 0.0009910 secs] 21391K->19958K(24660K), 0.0010620 secs] [Times: user=0.00 sys=0.00, real=0.00 secs] 
22.431: [GC 22.431: [DefNew: 1695K->169K(1728K), 0.0007350 secs] 21485K->19959K(24660K), 0.0008020 secs] [Times: user=0.00 sys=0.00, real=0.00 secs] 
22.434: [GC 22.434: [DefNew: 1705K->170K(1728K), 0.0009920 secs] 21495K->20046K(24660K), 0.0010630 secs] [Times: user=0.00 sys=0.00, real=0.00 secs] 
22.438: [GC 22.438: [DefNew: 1628K->85K(1728K), 0.0006030 secs] 21504K->19961K(24660K), 0.0006660 secs] [Times: user=0.00 sys=0.00, real=0.00 secs] 
22.441: [GC 22.441: [DefNew: 1551K->172K(1728K), 0.0007770 secs] 21426K->20047K(24660K), 0.0008440 secs] [Times: user=0.00 sys=0.00, real=0.00 secs] 
22.444: [GC 22.444: [DefNew: 1559K->173K(1728K), 0.0008630 secs] 21434K->20048K(24660K), 0.0009320 secs] [Times: user=0.00 sys=0.00, real=0.00 secs] 
22.447: [GC 22.447: [DefNew: 1566K->174K(1728K), 0.0007630 secs] 21441K->20049K(24660K), 0.0008300 secs] [Times: user=0.00 sys=0.00, real=0.00 secs] 
22.457: [GC 22.457: [DefNew: 1574K->175K(1728K), 0.0007850 secs] 21449K->20050K(24660K), 0.0008540 secs] [Times: user=0.00 sys=0.00, real=0.01 secs] 
22.460: [GC 22.460: [DefNew: 1581K->176K(1728K), 0.0007630 secs] 21457K->20051K(24660K), 0.0009150 secs] [Times: user=0.00 sys=0.00, real=0.00 secs] 
22.463: [GC 22.463: [DefNew: 1589K->176K(1728K), 0.0007620 secs] 21464K->20052K(24660K), 0.0008310 secs] [Times: user=0.00 sys=0.00, real=0.00 secs] 
22.466: [GC 22.466: [DefNew: 1597K->177K(1728K), 0.0007640 secs] 21472K->20052K(24660K), 0.0008300 secs] [Times: user=0.00 sys=0.00, real=0.00 secs] 
22.469: [GC 22.469: [DefNew: 1604K->178K(1728K), 0.0008200 secs] 21479K->20053K(24660K), 0.0008860 secs] [Times: user=0.00 sys=0.00, real=0.00 secs] 
22.472: [GC 22.472: [DefNew: 1612K->179K(1728K), 0.0007960 secs] 21487K->20054K(24660K), 0.0008630 secs] [Times: user=0.01 sys=0.00, real=0.00 secs] 
22.475: [GC 22.476: [DefNew: 1619K->180K(1728K), 0.0007770 secs] 21495K->20055K(24660K), 0.0008440 secs] [Times: user=0.00 sys=0.00, real=0.00 secs] 
22.485: [GC 22.486: [DefNew: 1627K->181K(1728K), 0.0007590 secs] 21502K->20056K(24660K), 0.0008290 secs] [Times: user=0.00 sys=0.00, real=0.00 secs] 
22.489: [GC 22.489: [DefNew: 1635K->181K(1728K), 0.0008090 secs] 21510K->20057K(24660K), 0.0008780 secs] [Times: user=0.01 sys=0.00, real=0.00 secs] 
22.492: [GC 22.492: [DefNew: 1642K->182K(1728K), 0.0007770 secs] 21517K->20058K(24660K), 0.0008450 secs] [Times: user=0.00 sys=0.00, real=0.00 secs] 
22.495: [GC 22.495: [DefNew: 1650K->183K(1728K), 0.0007760 secs] 21525K->20058K(24660K), 0.0008430 secs] [Times: user=0.00 sys=0.00, real=0.00 secs] 
22.498: [GC 22.499: [DefNew: 1657K->184K(1728K), 0.0007720 secs] 21533K->20059K(24660K), 0.0008730 secs] [Times: user=0.00 sys=0.00, real=0.00 secs] 
22.502: [GC 22.502: [DefNew: 1665K->185K(1728K), 0.0007900 secs] 21540K->20060K(24660K), 0.0008570 secs] [Times: user=0.00 sys=0.00, real=0.00 secs] 
22.505: [GC 22.505: [DefNew: 1673K->186K(1728K), 0.0008170 secs] 21548K->20061K(24660K), 0.0008860 secs] [Times: user=0.00 sys=0.00, real=0.01 secs] 
22.515: [GC 22.515: [DefNew: 1680K->187K(1728K), 0.0007940 secs] 21555K->20062K(24660K), 0.0008630 secs] [Times: user=0.00 sys=0.00, real=0.00 secs] 
22.518: [GC 22.519: [DefNew: 1688K->187K(1728K), 0.0007950 secs] 21563K->20063K(24660K), 0.0008640 secs] [Times: user=0.00 sys=0.00, real=0.00 secs] 
22.522: [GC 22.522: [DefNew: 1695K->188K(1728K), 0.0007900 secs] 21571K->20063K(24660K), 0.0008570 secs] [Times: user=0.00 sys=0.00, real=0.00 secs] 
22.525: [GC 22.525: [DefNew: 1703K->189K(1728K), 0.0008270 secs] 21578K->20064K(24660K), 0.0008960 secs] [Times: user=0.00 sys=0.00, real=0.01 secs] 
22.528: [GC 22.528: [DefNew: 1710K->190K(1728K), 0.0008240 secs] 21586K->20065K(24660K), 0.0008950 secs] [Times: user=0.00 sys=0.00, real=0.00 secs] 
22.531: [GC 22.532: [DefNew: 1718K->191K(1728K), 0.0007960 secs] 21593K->20066K(24660K), 0.0008640 secs] [Times: user=0.00 sys=0.00, real=0.00 secs] 
22.541: [GC 22.542: [DefNew: 1726K->96K(1728K), 0.0008510 secs] 21601K->20067K(24660K), 0.0009210 secs] [Times: user=0.00 sys=0.00, real=0.00 secs] 
22.545: [GC 22.545: [DefNew: 1541K->96K(1728K), 0.0006540 secs] 21512K->20067K(24660K), 0.0007190 secs] [Times: user=0.00 sys=0.00, real=0.01 secs] 
22.548: [GC 22.548: [DefNew: 1547K->96K(1728K), 0.0012120 secs] 21518K->20261K(24660K), 0.0012840 secs] [Times: user=0.00 sys=0.01, real=0.00 secs] 
22.551: [GC 22.551: [DefNew: 1456K->97K(1728K), 0.0008610 secs] 21621K->20359K(24660K), 0.0009290 secs] [Times: user=0.00 sys=0.00, real=0.00 secs] 
22.554: [GC 22.555: [DefNew: 1559K->97K(1728K), 0.0006240 secs] 21821K->20359K(24660K), 0.0006870 secs] [Times: user=0.00 sys=0.00, real=0.00 secs] 
22.558: [GC 22.558: [DefNew: 1566K->97K(1728K), 0.0010990 secs] 21828K->20555K(24660K), 0.0011670 secs] [Times: user=0.00 sys=0.00, real=0.00 secs] 
22.561: [GC 22.561: [DefNew: 1474K->98K(1728K), 0.0008610 secs] 21931K->20654K(24660K), 0.0009300 secs] [Times: user=0.00 sys=0.00, real=0.00 secs] 
22.564: [GC 22.565: [DefNew: 1578K->98K(1728K), 0.0006530 secs] 22134K->20654K(24660K), 0.0007150 secs] [Times: user=0.01 sys=0.00, real=0.01 secs] 
22.567: [GC 22.567: [DefNew: 1584K->99K(1728K), 0.0011670 secs] 22140K->20853K(24660K), 0.0012370 secs] [Times: user=0.00 sys=0.00, real=0.00 secs] 
22.571: [GC 22.571: [DefNew: 1491K->99K(1728K), 0.0008630 secs] 22245K->20953K(24660K), 0.0009330 secs] [Times: user=0.00 sys=0.00, real=0.00 secs] 
22.574: [GC 22.574: [DefNew: 1596K->100K(1728K), 0.0006400 secs] 22450K->20953K(24660K), 0.0007010 secs] [Times: user=0.00 sys=0.00, real=0.00 secs] 
22.584: [GC 22.584: [DefNew: 1603K->100K(1728K), 0.0011130 secs] 22457K->21154K(24660K), 0.0011820 secs] [Times: user=0.00 sys=0.00, real=0.01 secs] 
22.588: [GC 22.588: [DefNew: 1509K->100K(1728K), 0.0008800 secs] 22563K->21255K(24660K), 0.0009500 secs] [Times: user=0.00 sys=0.00, real=0.00 secs] 
22.591: [GC 22.591: [DefNew: 1615K->101K(1728K), 0.0006430 secs] 22770K->21256K(24660K), 0.0007050 secs] [Times: user=0.00 sys=0.00, real=0.00 secs] 
22.595: [GC 22.595: [DefNew: 1621K->101K(1728K), 0.0011410 secs] 22776K->21459K(24660K), 0.0012100 secs] [Times: user=0.00 sys=0.00, real=0.00 secs] 
22.598: [GC 22.598: [DefNew: 1526K->101K(1728K), 0.0008940 secs] 22884K->21561K(24660K), 0.0009630 secs] [Times: user=0.00 sys=0.00, real=0.00 secs] 
22.601: [GC 22.602: [DefNew: 1634K->102K(1728K), 0.0006570 secs] 23093K->21561K(24660K), 0.0007180 secs] [Times: user=0.00 sys=0.00, real=0.00 secs] 
22.604: [GC 22.604: [DefNew: 1435K->102K(1728K), 0.0077230 secs] 22894K->21664K(24660K), 0.0077980 secs] [Times: user=0.00 sys=0.00, real=0.01 secs] 
22.614: [GC 22.614: [DefNew: 1542K->102K(1728K), 0.0011890 secs] 23105K->21870K(24660K), 0.0012600 secs] [Times: user=0.00 sys=0.00, real=0.00 secs] 
22.618: [GC 22.618: [DefNew: 1548K->103K(1728K), 0.0008880 secs] 23316K->21974K(24660K), 0.0009580 secs] [Times: user=0.00 sys=0.00, real=0.00 secs] 
22.621: [GC 22.622: [DefNew: 1554K->103K(1728K), 0.0011910 secs] 23425K->22182K(24660K), 0.0012630 secs] [Times: user=0.00 sys=0.00, real=0.00 secs] 
22.625: [GC 22.625: [DefNew: 1559K->104K(1728K), 0.0009480 secs] 23637K->22286K(24660K), 0.0010180 secs] [Times: user=0.00 sys=0.00, real=0.01 secs] 
22.628: [GC 22.628: [DefNew: 1565K->104K(1728K), 0.0012290 secs] 23747K->22495K(24660K), 0.0013010 secs] [Times: user=0.01 sys=0.00, real=0.00 secs] 
22.632: [GC 22.632: [DefNew: 1570K->104K(1728K), 0.0009070 secs] 23961K->22600K(24660K), 0.0009760 secs] [Times: user=0.00 sys=0.00, real=0.00 secs] 
22.642: [GC 22.642: [DefNew: 1576K->105K(1728K), 0.0011720 secs] 24072K->22811K(24660K), 0.0012430 secs] [Times: user=0.00 sys=0.00, real=0.00 secs] 
22.647: [GC 22.647: [DefNew: 1639K->111K(1728K), 0.0006540 secs] 24345K->22817K(24660K), 0.0007120 secs] [Times: user=0.00 sys=0.00, real=0.00 secs] 
22.650: [GC 22.650: [DefNew: 1643K->28K(1728K), 0.0007910 secs] 24350K->22839K(24660K), 0.0008540 secs] [Times: user=0.00 sys=0.00, real=0.00 secs] 
22.653: [GC 22.653: [DefNew: 1555K->38K(1728K), 0.0006530 secs] 24366K->22850K(24660K), 0.0007150 secs] [Times: user=0.00 sys=0.01, real=0.00 secs] 
22.656: [GC 22.656: [DefNew: 1566K->31K(1728K), 0.0005080 secs] 24378K->22843K(24660K), 0.0005680 secs] [Times: user=0.00 sys=0.00, real=0.00 secs] 
22.658: [GC 22.658: [DefNew: 1560K->54K(1728K), 0.0005540 secs] 24371K->22865K(24660K), 0.0006160 secs] [Times: user=0.00 sys=0.00, real=0.00 secs] 
22.661: [GC 22.661: [DefNew: 1552K->40K(1728K), 0.0005130 secs] 24364K->22851K(24660K), 0.0005740 secs] [Times: user=0.00 sys=0.00, real=0.00 secs] 
22.664: [GC 22.664: [DefNew: 1566K->44K(1728K), 0.0005390 secs] 24377K->22855K(24660K), 0.0005980 secs] [Times: user=0.00 sys=0.00, real=0.00 secs] 
22.667: [GC 22.667: [DefNew: 1563K->71K(1728K), 0.0005760 secs] 24374K->22882K(24660K), 0.0006370 secs] [Times: user=0.00 sys=0.00, real=0.00 secs] 
22.670: [GC 22.670: [DefNew: 1603K->50K(1728K), 0.0006370 secs] 24414K->22862K(24660K), 0.0006970 secs] [Times: user=0.00 sys=0.00, real=0.00 secs] 
22.672: [GC 22.672: [DefNew: 1573K->80K(1728K), 0.0005990 secs] 24385K->22892K(24660K), 0.0006590 secs] [Times: user=0.00 sys=0.00, real=0.00 secs] 
22.675: [GC 22.675: [DefNew: 1578K->56K(1728K), 0.0005300 secs] 24390K->22868K(24660K), 0.0005900 secs] [Times: user=0.00 sys=0.00, real=0.00 secs] 
22.685: [GC 22.685: [DefNew: 1572K->59K(1728K), 0.0005870 secs] 24383K->22871K(24660K), 0.0006500 secs] [Times: user=0.01 sys=0.00, real=0.01 secs] 
22.688: [GC 22.688: [DefNew: 1583K->93K(1728K), 0.0006150 secs] 24395K->22904K(24660K), 0.0006770 secs] [Times: user=0.00 sys=0.00, real=0.00 secs] 
22.691: [GC 22.691: [DefNew: 1618K->96K(1728K), 0.0006240 secs] 24430K->22908K(24660K), 0.0006880 secs] [Times: user=0.00 sys=0.00, real=0.00 secs] 
22.694: [GC 22.694: [DefNew: 1615K->67K(1728K), 0.0005610 secs] 24427K->22878K(24660K), 0.0006200 secs] [Times: user=0.00 sys=0.00, real=0.00 secs] 
22.697: [GC 22.697: [DefNew: 1572K->69K(1728K), 0.0006090 secs] 24383K->22881K(24660K), 0.0006700 secs] [Times: user=0.01 sys=0.00, real=0.01 secs] 
22.700: [GC 22.700: [DefNew: 1589K->35K(1728K), 0.0005130 secs] 24401K->22847K(24660K), 0.0005710 secs] [Times: user=0.00 sys=0.00, real=0.00 secs] 
22.703: [GC 22.703: [DefNew: 1531K->73K(1728K), 0.0006250 secs] 24342K->22885K(24660K), 0.0006890 secs] [Times: user=0.00 sys=0.00, real=0.00 secs] 
22.713: [GC 22.713: [DefNew: 1575K->76K(1728K), 0.0006110 secs] 24386K->22887K(24660K), 0.0006740 secs] [Times: user=0.00 sys=0.00, real=0.00 secs] 
22.716: [GC 22.716: [DefNew: 1580K->39K(1728K), 0.0005120 secs] 24392K->22850K(24660K), 0.0005710 secs] [Times: user=0.00 sys=0.00, real=0.00 secs] 
22.719: [GC 22.719: [DefNew: 1503K->80K(1728K), 0.0005880 secs] 24315K->22891K(24660K), 0.0006500 secs] [Times: user=0.00 sys=0.00, real=0.00 secs] 
22.722: [GC 22.722: [DefNew: 1539K->81K(1728K), 0.0006140 secs] 24351K->22893K(24660K), 0.0006760 secs] [Times: user=0.00 sys=0.00, real=0.00 secs] 
22.724: [GC 22.724: [DefNew: 1575K->83K(1728K), 0.0006240 secs] 24387K->22895K(24660K), 0.0006860 secs] [Times: user=0.00 sys=0.01, real=0.01 secs] 
22.727: [GC 22.727: [DefNew: 1611K->85K(1728K), 0.0005940 secs] 24423K->22897K(24660K), 0.0006540 secs] [Times: user=0.00 sys=0.00, real=0.00 secs] 
22.730: [GC 22.730: [DefNew: 1604K->43K(1728K), 0.0005350 secs] 24415K->22855K(24660K), 0.0005960 secs] [Times: user=0.00 sys=0.00, real=0.00 secs] 
22.733: [GC 22.733: [DefNew: 1505K->89K(1728K), 0.0076470 secs] 24316K->22900K(24660K), 0.0077190 secs] [Times: user=0.01 sys=0.00, real=0.01 secs] 
22.743: [GC 22.743: [DefNew: 1624K->136K(1728K), 0.0007950 secs] 24436K->22948K(24660K), 0.0008640 secs] [Times: user=0.00 sys=0.00, real=0.00 secs] 
22.746: [GC 22.746: [DefNew: 1656K->46K(1728K), 0.0005380 secs] 24467K->22858K(24660K), 0.0005980 secs] [Times: user=0.00 sys=0.00, real=0.00 secs] 
22.749: [GC 22.749: [DefNew: 1547K->47K(1728K), 0.0005650 secs] 24359K->22858K(24660K), 0.0006240 secs] [Times: user=0.01 sys=0.00, real=0.00 secs] 
22.752: [GC 22.752: [DefNew: 1575K->48K(1728K), 0.0005450 secs] 24386K->22859K(24660K), 0.0006040 secs] [Times: user=0.00 sys=0.00, real=0.00 secs] 
22.755: [GC 22.755: [DefNew: 1554K->146K(1728K), 0.0007030 secs] 24365K->22958K(24660K), 0.0007700 secs] [Times: user=0.00 sys=0.00, real=0.00 secs] 
22.758: [GC 22.758: [DefNew: 1628K->99K(1728K), 0.0006210 secs] 24439K->22911K(24660K), 0.0006830 secs] [Times: user=0.00 sys=0.00, real=0.00 secs] 
22.761: [GC 22.761: [DefNew: 1604K->151K(1728K), 0.0075080 secs] 24416K->22962K(24660K), 0.0075780 secs] [Times: user=0.00 sys=0.00, real=0.01 secs] 
22.771: [GC 22.771: [DefNew: 1680K->102K(1728K), 0.0006300 secs] 24492K->22914K(24660K), 0.0006930 secs] [Times: user=0.00 sys=0.00, real=0.00 secs] 
22.774: [GC 22.774: [DefNew: 1551K->104K(1728K), 0.0005990 secs] 24362K->22915K(24660K), 0.0006600 secs] [Times: user=0.00 sys=0.00, real=0.00 secs] 
22.777: [GC 22.777: [DefNew: 1573K->105K(1728K), 0.0006460 secs] 24385K->22917K(24660K), 0.0007120 secs] [Times: user=0.00 sys=0.00, real=0.01 secs] 
22.780: [GC 22.780: [DefNew: 1595K->107K(1728K), 0.0006420 secs] 24407K->22918K(24660K), 0.0007050 secs] [Times: user=0.00 sys=0.00, real=0.00 secs] 
22.783: [GC 22.783: [DefNew: 1617K->108K(1728K), 0.0012440 secs] 24429K->22920K(24660K), 0.0014880 secs] [Times: user=0.00 sys=0.00, real=0.00 secs] 
22.787: [GC 22.787: [DefNew: 1639K->110K(1728K), 0.0006240 secs] 24451K->22921K(24660K), 0.0006860 secs] [Times: user=0.00 sys=0.00, real=0.00 secs] 
22.789: [GC 22.790: [DefNew: 1606K->55K(1728K), 0.0006350 secs] 24417K->22867K(24660K), 0.0006970 secs] [Times: user=0.00 sys=0.00, real=0.00 secs] 
22.792: [GC 22.792: [DefNew: 1571K->169K(1728K), 0.0007960 secs] 24382K->22980K(24660K), 0.0008640 secs] [Times: user=0.01 sys=0.00, real=0.00 secs] 
22.795: [GC 22.796: [DefNew: 1646K->114K(1728K), 0.0006440 secs] 24458K->22925K(24660K), 0.0007070 secs] [Times: user=0.00 sys=0.00, real=0.00 secs] 
22.805: [GC 22.805: [DefNew: 1609K->173K(1728K), 0.0007630 secs] 24421K->22984K(24660K), 0.0008320 secs] [Times: user=0.00 sys=0.00, real=0.00 secs] 
22.808: [GC 22.808: [DefNew: 1686K->116K(1728K), 0.0006530 secs] 24498K->22928K(24660K), 0.0007160 secs] [Times: user=0.00 sys=0.00, real=0.00 secs] 
22.812: [GC 22.812: [DefNew: 1648K->177K(1728K), 0.0007770 secs] 24459K->22988K(24660K), 0.0008460 secs] [Times: user=0.00 sys=0.00, real=0.00 secs] 
22.815: [GC 22.815: [DefNew: 1666K->59K(1728K), 0.0005280 secs] 24478K->22871K(24660K), 0.0005880 secs] [Times: user=0.00 sys=0.00, real=0.00 secs] 
22.818: [GC 22.818: [DefNew: 1565K->120K(1728K), 0.0006620 secs] 24377K->22932K(24660K), 0.0007250 secs] [Times: user=0.00 sys=0.00, real=0.00 secs] 
22.821: [GC 22.821: [DefNew: 1582K->122K(1728K), 0.0006890 secs] 24393K->22933K(24660K), 0.0007540 secs] [Times: user=0.01 sys=0.00, real=0.00 secs] 
22.824: [GC 22.824: [DefNew: 1598K->123K(1728K), 0.0007320 secs] 24410K->22935K(24660K), 0.0007970 secs] [Times: user=0.00 sys=0.00, real=0.00 secs] 
22.834: [GC 22.834: [DefNew: 1614K->124K(1728K), 0.0006270 secs] 24426K->22936K(24660K), 0.0006900 secs] [Times: user=0.00 sys=0.00, real=0.00 secs] 
22.837: [GC 22.837: [DefNew: 1631K->126K(1728K), 0.0006740 secs] 24442K->22937K(24660K), 0.0007650 secs] [Times: user=0.00 sys=0.00, real=0.01 secs] 
22.840: [GC 22.840: [DefNew: 1647K->127K(1728K), 0.0008880 secs] 24459K->22938K(24660K), 0.0009570 secs] [Times: user=0.00 sys=0.00, real=0.00 secs] 
22.844: [GC 22.844: [DefNew: 1599K->64K(1728K), 0.0005170 secs] 24411K->22875K(24660K), 0.0005760 secs] [Times: user=0.00 sys=0.00, real=0.00 secs] 
22.847: [GC 22.847: [DefNew: 1550K->129K(1728K), 0.0008570 secs] 24362K->23006K(24660K), 0.0009260 secs] [Times: user=0.00 sys=0.00, real=0.00 secs] 
22.850: [GC 22.850: [DefNew: 1564K->130K(1728K), 0.0006870 secs] 24441K->23007K(24660K), 0.0007510 secs] [Times: user=0.00 sys=0.00, real=0.00 secs] 
22.853: [GC 22.853: [DefNew: 1644K->66K(1728K), 0.0006110 secs] 24521K->22942K(24660K), 0.0006730 secs] [Times: user=0.00 sys=0.00, real=0.00 secs] 
22.856: [GC 22.856: [DefNew: 1593K->133K(1728K), 0.0008960 secs]22.857: [Tenured: 22942K->13880K(23060K), 0.1865930 secs] 24470K->13880K(24788K), [Perm : 2077K->1947K(12288K)], 0.1876470 secs] [Times: user=0.13 sys=0.01, real=0.19 secs] 
23.047: [GC 23.047: [DefNew: 1493K->139K(1792K), 0.0012670 secs] 15373K->14086K(24852K), 0.0013410 secs] [Times: user=0.00 sys=0.00, real=0.00 secs] 
23.077: [GC 23.077: [DefNew: 1737K->192K(1792K), 0.0015550 secs] 15684K->14308K(24852K), 0.0016270 secs] [Times: user=0.00 sys=0.00, real=0.01 secs] 
23.081: [GC 23.081: [DefNew: 1689K->136K(1792K), 0.0010570 secs] 15806K->14309K(24852K), 0.0011280 secs] [Times: user=0.01 sys=0.00, real=0.00 secs] 
23.084: [GC 23.084: [DefNew: 1716K->69K(1792K), 0.0006540 secs] 15889K->14242K(24852K), 0.0007160 secs] [Times: user=0.00 sys=0.00, real=0.00 secs] 
23.087: [GC 23.087: [DefNew: 1662K->138K(1792K), 0.0008290 secs] 15835K->14381K(24852K), 0.0008990 secs] [Times: user=0.00 sys=0.00, real=0.00 secs] 
23.110: [GC 23.110: [DefNew: 1679K->82K(1792K), 0.0008680 secs] 15922K->14325K(24852K), 0.0009310 secs] [Times: user=0.00 sys=0.00, real=0.00 secs] 
23.113: [GC 23.113: [DefNew: 1561K->153K(1792K), 0.0008050 secs] 15803K->14396K(24852K), 0.0008730 secs] [Times: user=0.00 sys=0.00, real=0.00 secs] 
23.116: [GC 23.117: [DefNew: 1715K->142K(1792K), 0.0077110 secs] 15957K->14468K(24852K), 0.0077850 secs] [Times: user=0.00 sys=0.00, real=0.01 secs] 
23.127: [GC 23.127: [DefNew: 1716K->143K(1792K), 0.0007050 secs] 16042K->14469K(24852K), 0.0007700 secs] [Times: user=0.00 sys=0.00, real=0.00 secs] 
23.130: [GC 23.130: [DefNew: 1730K->144K(1792K), 0.0008600 secs] 16056K->14543K(24852K), 0.0009300 secs] [Times: user=0.00 sys=0.00, real=0.00 secs] 
23.166: [GC 23.166: [DefNew: 1682K->146K(1792K), 0.0008770 secs] 16080K->14617K(24852K), 0.0009490 secs] [Times: user=0.00 sys=0.00, real=0.00 secs] 
23.169: [GC 23.170: [DefNew: 1684K->73K(1792K), 0.0005830 secs] 16155K->14545K(24852K), 0.0006430 secs] [Times: user=0.00 sys=0.00, real=0.00 secs] 
23.172: [GC 23.172: [DefNew: 1623K->147K(1792K), 0.0007190 secs] 16095K->14620K(24852K), 0.0007860 secs] [Times: user=0.00 sys=0.00, real=0.00 secs] 
23.176: [GC 23.176: [DefNew: 1634K->149K(1792K), 0.0007440 secs] 16106K->14621K(24852K), 0.0008090 secs] [Times: user=0.00 sys=0.00, real=0.00 secs] 
23.179: [GC 23.179: [DefNew: 1646K->150K(1792K), 0.0006920 secs] 16118K->14622K(24852K), 0.0007570 secs] [Times: user=0.00 sys=0.00, real=0.00 secs] 
23.182: [GC 23.182: [DefNew: 1657K->151K(1792K), 0.0006750 secs] 16129K->14623K(24852K), 0.0007390 secs] [Times: user=0.00 sys=0.00, real=0.00 secs] 
23.185: [GC 23.185: [DefNew: 1669K->152K(1792K), 0.0008160 secs] 16141K->14624K(24852K), 0.0008830 secs] [Times: user=0.00 sys=0.00, real=0.01 secs] 
23.188: [GC 23.188: [DefNew: 1681K->153K(1792K), 0.0270210 secs] 16153K->14625K(24852K), 0.0270960 secs] [Times: user=0.00 sys=0.00, real=0.02 secs] 
23.228: [GC 23.228: [DefNew: 1692K->154K(1792K), 0.0007010 secs] 16164K->14626K(24852K), 0.0008020 secs] [Times: user=0.00 sys=0.00, real=0.00 secs] 
23.239: [GC 23.239: [DefNew: 1704K->155K(1792K), 0.0006080 secs] 16176K->14627K(24852K), 0.0006720 secs] [Times: user=0.00 sys=0.00, real=0.00 secs] 
23.250: [GC 23.250: [DefNew: 1715K->156K(1792K), 0.0006700 secs] 16188K->14628K(24852K), 0.0007340 secs] [Times: user=0.00 sys=0.00, real=0.00 secs] 
23.254: [GC 23.254: [DefNew: 1727K->157K(1792K), 0.0006040 secs] 16199K->14629K(24852K), 0.0006670 secs] [Times: user=0.00 sys=0.00, real=0.00 secs] 
23.266: [GC 23.267: [DefNew: 1739K->158K(1792K), 0.0006140 secs] 16211K->14630K(24852K), 0.0006790 secs] [Times: user=0.00 sys=0.00, real=0.00 secs] 
23.278: [GC 23.278: [DefNew: 1750K->159K(1792K), 0.0007410 secs] 16222K->14631K(24852K), 0.0008070 secs] [Times: user=0.00 sys=0.00, real=0.00 secs] 
23.281: [GC 23.282: [DefNew: 1682K->80K(1792K), 0.0005790 secs] 16154K->14552K(24852K), 0.0006400 secs] [Times: user=0.00 sys=0.00, real=0.00 secs] 
23.286: [GC 23.286: [DefNew: 1612K->161K(1792K), 0.0007300 secs] 16084K->14714K(24852K), 0.0007950 secs] [Times: user=0.00 sys=0.00, real=0.00 secs] 
23.300: [GC 23.300: [DefNew: 1621K->162K(1792K), 0.0006560 secs] 16174K->14715K(24852K), 0.0007190 secs] [Times: user=0.00 sys=0.00, real=0.00 secs] 
23.306: [GC 23.306: [DefNew: 1713K->81K(1792K), 0.0005600 secs] 16265K->14634K(24852K), 0.0006220 secs] [Times: user=0.00 sys=0.00, real=0.00 secs] 
23.334: [GC 23.334: [DefNew: 1641K->164K(1792K), 0.0009640 secs] 16194K->14799K(24852K), 0.0010360 secs] [Times: user=0.00 sys=0.00, real=0.00 secs] 
23.339: [GC 23.339: [DefNew: 1651K->165K(1792K), 0.0006520 secs] 16286K->14800K(24852K), 0.0007150 secs] [Times: user=0.00 sys=0.00, real=0.00 secs] 
23.346: [GC 23.346: [DefNew: 1744K->83K(1792K), 0.0004900 secs] 16379K->14718K(24852K), 0.0005480 secs] [Times: user=0.00 sys=0.00, real=0.00 secs] 
23.360: [GC 23.360: [DefNew: 1671K->167K(1792K), 0.0007790 secs] 16306K->14886K(24852K), 0.0008460 secs] [Times: user=0.00 sys=0.00, real=0.00 secs] 
23.375: [GC 23.376: [DefNew: 1680K->168K(1792K), 0.0008740 secs] 16399K->14887K(24852K), 0.0009470 secs] [Times: user=0.00 sys=0.00, real=0.00 secs] 
23.385: [GC 23.385: [DefNew: 1690K->169K(1792K), 0.0008150 secs] 16409K->14972K(24852K), 0.0008830 secs] [Times: user=0.00 sys=0.00, real=0.00 secs] 
23.389: [GC 23.389: [DefNew: 1699K->170K(1792K), 0.0009380 secs] 16503K->14973K(24852K), 0.0010070 secs] [Times: user=0.01 sys=0.00, real=0.00 secs] 
23.394: [GC 23.394: [DefNew: 1709K->171K(1792K), 0.0008480 secs] 16512K->15060K(24852K), 0.0009180 secs] [Times: user=0.00 sys=0.00, real=0.00 secs] 
23.410: [GC 23.410: [DefNew: 1718K->172K(1792K), 0.0006570 secs] 16607K->15061K(24852K), 0.0007210 secs] [Times: user=0.00 sys=0.00, real=0.00 secs] 
23.413: [GC 23.413: [DefNew: 1728K->173K(1792K), 0.0009230 secs] 16617K->15148K(24852K), 0.0009920 secs] [Times: user=0.00 sys=0.00, real=0.00 secs] 
23.421: [GC 23.421: [DefNew: 1737K->174K(1792K), 0.0006550 secs] 16713K->15149K(24852K), 0.0007200 secs] [Times: user=0.00 sys=0.00, real=0.00 secs] 
23.426: [GC 23.426: [DefNew: 1747K->174K(1792K), 0.0008090 secs] 16722K->15237K(24852K), 0.0008760 secs] [Times: user=0.00 sys=0.00, real=0.00 secs] 
23.435: [GC 23.435: [DefNew: 1756K->176K(1792K), 0.0007140 secs] 16819K->15238K(24852K), 0.0007780 secs] [Times: user=0.00 sys=0.00, real=0.00 secs] 
23.447: [GC 23.447: [DefNew: 1766K->176K(1792K), 0.0008070 secs] 16829K->15328K(24852K), 0.0008750 secs] [Times: user=0.00 sys=0.00, real=0.00 secs] 
23.451: [GC 23.451: [DefNew: 1775K->177K(1792K), 0.0007550 secs] 16927K->15329K(24852K), 0.0008210 secs] [Times: user=0.00 sys=0.00, real=0.00 secs] 
23.458: [GC 23.458: [DefNew: 1606K->178K(1792K), 0.0007630 secs] 16757K->15330K(24852K), 0.0008290 secs] [Times: user=0.00 sys=0.00, real=0.00 secs] 
23.471: [GC 23.471: [DefNew: 1614K->179K(1792K), 0.0006620 secs] 16765K->15330K(24852K), 0.0007270 secs] [Times: user=0.00 sys=0.00, real=0.00 secs] 
23.478: [GC 23.478: [DefNew: 1621K->180K(1792K), 0.0006720 secs] 16773K->15331K(24852K), 0.0007350 secs] [Times: user=0.00 sys=0.00, real=0.00 secs] 
23.485: [GC 23.485: [DefNew: 1629K->181K(1792K), 0.0007940 secs] 16780K->15332K(24852K), 0.0008620 secs] [Times: user=0.00 sys=0.00, real=0.01 secs] 
23.493: [GC 23.494: [DefNew: 1636K->182K(1792K), 0.0007170 secs] 16788K->15333K(24852K), 0.0007830 secs] [Times: user=0.00 sys=0.00, real=0.00 secs] 
23.517: [GC 23.517: [DefNew: 1644K->183K(1792K), 0.0007820 secs] 16795K->15334K(24852K), 0.0009320 secs] [Times: user=0.00 sys=0.00, real=0.00 secs] 
23.525: [GC 23.525: [DefNew: 1652K->183K(1792K), 0.0007770 secs] 16803K->15335K(24852K), 0.0008440 secs] [Times: user=0.00 sys=0.00, real=0.00 secs] 
23.528: [GC 23.528: [DefNew: 1659K->184K(1792K), 0.0008060 secs] 16810K->15335K(24852K), 0.0008750 secs] [Times: user=0.01 sys=0.00, real=0.00 secs] 
23.537: [GC 23.537: [DefNew: 1667K->185K(1792K), 0.0006860 secs] 16818K->15336K(24852K), 0.0007530 secs] [Times: user=0.00 sys=0.00, real=0.01 secs] 
23.540: [GC 23.540: [DefNew: 1674K->186K(1792K), 0.0007740 secs] 16826K->15337K(24852K), 0.0008710 secs] [Times: user=0.00 sys=0.00, real=0.00 secs] 
23.543: [GC 23.544: [DefNew: 1682K->187K(1792K), 0.0008390 secs] 16833K->15338K(24852K), 0.0009090 secs] [Times: user=0.00 sys=0.00, real=0.00 secs] 
23.547: [GC 23.547: [DefNew: 1690K->188K(1792K), 0.0007900 secs] 16841K->15339K(24852K), 0.0008610 secs] [Times: user=0.00 sys=0.00, real=0.00 secs] 
23.561: [GC 23.561: [DefNew: 1697K->188K(1792K), 0.0007950 secs] 16848K->15340K(24852K), 0.0008640 secs] [Times: user=0.00 sys=0.00, real=0.00 secs] 
23.574: [GC 23.574: [DefNew: 1705K->189K(1792K), 0.0008030 secs] 16856K->15341K(24852K), 0.0008710 secs] [Times: user=0.00 sys=0.00, real=0.00 secs] 
23.581: [GC 23.581: [DefNew: 1712K->190K(1792K), 0.0007770 secs] 16864K->15341K(24852K), 0.0008440 secs] [Times: user=0.00 sys=0.00, real=0.00 secs] 
23.588: [GC 23.588: [DefNew: 1720K->191K(1792K), 0.0008030 secs] 16871K->15342K(24852K), 0.0008710 secs] [Times: user=0.00 sys=0.00, real=0.00 secs] 
23.599: [GC 23.599: [DefNew: 1728K->96K(1792K), 0.0008150 secs] 16879K->15343K(24852K), 0.0008830 secs] [Times: user=0.00 sys=0.00, real=0.00 secs] 
23.610: [GC 23.610: [DefNew: 1639K->96K(1792K), 0.0007360 secs] 16886K->15440K(24852K), 0.0008040 secs] [Times: user=0.00 sys=0.00, real=0.00 secs] 
23.622: [GC 23.622: [DefNew: 1646K->97K(1792K), 0.0007160 secs] 16990K->15537K(24852K), 0.0007810 secs] [Times: user=0.00 sys=0.00, real=0.00 secs] 
23.629: [GC 23.629: [DefNew: 1653K->97K(1792K), 0.0007740 secs] 17094K->15635K(24852K), 0.0008460 secs] [Times: user=0.00 sys=0.00, real=0.00 secs] 
23.644: [GC 23.644: [DefNew: 1661K->97K(1792K), 0.0008340 secs] 17199K->15733K(24852K), 0.0009040 secs] [Times: user=0.00 sys=0.00, real=0.00 secs] 
23.650: [GC 23.651: [DefNew: 1668K->98K(1792K), 0.0006820 secs] 17304K->15832K(24852K), 0.0007470 secs] [Times: user=0.00 sys=0.00, real=0.00 secs] 
23.657: [GC 23.657: [DefNew: 1675K->98K(1792K), 0.0008070 secs] 17409K->15931K(24852K), 0.0009050 secs] [Times: user=0.00 sys=0.00, real=0.01 secs] 
23.667: [GC 23.667: [DefNew: 1682K->99K(1792K), 0.0006930 secs] 17515K->16031K(24852K), 0.0007580 secs] [Times: user=0.00 sys=0.00, real=0.00 secs] 
23.670: [GC 23.670: [DefNew: 1689K->99K(1792K), 0.0007780 secs] 17621K->16131K(24852K), 0.0008460 secs] [Times: user=0.00 sys=0.00, real=0.00 secs] 
23.675: [GC 23.676: [DefNew: 1696K->99K(1792K), 0.0007150 secs] 17728K->16231K(24852K), 0.0007830 secs] [Times: user=0.00 sys=0.00, real=0.00 secs] 
23.689: [GC 23.689: [DefNew: 1603K->100K(1792K), 0.0006630 secs] 17735K->16231K(24852K), 0.0007290 secs] [Times: user=0.00 sys=0.00, real=0.00 secs] 
23.695: [GC 23.695: [DefNew: 1610K->100K(1792K), 0.0008810 secs] 17741K->16433K(24852K), 0.0009480 secs] [Times: user=0.00 sys=0.00, real=0.00 secs] 
23.711: [GC 23.711: [DefNew: 1515K->101K(1792K), 0.0007380 secs] 17848K->16535K(24852K), 0.0008050 secs] [Times: user=0.00 sys=0.00, real=0.00 secs] 
23.717: [GC 23.717: [DefNew: 1622K->101K(1792K), 0.0005950 secs] 18056K->16535K(24852K), 0.0006580 secs] [Times: user=0.01 sys=0.00, real=0.01 secs] 
23.720: [GC 23.720: [DefNew: 1628K->101K(1792K), 0.0011870 secs] 18062K->16739K(24852K), 0.0012960 secs] [Times: user=0.00 sys=0.00, real=0.00 secs] 
23.724: [GC 23.724: [DefNew: 1532K->102K(1792K), 0.0008960 secs] 18170K->16842K(24852K), 0.0009660 secs] [Times: user=0.01 sys=0.00, real=0.01 secs] 
23.739: [GC 23.739: [DefNew: 1640K->102K(1792K), 0.0005600 secs] 18380K->16842K(24852K), 0.0006210 secs] [Times: user=0.00 sys=0.00, real=0.00 secs] 
23.742: [GC 23.742: [DefNew: 1647K->103K(1792K), 0.0010540 secs] 18387K->17048K(24852K), 0.0011250 secs] [Times: user=0.00 sys=0.00, real=0.00 secs] 
23.750: [GC 23.751: [DefNew: 1550K->103K(1792K), 0.0008270 secs] 18495K->17152K(24852K), 0.0008930 secs] [Times: user=0.00 sys=0.00, real=0.00 secs] 
23.760: [GC 23.760: [DefNew: 1659K->103K(1792K), 0.0005680 secs] 18708K->17153K(24852K), 0.0006290 secs] [Times: user=0.00 sys=0.00, real=0.00 secs] 
23.768: [GC 23.768: [DefNew: 1665K->104K(1792K), 0.0011620 secs] 18714K->17361K(24852K), 0.0012330 secs] [Times: user=0.01 sys=0.00, real=0.00 secs] 
23.782: [GC 23.782: [DefNew: 1567K->104K(1792K), 0.0007040 secs] 18824K->17466K(24852K), 0.0007690 secs] [Times: user=0.00 sys=0.00, real=0.00 secs] 
23.785: [GC 23.785: [DefNew: 1677K->105K(1792K), 0.0006350 secs] 19039K->17467K(24852K), 0.0006990 secs] [Times: user=0.00 sys=0.00, real=0.00 secs] 
23.790: [GC 23.790: [DefNew: 1684K->105K(1792K), 0.0009370 secs] 19046K->17677K(24852K), 0.0010060 secs] [Times: user=0.00 sys=0.00, real=0.00 secs] 
23.794: [GC 23.794: [DefNew: 1698K->113K(1792K), 0.0006920 secs] 19271K->17685K(24852K), 0.0007550 secs] [Times: user=0.00 sys=0.00, real=0.00 secs] 
23.797: [GC 23.798: [DefNew: 1710K->23K(1792K), 0.0006280 secs] 19283K->17701K(24852K), 0.0006920 secs] [Times: user=0.00 sys=0.00, real=0.00 secs] 
23.800: [GC 23.801: [DefNew: 1614K->15K(1792K), 0.0004660 secs] 19292K->17693K(24852K), 0.0005250 secs] [Times: user=0.00 sys=0.00, real=0.00 secs] 
23.803: [GC 23.803: [DefNew: 1587K->34K(1792K), 0.0005090 secs] 19265K->17713K(24852K), 0.0005690 secs] [Times: user=0.00 sys=0.00, real=0.00 secs] 
23.811: [GC 23.811: [DefNew: 1597K->39K(1792K), 0.0005080 secs] 19275K->17717K(24852K), 0.0005700 secs] [Times: user=0.00 sys=0.00, real=0.00 secs] 
23.814: [GC 23.814: [DefNew: 1613K->43K(1792K), 0.0005220 secs] 19291K->17721K(24852K), 0.0005830 secs] [Times: user=0.00 sys=0.00, real=0.00 secs] 
23.819: [GC 23.819: [DefNew: 1628K->70K(1792K), 0.0004960 secs] 19306K->17748K(24852K), 0.0005540 secs] [Times: user=0.00 sys=0.00, real=0.00 secs] 
23.825: [GC 23.825: [DefNew: 1658K->25K(1792K), 0.0004400 secs] 19336K->17703K(24852K), 0.0004980 secs] [Times: user=0.00 sys=0.00, real=0.00 secs] 
23.828: [GC 23.828: [DefNew: 1616K->53K(1792K), 0.0005380 secs] 19295K->17731K(24852K), 0.0005990 secs] [Times: user=0.00 sys=0.00, real=0.00 secs] 
23.835: [GC 23.836: [DefNew: 1599K->56K(1792K), 0.0004700 secs] 19277K->17734K(24852K), 0.0005290 secs] [Times: user=0.00 sys=0.00, real=0.00 secs] 
23.838: [GC 23.838: [DefNew: 1655K->29K(1792K), 0.0004950 secs] 19333K->17707K(24852K), 0.0005550 secs] [Times: user=0.00 sys=0.00, real=0.00 secs] 
23.841: [GC 23.841: [DefNew: 1614K->31K(1792K), 0.0006200 secs] 19293K->17709K(24852K), 0.0006810 secs] [Times: user=0.00 sys=0.00, real=0.00 secs] 
23.851: [GC 23.851: [DefNew: 1590K->64K(1792K), 0.0005630 secs] 19268K->17742K(24852K), 0.0006200 secs] [Times: user=0.00 sys=0.00, real=0.00 secs] 
23.853: [GC 23.854: [DefNew: 1653K->67K(1792K), 0.0005530 secs] 19331K->17745K(24852K), 0.0006130 secs] [Times: user=0.00 sys=0.00, real=0.00 secs] 
23.856: [GC 23.856: [DefNew: 1646K->104K(1792K), 0.0006130 secs] 19324K->17782K(24852K), 0.0006750 secs] [Times: user=0.00 sys=0.00, real=0.00 secs] 
23.861: [GC 23.861: [DefNew: 1703K->36K(1792K), 0.0004470 secs] 19381K->17714K(24852K), 0.0005040 secs] [Times: user=0.00 sys=0.00, real=0.00 secs] 
23.865: [GC 23.865: [DefNew: 1614K->111K(1792K), 0.0005920 secs] 19292K->17789K(24852K), 0.0006530 secs] [Times: user=0.00 sys=0.00, real=0.00 secs] 
23.874: [GC 23.874: [DefNew: 1700K->76K(1792K), 0.0004960 secs] 19378K->17754K(24852K), 0.0005840 secs] [Times: user=0.00 sys=0.00, real=0.00 secs] 
23.877: [GC 23.877: [DefNew: 1632K->78K(1792K), 0.0006900 secs] 19310K->17756K(24852K), 0.0007560 secs] [Times: user=0.00 sys=0.00, real=0.01 secs] 
23.885: [GC 23.886: [DefNew: 1677K->80K(1792K), 0.0005360 secs] 19355K->17759K(24852K), 0.0005980 secs] [Times: user=0.00 sys=0.00, real=0.00 secs] 
23.888: [GC 23.888: [DefNew: 1679K->41K(1792K), 0.0005050 secs] 19358K->17719K(24852K), 0.0005650 secs] [Times: user=0.00 sys=0.00, real=0.00 secs] 
23.891: [GC 23.891: [DefNew: 1595K->84K(1792K), 0.0006790 secs] 19273K->17763K(24852K), 0.0007430 secs] [Times: user=0.00 sys=0.00, real=0.00 secs] 
23.894: [GC 23.894: [DefNew: 1631K->86K(1792K), 0.0005810 secs] 19309K->17764K(24852K), 0.0006410 secs] [Times: user=0.00 sys=0.00, real=0.00 secs] 
23.901: [GC 23.901: [DefNew: 1667K->88K(1792K), 0.0006350 secs] 19346K->17766K(24852K), 0.0006960 secs] [Times: user=0.01 sys=0.00, real=0.00 secs] 
23.909: [GC 23.909: [DefNew: 1658K->45K(1792K), 0.0004530 secs] 19336K->17723K(24852K), 0.0005120 secs] [Times: user=0.00 sys=0.00, real=0.00 secs] 
23.912: [GC 23.912: [DefNew: 1555K->92K(1792K), 0.0005960 secs] 19233K->17770K(24852K), 0.0006570 secs] [Times: user=0.00 sys=0.00, real=0.00 secs] 
23.915: [GC 23.915: [DefNew: 1677K->140K(1792K), 0.0006830 secs] 19356K->17819K(24852K), 0.0007490 secs] [Times: user=0.00 sys=0.00, real=0.00 secs] 
23.918: [GC 23.918: [DefNew: 1709K->48K(1792K), 0.0005030 secs] 19387K->17726K(24852K), 0.0005610 secs] [Times: user=0.00 sys=0.00, real=0.00 secs] 
23.921: [GC 23.921: [DefNew: 1645K->97K(1792K), 0.0006210 secs] 19323K->17775K(24852K), 0.0006840 secs] [Times: user=0.00 sys=0.00, real=0.00 secs] 
23.924: [GC 23.924: [DefNew: 1673K->99K(1792K), 0.0006030 secs] 19351K->17777K(24852K), 0.0006630 secs] [Times: user=0.00 sys=0.00, real=0.00 secs] 
23.927: [GC 23.927: [DefNew: 1651K->50K(1792K), 0.0005090 secs] 19330K->17728K(24852K), 0.0005680 secs] [Times: user=0.00 sys=0.00, real=0.00 secs] 
23.930: [GC 23.930: [DefNew: 1628K->153K(1792K), 0.0007120 secs] 19306K->17831K(24852K), 0.0007780 secs] [Times: user=0.00 sys=0.00, real=0.00 secs] 
23.933: [GC 23.933: [DefNew: 1704K->104K(1792K), 0.0006540 secs] 19383K->17782K(24852K), 0.0007170 secs] [Times: user=0.00 sys=0.00, real=0.00 secs] 
23.943: [GC 23.943: [DefNew: 1679K->158K(1792K), 0.0007020 secs] 19357K->17836K(24852K), 0.0008360 secs] [Times: user=0.00 sys=0.00, real=0.00 secs] 
23.946: [GC 23.946: [DefNew: 1757K->107K(1792K), 0.0006180 secs] 19435K->17785K(24852K), 0.0006810 secs] [Times: user=0.00 sys=0.00, real=0.00 secs] 
23.949: [GC 23.949: [DefNew: 1620K->108K(1792K), 0.0006020 secs] 19299K->17786K(24852K), 0.0006640 secs] [Times: user=0.00 sys=0.00, real=0.00 secs] 
23.952: [GC 23.953: [DefNew: 1643K->110K(1792K), 0.0006390 secs] 19321K->17788K(24852K), 0.0007020 secs] [Times: user=0.01 sys=0.00, real=0.00 secs] 
23.956: [GC 23.956: [DefNew: 1665K->111K(1792K), 0.0006200 secs] 19343K->17789K(24852K), 0.0006820 secs] [Times: user=0.00 sys=0.00, real=0.00 secs] 
23.966: [GC 23.966: [DefNew: 1687K->113K(1792K), 0.0005580 secs] 19365K->17791K(24852K), 0.0006200 secs] [Times: user=0.00 sys=0.00, real=0.00 secs] 
23.969: [GC 23.969: [DefNew: 1709K->114K(1792K), 0.0006070 secs] 19387K->17792K(24852K), 0.0006700 secs] [Times: user=0.00 sys=0.00, real=0.00 secs] 
23.972: [GC 23.972: [DefNew: 1673K->58K(1792K), 0.0005470 secs] 19351K->17736K(24852K), 0.0006070 secs] [Times: user=0.00 sys=0.00, real=0.00 secs] 
23.975: [GC 23.975: [DefNew: 1636K->176K(1792K), 0.0007380 secs] 19314K->17854K(24852K), 0.0008060 secs] [Times: user=0.00 sys=0.00, real=0.00 secs] 
23.978: [GC 23.978: [DefNew: 1714K->118K(1792K), 0.0006400 secs] 19392K->17796K(24852K), 0.0007040 secs] [Times: user=0.00 sys=0.00, real=0.00 secs] 
23.981: [GC 23.981: [DefNew: 1674K->180K(1792K), 0.0007740 secs] 19352K->17858K(24852K), 0.0008400 secs] [Times: user=0.00 sys=0.00, real=0.00 secs] 
23.984: [GC 23.984: [DefNew: 1753K->121K(1792K), 0.0006430 secs] 19432K->17799K(24852K), 0.0007390 secs] [Times: user=0.00 sys=0.01, real=0.01 secs] 
23.995: [GC 23.995: [DefNew: 1713K->184K(1792K), 0.0008310 secs] 19391K->17862K(24852K), 0.0009010 secs] [Times: user=0.00 sys=0.00, real=0.00 secs] 
23.998: [GC 23.999: [DefNew: 1731K->62K(1792K), 0.0005530 secs] 19409K->17740K(24852K), 0.0006130 secs] [Times: user=0.00 sys=0.00, real=0.00 secs] 
24.002: [GC 24.002: [DefNew: 1625K->125K(1792K), 0.0006540 secs] 19304K->17803K(24852K), 0.0007180 secs] [Times: user=0.00 sys=0.00, real=0.00 secs] 
24.004: [GC 24.005: [DefNew: 1642K->126K(1792K), 0.0006770 secs] 19320K->17805K(24852K), 0.0007400 secs] [Times: user=0.01 sys=0.00, real=0.01 secs] 
24.007: [GC 24.007: [DefNew: 1658K->128K(1792K), 0.0007600 secs] 19336K->17806K(24852K), 0.0008250 secs] [Times: user=0.00 sys=0.00, real=0.00 secs] 
24.011: [GC 24.011: [DefNew: 1675K->129K(1792K), 0.0006150 secs] 19353K->17807K(24852K), 0.0006770 secs] [Times: user=0.00 sys=0.00, real=0.00 secs] 
24.014: [GC 24.014: [DefNew: 1691K->130K(1792K), 0.0006640 secs] 19369K->17808K(24852K), 0.0007260 secs] [Times: user=0.00 sys=0.00, real=0.00 secs] 
24.017: [GC 24.017: [DefNew: 1708K->131K(1792K), 0.0009440 secs] 19386K->17810K(24852K), 0.0010150 secs] [Times: user=0.00 sys=0.00, real=0.01 secs] 
24.020: [GC 24.020: [DefNew: 1724K->133K(1792K), 0.0006630 secs] 19402K->17811K(24852K), 0.0007270 secs] [Times: user=0.00 sys=0.00, real=0.00 secs] 
24.023: [GC 24.023: [DefNew: 1673K->67K(1792K), 0.0005690 secs] 19351K->17745K(24852K), 0.0006300 secs] [Times: user=0.00 sys=0.00, real=0.00 secs] 
24.033: [GC 24.033: [DefNew: 1621K->135K(1792K), 0.0008820 secs] 19299K->17881K(24852K), 0.0009530 secs] [Times: user=0.00 sys=0.00, real=0.00 secs] 
24.036: [GC 24.037: [DefNew: 1635K->136K(1792K), 0.0007090 secs] 19381K->17882K(24852K), 0.0007740 secs] [Times: user=0.00 sys=0.00, real=0.01 secs] 
24.040: [GC 24.040: [DefNew: 1718K->69K(1792K), 0.0005740 secs] 19464K->17814K(24852K), 0.0006350 secs] [Times: user=0.00 sys=0.00, real=0.00 secs] 
24.043: [GC 24.043: [DefNew: 1664K->139K(1792K), 0.0008350 secs] 19410K->17954K(24852K), 0.0009050 secs] [Times: user=0.00 sys=0.00, real=0.00 secs] 
24.046: [GC 24.046: [DefNew: 1678K->140K(1792K), 0.0006870 secs] 19494K->17955K(24852K), 0.0007510 secs] [Times: user=0.00 sys=0.00, real=0.00 secs] 
24.049: [GC 24.049: [DefNew: 1692K->141K(1792K), 0.0008790 secs] 19508K->18027K(24852K), 0.0009490 secs] [Times: user=0.00 sys=0.00, real=0.00 secs] 
24.052: [GC 24.052: [DefNew: 1706K->142K(1792K), 0.0007130 secs] 19592K->18028K(24852K), 0.0007800 secs] [Times: user=0.01 sys=0.00, real=0.00 secs] 
24.063: [GC 24.063: [DefNew: 1720K->143K(1792K), 0.0008570 secs] 19606K->18101K(24852K), 0.0009290 secs] [Times: user=0.00 sys=0.00, real=0.00 secs] 
24.066: [GC 24.066: [DefNew: 1734K->145K(1792K), 0.0006870 secs] 19692K->18103K(24852K), 0.0007520 secs] [Times: user=0.00 sys=0.00, real=0.00 secs] 
24.069: [GC 24.069: [DefNew: 1602K->146K(1792K), 0.0006900 secs] 19560K->18104K(24852K), 0.0007540 secs] [Times: user=0.00 sys=0.00, real=0.00 secs] 
24.072: [GC 24.072: [DefNew: 1613K->147K(1792K), 0.0007130 secs] 19571K->18105K(24852K), 0.0007780 secs] [Times: user=0.00 sys=0.00, real=0.00 secs] 
24.075: [GC 24.075: [DefNew: 1625K->148K(1792K), 0.0006870 secs] 19583K->18106K(24852K), 0.0007530 secs] [Times: user=0.00 sys=0.00, real=0.00 secs] 
24.078: [GC 24.078: [DefNew: 1637K->149K(1792K), 0.0006970 secs] 19595K->18107K(24852K), 0.0007620 secs] [Times: user=0.00 sys=0.00, real=0.00 secs] 
24.088: [GC 24.088: [DefNew: 1648K->150K(1792K), 0.0006180 secs] 19606K->18108K(24852K), 0.0006820 secs] [Times: user=0.00 sys=0.00, real=0.00 secs] 
24.091: [GC 24.091: [DefNew: 1660K->151K(1792K), 0.0007020 secs] 19618K->18109K(24852K), 0.0007690 secs] [Times: user=0.00 sys=0.00, real=0.00 secs] 
24.094: [GC 24.094: [DefNew: 1671K->152K(1792K), 0.0007050 secs] 19629K->18110K(24852K), 0.0007710 secs] [Times: user=0.00 sys=0.00, real=0.00 secs] 
24.097: [GC 24.097: [DefNew: 1683K->153K(1792K), 0.0006920 secs] 19641K->18111K(24852K), 0.0007570 secs] [Times: user=0.00 sys=0.00, real=0.00 secs] 
24.100: [GC 24.100: [DefNew: 1695K->154K(1792K), 0.0009530 secs] 19653K->18112K(24852K), 0.0010240 secs] [Times: user=0.00 sys=0.00, real=0.00 secs] 
24.104: [GC 24.104: [DefNew: 1706K->155K(1792K), 0.0007150 secs] 19664K->18113K(24852K), 0.0007810 secs] [Times: user=0.00 sys=0.00, real=0.00 secs] 
24.107: [GC 24.107: [DefNew: 1718K->156K(1792K), 0.0007110 secs] 19676K->18114K(24852K), 0.0007780 secs] [Times: user=0.00 sys=0.00, real=0.00 secs] 
24.110: [GC 24.111: [DefNew: 1729K->157K(1792K), 0.0006830 secs] 19687K->18115K(24852K), 0.0007460 secs] [Times: user=0.00 sys=0.00, real=0.00 secs] 
24.121: [GC 24.121: [DefNew: 1741K->158K(1792K), 0.0008310 secs] 19699K->18116K(24852K), 0.0008990 secs] [Times: user=0.00 sys=0.00, real=0.00 secs] 
24.124: [GC 24.124: [DefNew: 1753K->159K(1792K), 0.0008310 secs] 19711K->18117K(24852K), 0.0009480 secs] [Times: user=0.00 sys=0.00, real=0.01 secs] 
24.127: [GC 24.127: [DefNew: 1684K->80K(1792K), 0.0005910 secs] 19642K->18038K(24852K), 0.0006510 secs] [Times: user=0.00 sys=0.00, real=0.00 secs] 
24.131: [GC 24.131: [DefNew: 1614K->161K(1792K), 0.0009180 secs] 19572K->18200K(24852K), 0.0009890 secs] [Times: user=0.00 sys=0.00, real=0.00 secs] 
24.134: [GC 24.134: [DefNew: 1623K->162K(1792K), 0.0008290 secs] 19662K->18201K(24852K), 0.0008970 secs] [Times: user=0.00 sys=0.00, real=0.00 secs] 
24.137: [GC 24.137: [DefNew: 1715K->81K(1792K), 0.0006400 secs] 19754K->18120K(24852K), 0.0007020 secs] [Times: user=0.01 sys=0.00, real=0.01 secs] 
24.140: [GC 24.140: [DefNew: 1644K->164K(1792K), 0.0009470 secs] 19682K->18285K(24852K), 0.0010170 secs] [Times: user=0.00 sys=0.00, real=0.00 secs] 
24.143: [GC 24.143: [DefNew: 1653K->165K(1792K), 0.0007320 secs] 19774K->18286K(24852K), 0.0007970 secs] [Times: user=0.00 sys=0.00, real=0.00 secs] 
24.146: [GC 24.147: [DefNew: 1746K->83K(1792K), 0.0005900 secs] 19867K->18204K(24852K), 0.0006510 secs] [Times: user=0.00 sys=0.00, real=0.00 secs] 
24.149: [GC 24.149: [DefNew: 1673K->167K(1792K), 0.0009390 secs] 19794K->18372K(24852K), 0.0010110 secs] [Times: user=0.00 sys=0.00, real=0.00 secs] 
24.153: [GC 24.153: [DefNew: 1683K->168K(1792K), 0.0007630 secs] 19887K->18373K(24852K), 0.0008320 secs] [Times: user=0.00 sys=0.00, real=0.00 secs] 
24.156: [GC 24.156: [DefNew: 1692K->169K(1792K), 0.0009170 secs] 19897K->18459K(24852K), 0.0082420 secs] [Times: user=0.01 sys=0.00, real=0.01 secs] 
24.167: [GC 24.167: [DefNew: 1701K->170K(1792K), 0.0008470 secs] 19991K->18460K(24852K), 0.0009170 secs] [Times: user=0.00 sys=0.00, real=0.00 secs] 
24.170: [GC 24.170: [DefNew: 1711K->171K(1792K), 0.0009530 secs] 20001K->18546K(24852K), 0.0010240 secs] [Times: user=0.00 sys=0.00, real=0.00 secs] 
24.174: [GC 24.174: [DefNew: 1720K->172K(1792K), 0.0008390 secs] 20096K->18547K(24852K), 0.0009090 secs] [Times: user=0.00 sys=0.00, real=0.00 secs] 
24.177: [GC 24.177: [DefNew: 1730K->173K(1792K), 0.0009970 secs] 20105K->18635K(24852K), 0.0010670 secs] [Times: user=0.00 sys=0.00, real=0.01 secs] 
24.180: [GC 24.180: [DefNew: 1739K->174K(1792K), 0.0007610 secs] 20201K->18636K(24852K), 0.0008290 secs] [Times: user=0.00 sys=0.00, real=0.00 secs] 
24.183: [GC 24.183: [DefNew: 1749K->175K(1792K), 0.0010840 secs] 20211K->18724K(24852K), 0.0011520 secs] [Times: user=0.00 sys=0.00, real=0.00 secs] 
24.194: [GC 24.194: [DefNew: 1758K->176K(1792K), 0.0008170 secs] 20308K->18725K(24852K), 0.0008870 secs] [Times: user=0.00 sys=0.00, real=0.00 secs] 
24.197: [GC 24.198: [DefNew: 1768K->177K(1792K), 0.0009080 secs] 20317K->18815K(24852K), 0.0009770 secs] [Times: user=0.00 sys=0.00, real=0.00 secs] 
24.201: [GC 24.201: [DefNew: 1688K->89K(1792K), 0.0006220 secs] 20326K->18727K(24852K), 0.0007290 secs] [Times: user=0.00 sys=0.00, real=0.00 secs] 
24.204: [GC 24.204: [DefNew: 1608K->179K(1792K), 0.0007650 secs] 20246K->18817K(24852K), 0.0008320 secs] [Times: user=0.00 sys=0.00, real=0.00 secs] 
24.207: [GC 24.207: [DefNew: 1616K->179K(1792K), 0.0007740 secs] 20254K->18817K(24852K), 0.0008410 secs] [Times: user=0.00 sys=0.00, real=0.00 secs] 
24.210: [GC 24.210: [DefNew: 1623K->180K(1792K), 0.0008200 secs] 20261K->18818K(24852K), 0.0008900 secs] [Times: user=0.00 sys=0.00, real=0.00 secs] 
24.213: [GC 24.213: [DefNew: 1631K->181K(1792K), 0.0069730 secs] 20269K->18819K(24852K), 0.0070480 secs] [Times: user=0.00 sys=0.00, real=0.01 secs] 
24.223: [GC 24.223: [DefNew: 1638K->182K(1792K), 0.0007720 secs] 20276K->18820K(24852K), 0.0008410 secs] [Times: user=0.00 sys=0.00, real=0.00 secs] 
24.226: [GC 24.226: [DefNew: 1646K->183K(1792K), 0.0007680 secs] 20284K->18821K(24852K), 0.0008350 secs] [Times: user=0.00 sys=0.00, real=0.00 secs] 
24.229: [GC 24.229: [DefNew: 1654K->184K(1792K), 0.0008150 secs] 20292K->18822K(24852K), 0.0008840 secs] [Times: user=0.00 sys=0.00, real=0.00 secs] 
24.232: [GC 24.232: [DefNew: 1661K->184K(1792K), 0.0007840 secs] 20299K->18823K(24852K), 0.0008520 secs] [Times: user=0.00 sys=0.00, real=0.00 secs] 
24.235: [GC 24.235: [DefNew: 1669K->185K(1792K), 0.0007820 secs] 20307K->18823K(24852K), 0.0008490 secs] [Times: user=0.00 sys=0.00, real=0.00 secs] 
24.238: [GC 24.239: [DefNew: 1676K->186K(1792K), 0.0008620 secs] 20314K->18824K(24852K), 0.0009350 secs] [Times: user=0.00 sys=0.00, real=0.00 secs] 
24.242: [GC 24.242: [DefNew: 1684K->187K(1792K), 0.0007810 secs] 20322K->18825K(24852K), 0.0008490 secs] [Times: user=0.00 sys=0.00, real=0.00 secs] 
24.245: [GC 24.245: [DefNew: 1691K->188K(1792K), 0.0070830 secs] 20330K->18826K(24852K), 0.0071550 secs] [Times: user=0.00 sys=0.00, real=0.01 secs] 
24.254: [GC 24.254: [DefNew: 1699K->189K(1792K), 0.0007930 secs] 20337K->18827K(24852K), 0.0008610 secs] [Times: user=0.00 sys=0.00, real=0.00 secs] 
24.258: [GC 24.258: [DefNew: 1707K->189K(1792K), 0.0007010 secs] 20345K->18828K(24852K), 0.0007670 secs] [Times: user=0.00 sys=0.00, real=0.00 secs] 
24.261: [GC 24.262: [DefNew: 1714K->190K(1792K), 0.0007770 secs] 20352K->18828K(24852K), 0.0008430 secs] [Times: user=0.00 sys=0.00, real=0.00 secs] 
24.265: [GC 24.265: [DefNew: 1722K->191K(1792K), 0.0008310 secs] 20360K->18829K(24852K), 0.0009010 secs] [Times: user=0.00 sys=0.00, real=0.01 secs] 
24.268: [GC 24.268: [DefNew: 1729K->96K(1792K), 0.0008040 secs] 20368K->18830K(24852K), 0.0008710 secs] [Times: user=0.00 sys=0.00, real=0.00 secs] 
24.271: [GC 24.271: [DefNew: 1641K->96K(1792K), 0.0008020 secs] 20375K->18927K(24852K), 0.0008710 secs] [Times: user=0.00 sys=0.00, real=0.00 secs] 
24.275: [GC 24.275: [DefNew: 1648K->97K(1792K), 0.0007820 secs] 20479K->19025K(24852K), 0.0008510 secs] [Times: user=0.00 sys=0.00, real=0.00 secs] 
24.278: [GC 24.278: [DefNew: 1655K->97K(1792K), 0.0008070 secs] 20583K->19123K(24852K), 0.0008760 secs] [Times: user=0.00 sys=0.00, real=0.00 secs] 
24.281: [GC 24.281: [DefNew: 1662K->97K(1792K), 0.0008110 secs] 20688K->19221K(24852K), 0.0009050 secs] [Times: user=0.01 sys=0.00, real=0.00 secs] 
24.284: [GC 24.284: [DefNew: 1670K->98K(1792K), 0.0012790 secs] 20793K->19320K(24852K), 0.0013500 secs] [Times: user=0.00 sys=0.00, real=0.01 secs] 
24.295: [GC 24.295: [DefNew: 1677K->98K(1792K), 0.0008120 secs] 20899K->19419K(24852K), 0.0008820 secs] [Times: user=0.00 sys=0.00, real=0.00 secs] 
24.299: [GC 24.299: [DefNew: 1684K->99K(1792K), 0.0008220 secs] 21004K->19519K(24852K), 0.0008920 secs] [Times: user=0.00 sys=0.00, real=0.00 secs] 
24.303: [GC 24.303: [DefNew: 1691K->99K(1792K), 0.0008070 secs] 21111K->19619K(24852K), 0.0008780 secs] [Times: user=0.00 sys=0.00, real=0.00 secs] 
24.306: [GC 24.307: [DefNew: 1698K->100K(1792K), 0.0008570 secs] 21218K->19719K(24852K), 0.0010110 secs] [Times: user=0.00 sys=0.00, real=0.00 secs] 
24.310: [GC 24.310: [DefNew: 1605K->100K(1792K), 0.0008610 secs] 21224K->19719K(24852K), 0.0009280 secs] [Times: user=0.00 sys=0.00, real=0.00 secs] 
24.313: [GC 24.313: [DefNew: 1611K->100K(1792K), 0.0010580 secs] 21231K->19921K(24852K), 0.0011300 secs] [Times: user=0.00 sys=0.00, real=0.00 secs] 
24.316: [GC 24.317: [DefNew: 1516K->101K(1792K), 0.0081850 secs] 21337K->20023K(24852K), 0.0082580 secs] [Times: user=0.01 sys=0.00, real=0.01 secs] 
24.327: [GC 24.327: [DefNew: 1623K->101K(1792K), 0.0006500 secs] 21546K->20023K(24852K), 0.0007130 secs] [Times: user=0.00 sys=0.00, real=0.00 secs] 
24.330: [GC 24.330: [DefNew: 1630K->101K(1792K), 0.0010680 secs] 21552K->20227K(24852K), 0.0011390 secs] [Times: user=0.00 sys=0.00, real=0.00 secs] 
24.334: [GC 24.334: [DefNew: 1534K->102K(1792K), 0.0008190 secs] 21660K->20330K(24852K), 0.0008860 secs] [Times: user=0.00 sys=0.00, real=0.00 secs] 
24.337: [GC 24.337: [DefNew: 1642K->102K(1792K), 0.0006580 secs] 21870K->20331K(24852K), 0.0007200 secs] [Times: user=0.00 sys=0.00, real=0.00 secs] 
24.340: [GC 24.340: [DefNew: 1648K->103K(1792K), 0.0012180 secs] 21877K->20537K(24852K), 0.0012890 secs] [Times: user=0.01 sys=0.00, real=0.00 secs] 
24.344: [GC 24.344: [DefNew: 1551K->103K(1792K), 0.0009100 secs] 21986K->20641K(24852K), 0.0009860 secs] [Times: user=0.00 sys=0.00, real=0.00 secs] 
24.354: [GC 24.354: [DefNew: 1661K->104K(1792K), 0.0006490 secs] 22199K->20642K(24852K), 0.0007140 secs] [Times: user=0.00 sys=0.00, real=0.00 secs] 
24.358: [GC 24.358: [DefNew: 1667K->104K(1792K), 0.0010200 secs] 22205K->20850K(24852K), 0.0010880 secs] [Times: user=0.00 sys=0.00, real=0.00 secs] 
24.361: [GC 24.361: [DefNew: 1569K->104K(1792K), 0.0008970 secs] 22315K->20955K(24852K), 0.0009650 secs] [Times: user=0.00 sys=0.00, real=0.00 secs] 
24.364: [GC 24.364: [DefNew: 1679K->105K(1792K), 0.0006610 secs] 22530K->20956K(24852K), 0.0007240 secs] [Times: user=0.00 sys=0.00, real=0.00 secs] 
24.367: [GC 24.367: [DefNew: 1686K->105K(1792K), 0.0010900 secs] 22537K->21167K(24852K), 0.0011600 secs] [Times: user=0.00 sys=0.00, real=0.00 secs] 
24.371: [GC 24.371: [DefNew: 1703K->114K(1792K), 0.0007170 secs] 22765K->21176K(24852K), 0.0007780 secs] [Times: user=0.00 sys=0.00, real=0.00 secs] 
24.380: [GC 24.380: [DefNew: 1711K->12K(1792K), 0.0007250 secs] 22773K->21180K(24852K), 0.0007860 secs] [Times: user=0.00 sys=0.00, real=0.00 secs] 
24.383: [GC 24.383: [DefNew: 1603K->15K(1792K), 0.0004880 secs] 22770K->21183K(24852K), 0.0005470 secs] [Times: user=0.00 sys=0.00, real=0.00 secs] 
24.386: [GC 24.386: [DefNew: 1586K->36K(1792K), 0.0004810 secs] 22754K->21203K(24852K), 0.0005380 secs] [Times: user=0.00 sys=0.00, real=0.00 secs] 
24.389: [GC 24.389: [DefNew: 1631K->20K(1792K), 0.0004860 secs] 22798K->21187K(24852K), 0.0005440 secs] [Times: user=0.01 sys=0.00, real=0.00 secs] 
24.392: [GC 24.392: [DefNew: 1618K->66K(1792K), 0.0005470 secs] 22785K->21234K(24852K), 0.0006080 secs] [Times: user=0.00 sys=0.00, real=0.00 secs] 
24.394: [GC 24.395: [DefNew: 1644K->71K(1792K), 0.0005740 secs] 22811K->21239K(24852K), 0.0006340 secs] [Times: user=0.00 sys=0.00, real=0.00 secs] 
24.397: [GC 24.398: [DefNew: 1668K->77K(1792K), 0.0005590 secs] 22835K->21244K(24852K), 0.0006180 secs] [Times: user=0.00 sys=0.00, real=0.00 secs] 
24.400: [GC 24.400: [DefNew: 1671K->81K(1792K), 0.0006900 secs] 22839K->21249K(24852K), 0.0007540 secs] [Times: user=0.00 sys=0.00, real=0.00 secs] 
24.403: [GC 24.403: [DefNew: 1654K->86K(1792K), 0.0005960 secs] 22821K->21253K(24852K), 0.0006570 secs] [Times: user=0.00 sys=0.00, real=0.00 secs] 
24.406: [GC 24.406: [DefNew: 1680K->60K(1792K), 0.0005560 secs] 22848K->21227K(24852K), 0.0006150 secs] [Times: user=0.00 sys=0.00, real=0.00 secs] 
24.409: [GC 24.409: [DefNew: 1637K->31K(1792K), 0.0004870 secs] 22804K->21199K(24852K), 0.0005460 secs] [Times: user=0.00 sys=0.00, real=0.00 secs] 
24.412: [GC 24.412: [DefNew: 1611K->65K(1792K), 0.0005740 secs] 22778K->21233K(24852K), 0.0006360 secs] [Times: user=0.00 sys=0.00, real=0.00 secs] 
24.421: [GC 24.421: [DefNew: 1640K->34K(1792K), 0.0005340 secs] 22807K->21201K(24852K), 0.0005950 secs] [Times: user=0.00 sys=0.00, real=0.00 secs] 
24.424: [GC 24.424: [DefNew: 1596K->70K(1792K), 0.0006560 secs] 22764K->21238K(24852K), 0.0007190 secs] [Times: user=0.00 sys=0.00, real=0.00 secs] 
24.427: [GC 24.427: [DefNew: 1649K->72K(1792K), 0.0005660 secs] 22817K->21240K(24852K), 0.0006280 secs] [Times: user=0.00 sys=0.00, real=0.00 secs] 
24.429: [GC 24.430: [DefNew: 1665K->37K(1792K), 0.0005210 secs] 22833K->21205K(24852K), 0.0005810 secs] [Times: user=0.00 sys=0.00, real=0.00 secs] 
24.432: [GC 24.432: [DefNew: 1601K->77K(1792K), 0.0005770 secs] 22769K->21244K(24852K), 0.0006780 secs] [Times: user=0.00 sys=0.00, real=0.00 secs] 
24.435: [GC 24.435: [DefNew: 1646K->79K(1792K), 0.0005740 secs] 22813K->21246K(24852K), 0.0006360 secs] [Times: user=0.00 sys=0.00, real=0.00 secs] 
24.438: [GC 24.438: [DefNew: 1649K->40K(1792K), 0.0005280 secs] 22817K->21208K(24852K), 0.0005870 secs] [Times: user=0.00 sys=0.00, real=0.00 secs] 
24.441: [GC 24.441: [DefNew: 1567K->83K(1792K), 0.0006110 secs] 22735K->21250K(24852K), 0.0006720 secs] [Times: user=0.00 sys=0.00, real=0.00 secs] 
24.450: [GC 24.450: [DefNew: 1603K->85K(1792K), 0.0006810 secs] 22771K->21252K(24852K), 0.0007450 secs] [Times: user=0.00 sys=0.00, real=0.00 secs] 
24.453: [GC 24.453: [DefNew: 1639K->87K(1792K), 0.0006300 secs] 22807K->21254K(24852K), 0.0006940 secs] [Times: user=0.00 sys=0.00, real=0.00 secs] 
24.456: [GC 24.456: [DefNew: 1675K->89K(1792K), 0.0006010 secs] 22843K->21256K(24852K), 0.0006620 secs] [Times: user=0.00 sys=0.00, real=0.00 secs] 
24.459: [GC 24.459: [DefNew: 1666K->45K(1792K), 0.0005290 secs] 22834K->21213K(24852K), 0.0005900 secs] [Times: user=0.00 sys=0.00, real=0.00 secs] 
24.462: [GC 24.462: [DefNew: 1562K->92K(1792K), 0.0006010 secs] 22730K->21260K(24852K), 0.0006640 secs] [Times: user=0.00 sys=0.00, real=0.00 secs] 
24.465: [GC 24.465: [DefNew: 1685K->141K(1792K), 0.0007020 secs] 22853K->21309K(24852K), 0.0007660 secs] [Times: user=0.00 sys=0.00, real=0.01 secs] 
24.468: [GC 24.468: [DefNew: 1716K->48K(1792K), 0.0005370 secs] 22884K->21215K(24852K), 0.0005970 secs] [Times: user=0.00 sys=0.00, real=0.00 secs] 
24.477: [GC 24.477: [DefNew: 1603K->49K(1792K), 0.0005680 secs] 22770K->21216K(24852K), 0.0006300 secs] [Times: user=0.00 sys=0.00, real=0.01 secs] 
24.479: [GC 24.479: [DefNew: 1631K->49K(1792K), 0.0005410 secs] 22798K->21217K(24852K), 0.0006010 secs] [Times: user=0.00 sys=0.00, real=0.00 secs] 
24.482: [GC 24.482: [DefNew: 1608K->151K(1792K), 0.0007190 secs] 22775K->21319K(24852K), 0.0007850 secs] [Times: user=0.00 sys=0.00, real=0.00 secs] 
24.486: [GC 24.486: [DefNew: 1684K->102K(1792K), 0.0006170 secs] 22851K->21270K(24852K), 0.0006800 secs] [Times: user=0.00 sys=0.00, real=0.00 secs] 
24.488: [GC 24.489: [DefNew: 1658K->156K(1792K), 0.0007750 secs] 22826K->21323K(24852K), 0.0008420 secs] [Times: user=0.00 sys=0.00, real=0.00 secs] 
24.492: [GC 24.492: [DefNew: 1736K->106K(1792K), 0.0006290 secs] 22903K->21273K(24852K), 0.0006910 secs] [Times: user=0.00 sys=0.00, real=0.00 secs] 
24.495: [GC 24.495: [DefNew: 1602K->107K(1792K), 0.0006270 secs] 22769K->21274K(24852K), 0.0006900 secs] [Times: user=0.00 sys=0.00, real=0.00 secs] 
24.498: [GC 24.498: [DefNew: 1624K->108K(1792K), 0.0006170 secs] 22791K->21276K(24852K), 0.0006790 secs] [Times: user=0.00 sys=0.00, real=0.00 secs] 
24.501: [GC 24.501: [DefNew: 1646K->110K(1792K), 0.0007080 secs] 22813K->21277K(24852K), 0.0007730 secs] [Times: user=0.00 sys=0.00, real=0.00 secs] 
24.504: [GC 24.504: [DefNew: 1668K->111K(1792K), 0.0006430 secs] 22835K->21279K(24852K), 0.0007070 secs] [Times: user=0.00 sys=0.00, real=0.00 secs] 
24.507: [GC 24.507: [DefNew: 1690K->113K(1792K), 0.0007440 secs] 22858K->21280K(24852K), 0.0008080 secs] [Times: user=0.00 sys=0.00, real=0.00 secs] 
24.517: [GC 24.517: [DefNew: 1712K->114K(1792K), 0.0006540 secs] 22880K->21282K(24852K), 0.0007230 secs] [Times: user=0.00 sys=0.00, real=0.01 secs] 
24.520: [GC 24.520: [DefNew: 1676K->58K(1792K), 0.0005670 secs] 22844K->21225K(24852K), 0.0006250 secs] [Times: user=0.00 sys=0.00, real=0.00 secs] 
24.523: [GC 24.523: [DefNew: 1639K->176K(1792K), 0.0007660 secs] 22806K->21343K(24852K), 0.0008360 secs] [Times: user=0.00 sys=0.00, real=0.00 secs] 
24.526: [GC 24.526: [DefNew: 1717K->119K(1792K), 0.0006590 secs] 22884K->21286K(24852K), 0.0007220 secs] [Times: user=0.00 sys=0.00, real=0.00 secs] 
24.529: [GC 24.529: [DefNew: 1677K->180K(1792K), 0.0008240 secs] 22845K->21348K(24852K), 0.0008930 secs] [Times: user=0.00 sys=0.00, real=0.00 secs] 
24.532: [GC 24.532: [DefNew: 1757K->121K(1792K), 0.0006660 secs] 22924K->21289K(24852K), 0.0007300 secs] [Times: user=0.00 sys=0.00, real=0.00 secs] 
24.535: [GC 24.536: [DefNew: 1716K->184K(1792K), 0.0007420 secs] 22883K->21352K(24852K), 0.0008110 secs] [Times: user=0.00 sys=0.00, real=0.00 secs] 
24.545: [GC 24.545: [DefNew: 1734K->62K(1792K), 0.0005580 secs] 22901K->21229K(24852K), 0.0006190 secs] [Times: user=0.01 sys=0.00, real=0.01 secs] 
24.548: [GC 24.548: [DefNew: 1628K->125K(1792K), 0.0006720 secs] 22796K->21293K(24852K), 0.0007350 secs] [Times: user=0.00 sys=0.00, real=0.00 secs] 
24.551: [GC 24.551: [DefNew: 1645K->127K(1792K), 0.0006660 secs] 22812K->21294K(24852K), 0.0007300 secs] [Times: user=0.00 sys=0.00, real=0.00 secs] 
24.554: [GC 24.554: [DefNew: 1661K->128K(1792K), 0.0007200 secs] 22829K->21295K(24852K), 0.0007870 secs] [Times: user=0.00 sys=0.00, real=0.00 secs] 
24.557: [GC 24.557: [DefNew: 1677K->129K(1792K), 0.0006620 secs] 22845K->21297K(24852K), 0.0007250 secs] [Times: user=0.00 sys=0.00, real=0.00 secs] 
24.560: [GC 24.560: [DefNew: 1694K->130K(1792K), 0.0006750 secs] 22861K->21298K(24852K), 0.0007610 secs] [Times: user=0.00 sys=0.01, real=0.00 secs] 
24.563: [GC 24.563: [DefNew: 1710K->132K(1792K), 0.0006820 secs] 22878K->21299K(24852K), 0.0007470 secs] [Times: user=0.00 sys=0.00, real=0.00 secs] 
24.573: [GC 24.573: [DefNew: 1727K->133K(1792K), 0.0007010 secs] 22894K->21300K(24852K), 0.0007660 secs] [Times: user=0.00 sys=0.00, real=0.00 secs] 
24.576: [GC 24.576: [DefNew: 1676K->67K(1792K), 0.0005880 secs] 22843K->21234K(24852K), 0.0006490 secs] [Times: user=0.00 sys=0.00, real=0.00 secs] 
24.579: [GC 24.579: [DefNew: 1624K->135K(1792K), 0.0008260 secs] 22791K->21371K(24852K), 0.0008940 secs] [Times: user=0.00 sys=0.00, real=0.00 secs] 
24.582: [GC 24.582: [DefNew: 1638K->137K(1792K), 0.0006810 secs] 22873K->21372K(24852K), 0.0007440 secs] [Times: user=0.00 sys=0.00, real=0.00 secs] 
24.585: [GC 24.586: [DefNew: 1721K->69K(1792K), 0.0005670 secs] 22956K->21304K(24852K), 0.0006290 secs] [Times: user=0.00 sys=0.00, real=0.00 secs] 
24.588: [GC 24.588: [DefNew: 1667K->139K(1792K), 0.0010820 secs] 22902K->21444K(24852K), 0.0011540 secs] [Times: user=0.01 sys=0.00, real=0.00 secs] 
24.592: [GC 24.592: [DefNew: 1681K->140K(1792K), 0.0006960 secs] 22986K->21445K(24852K), 0.0007620 secs] [Times: user=0.00 sys=0.00, real=0.00 secs] 
24.595: [GC 24.595: [DefNew: 1695K->141K(1792K), 0.0008600 secs] 23000K->21517K(24852K), 0.0009290 secs] [Times: user=0.00 sys=0.00, real=0.00 secs] 
24.598: [GC 24.598: [DefNew: 1709K->142K(1792K), 0.0007030 secs] 23084K->21518K(24852K), 0.0007680 secs] [Times: user=0.00 sys=0.00, real=0.00 secs] 
24.601: [GC 24.601: [DefNew: 1723K->143K(1792K), 0.0008580 secs] 23098K->21591K(24852K), 0.0009260 secs] [Times: user=0.00 sys=0.00, real=0.00 secs] 
24.605: [GC 24.605: [DefNew: 1736K->145K(1792K), 0.0072330 secs] 23184K->21593K(24852K), 0.0073060 secs] [Times: user=0.00 sys=0.00, real=0.01 secs] 
24.614: [GC 24.614: [DefNew: 1604K->146K(1792K), 0.0007140 secs] 23052K->21594K(24852K), 0.0007790 secs] [Times: user=0.00 sys=0.00, real=0.00 secs] 
24.617: [GC 24.617: [DefNew: 1616K->147K(1792K), 0.0007020 secs] 23064K->21595K(24852K), 0.0007670 secs] [Times: user=0.00 sys=0.00, real=0.01 secs] 
24.620: [GC 24.620: [DefNew: 1627K->148K(1792K), 0.0007160 secs] 23075K->21596K(24852K), 0.0007830 secs] [Times: user=0.00 sys=0.00, real=0.00 secs] 
24.623: [GC 24.623: [DefNew: 1639K->149K(1792K), 0.0007750 secs] 23087K->21597K(24852K), 0.0008410 secs] [Times: user=0.00 sys=0.00, real=0.00 secs] 
24.626: [GC 24.626: [DefNew: 1651K->150K(1792K), 0.0007800 secs] 23098K->21598K(24852K), 0.0008470 secs] [Times: user=0.00 sys=0.00, real=0.00 secs] 
24.629: [GC 24.629: [DefNew: 1662K->151K(1792K), 0.0007140 secs] 23110K->21599K(24852K), 0.0007780 secs] [Times: user=0.00 sys=0.00, real=0.00 secs] 
24.632: [GC 24.632: [DefNew: 1674K->152K(1792K), 0.0072380 secs] 23122K->21600K(24852K), 0.0073110 secs] [Times: user=0.01 sys=0.00, real=0.01 secs] 
24.642: [GC 24.642: [DefNew: 1685K->153K(1792K), 0.0007250 secs] 23133K->21601K(24852K), 0.0007920 secs] [Times: user=0.00 sys=0.00, real=0.00 secs] 
24.645: [GC 24.645: [DefNew: 1697K->154K(1792K), 0.0007070 secs] 23145K->21602K(24852K), 0.0008130 secs] [Times: user=0.00 sys=0.00, real=0.01 secs] 
24.648: [GC 24.648: [DefNew: 1709K->155K(1792K), 0.0008670 secs] 23156K->21603K(24852K), 0.0009350 secs] [Times: user=0.01 sys=0.00, real=0.00 secs] 
24.652: [GC 24.652: [DefNew: 1720K->156K(1792K), 0.0007230 secs] 23168K->21604K(24852K), 0.0007880 secs] [Times: user=0.00 sys=0.00, real=0.00 secs] 
24.655: [GC 24.655: [DefNew: 1732K->157K(1792K), 0.0007290 secs] 23180K->21605K(24852K), 0.0007930 secs] [Times: user=0.00 sys=0.00, real=0.00 secs] 
24.658: [GC 24.658: [DefNew: 1743K->158K(1792K), 0.0007370 secs] 23191K->21606K(24852K), 0.0008030 secs] [Times: user=0.00 sys=0.00, real=0.00 secs] 
24.662: [GC 24.662: [DefNew: 1755K->160K(1792K), 0.0007000 secs] 23203K->21607K(24852K), 0.0007650 secs] [Times: user=0.00 sys=0.00, real=0.00 secs] 
24.665: [GC 24.665: [DefNew: 1686K->80K(1792K), 0.0006310 secs] 23134K->21528K(24852K), 0.0006920 secs] [Times: user=0.00 sys=0.00, real=0.01 secs] 
24.668: [GC 24.668: [DefNew: 1616K->161K(1792K), 0.0009020 secs] 23064K->21690K(24852K), 0.0009720 secs] [Times: user=0.00 sys=0.00, real=0.00 secs] 
24.671: [GC 24.671: [DefNew: 1626K->162K(1792K), 0.0007500 secs] 23154K->21691K(24852K), 0.0008150 secs] [Times: user=0.00 sys=0.00, real=0.00 secs] 
24.674: [GC 24.674: [DefNew: 1717K->82K(1792K), 0.0071820 secs] 23246K->21610K(24852K), 0.0072560 secs] [Times: user=0.00 sys=0.00, real=0.01 secs] 
24.684: [GC 24.684: [DefNew: 1646K->164K(1792K), 0.0009580 secs] 23174K->21776K(24852K), 0.0010280 secs] [Times: user=0.00 sys=0.00, real=0.00 secs] 
24.687: [GC 24.687: [DefNew: 1655K->165K(1792K), 0.0007550 secs] 23266K->21777K(24852K), 0.0008240 secs] [Times: user=0.00 sys=0.00, real=0.00 secs] 
24.690: [GC 24.691: [DefNew: 1748K->83K(1792K), 0.0005960 secs] 23359K->21694K(24852K), 0.0006600 secs] [Times: user=0.00 sys=0.00, real=0.00 secs] 
24.693: [GC 24.694: [DefNew: 1675K->167K(1792K), 0.0009750 secs] 23286K->21862K(24852K), 0.0010450 secs] [Times: user=0.00 sys=0.00, real=0.00 secs] 
24.697: [GC 24.697: [DefNew: 1685K->168K(1792K), 0.0007890 secs] 23380K->21863K(24852K), 0.0008580 secs] [Times: user=0.01 sys=0.00, real=0.01 secs] 
24.700: [GC 24.700: [DefNew: 1694K->169K(1792K), 0.0009730 secs] 23389K->21949K(24852K), 0.0010440 secs] [Times: user=0.00 sys=0.00, real=0.00 secs] 
24.703: [GC 24.703: [DefNew: 1704K->170K(1792K), 0.0008520 secs] 23483K->21950K(24852K), 0.0009200 secs] [Times: user=0.00 sys=0.00, real=0.00 secs] 
24.713: [GC 24.713: [DefNew: 1713K->171K(1792K), 0.0009650 secs] 23493K->22037K(24852K), 0.0010370 secs] [Times: user=0.00 sys=0.00, real=0.00 secs] 
24.717: [GC 24.717: [DefNew: 1723K->172K(1792K), 0.0007830 secs] 23588K->22038K(24852K), 0.0008510 secs] [Times: user=0.01 sys=0.00, real=0.01 secs] 
24.720: [GC 24.720: [DefNew: 1732K->173K(1792K), 0.0009870 secs] 23598K->22125K(24852K), 0.0010580 secs] [Times: user=0.00 sys=0.00, real=0.00 secs] 
24.723: [GC 24.723: [DefNew: 1742K->174K(1792K), 0.0008840 secs] 23694K->22126K(24852K), 0.0009510 secs] [Times: user=0.00 sys=0.00, real=0.00 secs] 
24.727: [GC 24.727: [DefNew: 1751K->175K(1792K), 0.0009930 secs] 23703K->22215K(24852K), 0.0010630 secs] [Times: user=0.00 sys=0.00, real=0.00 secs] 
24.730: [GC 24.730: [DefNew: 1761K->176K(1792K), 0.0007800 secs] 23801K->22216K(24852K), 0.0008470 secs] [Times: user=0.00 sys=0.00, real=0.00 secs] 
24.740: [GC 24.740: [DefNew: 1770K->177K(1792K), 0.0008240 secs] 23810K->22306K(24852K), 0.0009180 secs] [Times: user=0.00 sys=0.00, real=0.00 secs] 
24.743: [GC 24.743: [DefNew: 1690K->89K(1792K), 0.0006340 secs] 23819K->22218K(24852K), 0.0006940 secs] [Times: user=0.00 sys=0.00, real=0.00 secs] 
24.746: [GC 24.746: [DefNew: 1610K->179K(1792K), 0.0007810 secs] 23739K->22307K(24852K), 0.0008490 secs] [Times: user=0.00 sys=0.00, real=0.00 secs] 
24.750: [GC 24.750: [DefNew: 1617K->180K(1792K), 0.0007440 secs] 23746K->22308K(24852K), 0.0008090 secs] [Times: user=0.00 sys=0.00, real=0.00 secs] 
24.753: [GC 24.753: [DefNew: 1625K->180K(1792K), 0.0008270 secs] 23754K->22309K(24852K), 0.0009260 secs] [Times: user=0.00 sys=0.00, real=0.00 secs] 
24.756: [GC 24.756: [DefNew: 1633K->181K(1792K), 0.0008700 secs] 23761K->22310K(24852K), 0.0009420 secs] [Times: user=0.00 sys=0.00, real=0.00 secs] 
24.759: [GC 24.759: [DefNew: 1640K->182K(1792K), 0.0007580 secs] 23769K->22311K(24852K), 0.0008260 secs] [Times: user=0.00 sys=0.00, real=0.00 secs] 
24.769: [GC 24.769: [DefNew: 1648K->183K(1792K), 0.0008130 secs] 23777K->22312K(24852K), 0.0008840 secs] [Times: user=0.00 sys=0.00, real=0.00 secs] 
24.772: [GC 24.772: [DefNew: 1655K->184K(1792K), 0.0007980 secs] 23784K->22313K(24852K), 0.0008640 secs] [Times: user=0.00 sys=0.00, real=0.00 secs] 
24.775: [GC 24.775: [DefNew: 1663K->185K(1792K), 0.0010370 secs] 23792K->22313K(24852K), 0.0011080 secs] [Times: user=0.00 sys=0.00, real=0.00 secs] 
24.779: [GC 24.779: [DefNew: 1671K->185K(1792K), 0.0008060 secs] 23799K->22314K(24852K), 0.0008740 secs] [Times: user=0.00 sys=0.00, real=0.00 secs] 
24.782: [GC 24.782: [DefNew: 1678K->186K(1792K), 0.0008100 secs] 23807K->22315K(24852K), 0.0008760 secs] [Times: user=0.00 sys=0.00, real=0.00 secs] 
24.785: [GC 24.785: [DefNew: 1686K->187K(1792K), 0.0009630 secs] 23815K->22316K(24852K), 0.0010360 secs] [Times: user=0.00 sys=0.00, real=0.01 secs] 
24.788: [GC 24.788: [DefNew: 1693K->188K(1792K), 0.0008420 secs] 23822K->22317K(24852K), 0.0009110 secs] [Times: user=0.00 sys=0.01, real=0.00 secs] 
24.791: [GC 24.792: [DefNew: 1701K->189K(1792K), 0.0008090 secs] 23830K->22318K(24852K), 0.0008780 secs] [Times: user=0.00 sys=0.00, real=0.00 secs] 
24.795: [GC 24.795: [DefNew: 1709K->190K(1792K), 0.0008620 secs] 23837K->22318K(24852K), 0.0009320 secs] [Times: user=0.00 sys=0.00, real=0.00 secs] 
24.798: [GC 24.798: [DefNew: 1716K->191K(1792K), 0.0008110 secs] 23845K->22319K(24852K), 0.0008790 secs] [Times: user=0.00 sys=0.00, real=0.00 secs] 
24.808: [GC 24.808: [DefNew: 1724K->191K(1792K), 0.0007010 secs] 23853K->22320K(24852K), 0.0007670 secs] [Times: user=0.00 sys=0.00, real=0.00 secs] 
24.811: [GC 24.811: [DefNew: 1731K->96K(1792K), 0.0008310 secs] 23860K->22321K(24852K), 0.0009000 secs] [Times: user=0.00 sys=0.00, real=0.00 secs] 
24.815: [GC 24.815: [DefNew: 1643K->96K(1792K), 0.0008200 secs] 23868K->22418K(24852K), 0.0008880 secs] [Times: user=0.00 sys=0.00, real=0.00 secs] 
24.818: [GC 24.818: [DefNew: 1650K->97K(1792K), 0.0008210 secs] 23972K->22516K(24852K), 0.0008910 secs] [Times: user=0.00 sys=0.00, real=0.00 secs] 
24.821: [GC 24.821: [DefNew: 1657K->97K(1792K), 0.0008270 secs] 24076K->22614K(24852K), 0.0008950 secs] [Times: user=0.00 sys=0.00, real=0.00 secs] 
24.825: [GC 24.825: [DefNew: 1664K->98K(1792K), 0.0008320 secs] 24181K->22712K(24852K), 0.0009030 secs] [Times: user=0.01 sys=0.00, real=0.01 secs] 
24.828: [GC 24.828: [DefNew: 1671K->98K(1792K), 0.0008290 secs] 24286K->22811K(24852K), 0.0008980 secs] [Times: user=0.00 sys=0.00, real=0.00 secs] 
24.838: [GC 24.838: [DefNew: 1678K->98K(1792K), 0.0008310 secs] 24392K->22910K(24852K), 0.0009020 secs] [Times: user=0.00 sys=0.00, real=0.00 secs] 
24.841: [GC 24.841: [DefNew: 1686K->99K(1792K), 0.0008080 secs] 24498K->23010K(24852K), 0.0008750 secs] [Times: user=0.00 sys=0.00, real=0.00 secs] 
24.845: [GC 24.845: [DefNew: 1693K->99K(1792K), 0.0009570 secs] 24604K->23110K(24852K), 0.0010290 secs] [Times: user=0.00 sys=0.00, real=0.01 secs] 
24.848: [GC 24.848: [DefNew: 1600K->100K(1792K), 0.0006650 secs] 24611K->23111K(24852K), 0.0007250 secs] [Times: user=0.00 sys=0.00, real=0.00 secs] 
24.851: [GC 24.851: [DefNew: 1606K->100K(1792K), 0.0012810 secs]24.852: [Tenured: 23211K->14984K(23264K), 0.1206480 secs] 24617K->14984K(25056K), [Perm : 1992K->1992K(12288K)], 0.1222290 secs] [Times: user=0.11 sys=0.01, real=0.12 secs] 
24.976: [GC 24.976: [DefNew: 1714K->100K(1920K), 0.0008860 secs] 16698K->15186K(26896K), 0.0009540 secs] [Times: user=0.00 sys=0.00, real=0.00 secs] 
24.979: [GC 24.979: [DefNew: 1822K->101K(1920K), 0.0010110 secs] 16908K->15388K(26896K), 0.0010820 secs] [Times: user=0.00 sys=0.00, real=0.00 secs] 
24.983: [GC 24.983: [DefNew: 1729K->101K(1920K), 0.0008360 secs] 17016K->15491K(26896K), 0.0009060 secs] [Times: user=0.00 sys=0.00, real=0.00 secs] 
24.986: [GC 24.986: [DefNew: 1736K->102K(1920K), 0.0008020 secs] 17125K->15593K(26896K), 0.0008700 secs] [Times: user=0.00 sys=0.00, real=0.00 secs] 
24.989: [GC 24.990: [DefNew: 1743K->102K(1920K), 0.0009140 secs] 17234K->15696K(26896K), 0.0009830 secs] [Times: user=0.00 sys=0.00, real=0.00 secs] 
24.993: [GC 24.993: [DefNew: 1750K->103K(1920K), 0.0085390 secs] 17344K->15800K(26896K), 0.0086100 secs] [Times: user=0.01 sys=0.00, real=0.01 secs] 
25.004: [GC 25.004: [DefNew: 1757K->103K(1920K), 0.0008290 secs] 17455K->15904K(26896K), 0.0008980 secs] [Times: user=0.00 sys=0.00, real=0.00 secs] 
25.007: [GC 25.008: [DefNew: 1765K->103K(1920K), 0.0008160 secs] 17565K->16008K(26896K), 0.0008860 secs] [Times: user=0.00 sys=0.00, real=0.00 secs] 
25.011: [GC 25.011: [DefNew: 1772K->104K(1920K), 0.0008470 secs] 17676K->16113K(26896K), 0.0009160 secs] [Times: user=0.00 sys=0.00, real=0.00 secs] 
25.014: [GC 25.015: [DefNew: 1779K->104K(1920K), 0.0008160 secs] 17788K->16218K(26896K), 0.0008850 secs] [Times: user=0.00 sys=0.00, real=0.00 secs] 
25.018: [GC 25.018: [DefNew: 1786K->105K(1920K), 0.0008220 secs] 17900K->16324K(26896K), 0.0008900 secs] [Times: user=0.00 sys=0.00, real=0.00 secs] 
25.028: [GC 25.028: [DefNew: 1824K->116K(1920K), 0.0005680 secs] 18042K->16335K(26896K), 0.0006250 secs] [Times: user=0.00 sys=0.00, real=0.00 secs] 
25.031: [GC 25.031: [DefNew: 1835K->32K(1920K), 0.0007240 secs] 18054K->16356K(26896K), 0.0007870 secs] [Times: user=0.00 sys=0.00, real=0.00 secs] 
25.034: [GC 25.034: [DefNew: 1760K->43K(1920K), 0.0005070 secs] 18084K->16367K(26896K), 0.0005670 secs] [Times: user=0.00 sys=0.00, real=0.00 secs] 
25.037: [GC 25.037: [DefNew: 1762K->51K(1920K), 0.0005220 secs] 18086K->16376K(26896K), 0.0005800 secs] [Times: user=0.00 sys=0.00, real=0.00 secs] 
25.040: [GC 25.040: [DefNew: 1777K->19K(1920K), 0.0004610 secs] 18101K->16344K(26896K), 0.0005180 secs] [Times: user=0.00 sys=0.00, real=0.00 secs] 
25.043: [GC 25.043: [DefNew: 1709K->43K(1920K), 0.0005110 secs] 18033K->16368K(26896K), 0.0005690 secs] [Times: user=0.00 sys=0.00, real=0.00 secs] 
25.046: [GC 25.046: [DefNew: 1762K->23K(1920K), 0.0004770 secs] 18087K->16348K(26896K), 0.0005350 secs] [Times: user=0.00 sys=0.00, real=0.00 secs] 
25.049: [GC 25.049: [DefNew: 1736K->51K(1920K), 0.0076400 secs] 18061K->16375K(26896K), 0.0077120 secs] [Times: user=0.00 sys=0.00, real=0.00 secs] 
25.059: [GC 25.059: [DefNew: 1752K->54K(1920K), 0.0005240 secs] 18076K->16379K(26896K), 0.0005830 secs] [Times: user=0.00 sys=0.00, real=0.00 secs] 
25.062: [GC 25.062: [DefNew: 1747K->57K(1920K), 0.0004840 secs] 18072K->16382K(26896K), 0.0005400 secs] [Times: user=0.00 sys=0.00, real=0.00 secs] 
25.065: [GC 25.065: [DefNew: 1782K->91K(1920K), 0.0005520 secs] 18107K->16415K(26896K), 0.0006110 secs] [Times: user=0.00 sys=0.00, real=0.01 secs] 
25.068: [GC 25.068: [DefNew: 1777K->63K(1920K), 0.0005450 secs] 18101K->16388K(26896K), 0.0006070 secs] [Times: user=0.00 sys=0.00, real=0.00 secs] 
25.071: [GC 25.071: [DefNew: 1759K->66K(1920K), 0.0005430 secs] 18084K->16391K(26896K), 0.0006020 secs] [Times: user=0.00 sys=0.00, real=0.00 secs] 
25.074: [GC 25.074: [DefNew: 1764K->103K(1920K), 0.0006100 secs] 18089K->16428K(26896K), 0.0006730 secs] [Times: user=0.00 sys=0.00, real=0.00 secs] 
25.077: [GC 25.077: [DefNew: 1795K->107K(1920K), 0.0006110 secs] 18120K->16431K(26896K), 0.0006710 secs] [Times: user=0.00 sys=0.00, real=0.00 secs] 
25.080: [GC 25.080: [DefNew: 1786K->74K(1920K), 0.0005500 secs] 18110K->16398K(26896K), 0.0006090 secs] [Times: user=0.00 sys=0.00, real=0.00 secs] 
25.084: [GC 25.084: [DefNew: 1732K->76K(1920K), 0.0005320 secs] 18056K->16401K(26896K), 0.0005920 secs] [Times: user=0.00 sys=0.00, real=0.00 secs] 
25.087: [GC 25.087: [DefNew: 1785K->78K(1920K), 0.0005630 secs] 18110K->16403K(26896K), 0.0006250 secs] [Times: user=0.00 sys=0.00, real=0.00 secs] 
25.096: [GC 25.097: [DefNew: 1798K->40K(1920K), 0.0004760 secs] 18123K->16365K(26896K), 0.0005330 secs] [Times: user=0.00 sys=0.00, real=0.01 secs] 
25.100: [GC 25.101: [DefNew: 1725K->83K(1920K), 0.0005910 secs] 18050K->16407K(26896K), 0.0006570 secs] [Times: user=0.00 sys=0.00, real=0.00 secs] 
25.104: [GC 25.104: [DefNew: 1770K->85K(1920K), 0.0005600 secs] 18094K->16409K(26896K), 0.0006220 secs] [Times: user=0.00 sys=0.00, real=0.00 secs] 
25.109: [GC 25.109: [DefNew: 1770K->43K(1920K), 0.0004540 secs] 18095K->16368K(26896K), 0.0005120 secs] [Times: user=0.00 sys=0.00, real=0.00 secs] 
25.112: [GC 25.112: [DefNew: 1769K->134K(1920K), 0.0006690 secs] 18093K->16458K(26896K), 0.0007590 secs] [Times: user=0.00 sys=0.00, real=0.00 secs] 
25.115: [GC 25.116: [DefNew: 1854K->91K(1920K), 0.0006830 secs] 18178K->16415K(26896K), 0.0007450 secs] [Times: user=0.00 sys=0.00, real=0.00 secs] 
25.125: [GC 25.125: [DefNew: 1756K->93K(1920K), 0.0005720 secs] 18080K->16417K(26896K), 0.0006340 secs] [Times: user=0.00 sys=0.00, real=0.00 secs] 
25.128: [GC 25.128: [DefNew: 1792K->95K(1920K), 0.0005890 secs] 18116K->16419K(26896K), 0.0006770 secs] [Times: user=0.01 sys=0.00, real=0.00 secs] 
25.131: [GC 25.132: [DefNew: 1779K->48K(1920K), 0.0005250 secs] 18104K->16373K(26896K), 0.0005860 secs] [Times: user=0.00 sys=0.00, real=0.00 secs] 
25.135: [GC 25.135: [DefNew: 1765K->148K(1920K), 0.0007240 secs] 18089K->16472K(26896K), 0.0007890 secs] [Times: user=0.00 sys=0.00, real=0.00 secs] 
25.138: [GC 25.138: [DefNew: 1846K->100K(1920K), 0.0005710 secs] 18171K->16425K(26896K), 0.0006310 secs] [Times: user=0.00 sys=0.00, real=0.00 secs] 
25.141: [GC 25.141: [DefNew: 1727K->102K(1920K), 0.0005950 secs] 18051K->16426K(26896K), 0.0006580 secs] [Times: user=0.00 sys=0.00, real=0.00 secs] 
25.144: [GC 25.144: [DefNew: 1756K->104K(1920K), 0.0006000 secs] 18080K->16428K(26896K), 0.0006610 secs] [Times: user=0.00 sys=0.00, real=0.00 secs] 
25.154: [GC 25.154: [DefNew: 1784K->105K(1920K), 0.0006030 secs] 18109K->16430K(26896K), 0.0006670 secs] [Times: user=0.00 sys=0.00, real=0.00 secs] 
25.158: [GC 25.158: [DefNew: 1813K->107K(1920K), 0.0005720 secs] 18138K->16432K(26896K), 0.0006330 secs] [Times: user=0.00 sys=0.00, real=0.00 secs] 
25.161: [GC 25.161: [DefNew: 1787K->54K(1920K), 0.0007290 secs] 18112K->16379K(26896K), 0.0007950 secs] [Times: user=0.00 sys=0.00, real=0.00 secs] 
25.164: [GC 25.164: [DefNew: 1760K->165K(1920K), 0.0007240 secs] 18084K->16490K(26896K), 0.0007910 secs] [Times: user=0.00 sys=0.00, real=0.00 secs] 
25.167: [GC 25.167: [DefNew: 1840K->112K(1920K), 0.0006040 secs] 18165K->16436K(26896K), 0.0006680 secs] [Times: user=0.00 sys=0.00, real=0.00 secs] 
25.170: [GC 25.171: [DefNew: 1810K->170K(1920K), 0.0007300 secs] 18135K->16495K(26896K), 0.0007970 secs] [Times: user=0.00 sys=0.00, real=0.00 secs] 
25.174: [GC 25.174: [DefNew: 1892K->115K(1920K), 0.0006310 secs] 18217K->16440K(26896K), 0.0006940 secs] [Times: user=0.00 sys=0.00, real=0.00 secs] 
25.179: [GC 25.179: [DefNew: 1744K->116K(1920K), 0.0005520 secs] 18068K->16441K(26896K), 0.0006120 secs] [Times: user=0.00 sys=0.00, real=0.00 secs] 
25.182: [GC 25.182: [DefNew: 1766K->118K(1920K), 0.0006080 secs] 18091K->16442K(26896K), 0.0006700 secs] [Times: user=0.00 sys=0.00, real=0.00 secs] 
25.185: [GC 25.186: [DefNew: 1788K->119K(1920K), 0.0006380 secs] 18113K->16444K(26896K), 0.0007000 secs] [Times: user=0.00 sys=0.00, real=0.00 secs] 
25.189: [GC 25.189: [DefNew: 1810K->121K(1920K), 0.0075540 secs] 18135K->16445K(26896K), 0.0076270 secs] [Times: user=0.01 sys=0.00, real=0.00 secs] 
25.199: [GC 25.199: [DefNew: 1832K->122K(1920K), 0.0007340 secs] 18157K->16447K(26896K), 0.0007980 secs] [Times: user=0.00 sys=0.00, real=0.00 secs] 
25.202: [GC 25.202: [DefNew: 1792K->62K(1920K), 0.0005320 secs] 18117K->16386K(26896K), 0.0005910 secs] [Times: user=0.00 sys=0.00, real=0.00 secs] 
25.205: [GC 25.205: [DefNew: 1751K->188K(1920K), 0.0007730 secs] 18076K->16512K(26896K), 0.0008430 secs] [Times: user=0.00 sys=0.00, real=0.01 secs] 
25.208: [GC 25.208: [DefNew: 1833K->127K(1920K), 0.0006510 secs] 18157K->16451K(26896K), 0.0007420 secs] [Times: user=0.00 sys=0.01, real=0.00 secs] 
25.212: [GC 25.212: [DefNew: 1854K->64K(1920K), 0.0005540 secs] 18178K->16388K(26896K), 0.0006130 secs] [Times: user=0.00 sys=0.00, real=0.00 secs] 
25.215: [GC 25.215: [DefNew: 1680K->129K(1920K), 0.0006500 secs] 18005K->16454K(26896K), 0.0007150 secs] [Times: user=0.00 sys=0.00, real=0.00 secs] 
25.225: [GC 25.225: [DefNew: 1828K->131K(1920K), 0.0007820 secs] 18152K->16521K(26896K), 0.0008820 secs] [Times: user=0.00 sys=0.00, real=0.01 secs] 
25.228: [GC 25.229: [DefNew: 1847K->132K(1920K), 0.0006840 secs] 18237K->16522K(26896K), 0.0007500 secs] [Times: user=0.01 sys=0.00, real=0.00 secs] 
25.232: [GC 25.232: [DefNew: 1732K->133K(1920K), 0.0007470 secs] 18122K->16523K(26896K), 0.0008140 secs] [Times: user=0.00 sys=0.00, real=0.00 secs] 
25.235: [GC 25.235: [DefNew: 1749K->135K(1920K), 0.0006680 secs] 18139K->16525K(26896K), 0.0007330 secs] [Times: user=0.00 sys=0.00, real=0.00 secs] 
25.238: [GC 25.238: [DefNew: 1765K->136K(1920K), 0.0006580 secs] 18155K->16526K(26896K), 0.0007210 secs] [Times: user=0.00 sys=0.00, real=0.00 secs] 
25.241: [GC 25.241: [DefNew: 1782K->137K(1920K), 0.0006550 secs] 18172K->16527K(26896K), 0.0007200 secs] [Times: user=0.00 sys=0.00, real=0.00 secs] 
25.244: [GC 25.244: [DefNew: 1798K->138K(1920K), 0.0006660 secs] 18188K->16528K(26896K), 0.0007290 secs] [Times: user=0.00 sys=0.00, real=0.00 secs] 
25.254: [GC 25.254: [DefNew: 1815K->140K(1920K), 0.0006620 secs] 18205K->16530K(26896K), 0.0007270 secs] [Times: user=0.00 sys=0.00, real=0.00 secs] 
25.258: [GC 25.258: [DefNew: 1831K->141K(1920K), 0.0008870 secs] 18221K->16531K(26896K), 0.0009560 secs] [Times: user=0.00 sys=0.00, real=0.00 secs] 
25.261: [GC 25.261: [DefNew: 1848K->142K(1920K), 0.0007000 secs] 18238K->16532K(26896K), 0.0007650 secs] [Times: user=0.01 sys=0.00, real=0.00 secs] 
25.264: [GC 25.264: [DefNew: 1864K->143K(1920K), 0.0006870 secs] 18254K->16534K(26896K), 0.0007520 secs] [Times: user=0.00 sys=0.00, real=0.01 secs] 
25.268: [GC 25.268: [DefNew: 1808K->72K(1920K), 0.0005610 secs] 18198K->16462K(26896K), 0.0006220 secs] [Times: user=0.00 sys=0.00, real=0.00 secs] 
25.271: [GC 25.271: [DefNew: 1750K->146K(1920K), 0.0008490 secs] 18140K->16609K(26896K), 0.0009210 secs] [Times: user=0.00 sys=0.00, real=0.00 secs] 
25.274: [GC 25.274: [DefNew: 1764K->147K(1920K), 0.0006860 secs] 18227K->16610K(26896K), 0.0007530 secs] [Times: user=0.00 sys=0.00, real=0.00 secs] 
25.278: [GC 25.278: [DefNew: 1853K->74K(1920K), 0.0005640 secs] 18316K->16537K(26896K), 0.0006230 secs] [Times: user=0.00 sys=0.00, real=0.00 secs] 
25.281: [GC 25.281: [DefNew: 1793K->149K(1920K), 0.0009010 secs] 18257K->16688K(26896K), 0.0009720 secs] [Times: user=0.01 sys=0.00, real=0.00 secs] 
25.284: [GC 25.284: [DefNew: 1807K->151K(1920K), 0.0006860 secs] 18345K->16689K(26896K), 0.0007520 secs] [Times: user=0.00 sys=0.00, real=0.00 secs] 
25.288: [GC 25.288: [DefNew: 1821K->152K(1920K), 0.0008970 secs] 18359K->16766K(26896K), 0.0009670 secs] [Times: user=0.00 sys=0.00, real=0.00 secs] 
25.301: [GC 25.301: [DefNew: 1835K->153K(1920K), 0.0007180 secs] 18449K->16767K(26896K), 0.0007860 secs] [Times: user=0.01 sys=0.00, real=0.00 secs] 
25.304: [GC 25.304: [DefNew: 1849K->154K(1920K), 0.0008770 secs] 18463K->16845K(26896K), 0.0009470 secs] [Times: user=0.00 sys=0.00, real=0.01 secs] 
25.308: [GC 25.308: [DefNew: 1863K->155K(1920K), 0.0007000 secs] 18554K->16847K(26896K), 0.0007650 secs] [Times: user=0.00 sys=0.00, real=0.00 secs] 
25.311: [GC 25.311: [DefNew: 1877K->156K(1920K), 0.0009280 secs] 18568K->16926K(26896K), 0.0009980 secs] [Times: user=0.00 sys=0.00, real=0.00 secs] 
25.323: [GC 25.323: [DefNew: 1812K->79K(1920K), 0.0005580 secs] 18582K->16848K(26896K), 0.0006200 secs] [Times: user=0.00 sys=0.00, real=0.00 secs] 
25.326: [GC 25.326: [DefNew: 1746K->159K(1920K), 0.0007090 secs] 18516K->16929K(26896K), 0.0007740 secs] [Times: user=0.00 sys=0.00, real=0.00 secs] 
25.329: [GC 25.329: [DefNew: 1757K->160K(1920K), 0.0007100 secs] 18527K->16930K(26896K), 0.0007750 secs] [Times: user=0.00 sys=0.00, real=0.00 secs] 
25.332: [GC 25.333: [DefNew: 1769K->161K(1920K), 0.0007570 secs] 18539K->16931K(26896K), 0.0008540 secs] [Times: user=0.00 sys=0.00, real=0.00 secs] 
25.338: [GC 25.338: [DefNew: 1780K->162K(1920K), 0.0006060 secs] 18550K->16932K(26896K), 0.0006660 secs] [Times: user=0.00 sys=0.00, real=0.00 secs] 
25.341: [GC 25.341: [DefNew: 1792K->163K(1920K), 0.0007460 secs] 18562K->16933K(26896K), 0.0008140 secs] [Times: user=0.01 sys=0.00, real=0.00 secs] 
25.344: [GC 25.344: [DefNew: 1804K->164K(1920K), 0.0007210 secs] 18574K->16934K(26896K), 0.0007860 secs] [Times: user=0.00 sys=0.00, real=0.00 secs] 
25.359: [GC 25.359: [DefNew: 1815K->165K(1920K), 0.0007320 secs] 18585K->16935K(26896K), 0.0008000 secs] [Times: user=0.00 sys=0.00, real=0.00 secs] 
25.362: [GC 25.362: [DefNew: 1827K->166K(1920K), 0.0007290 secs] 18597K->16936K(26896K), 0.0007950 secs] [Times: user=0.00 sys=0.00, real=0.00 secs] 
25.367: [GC 25.367: [DefNew: 1838K->167K(1920K), 0.0006320 secs] 18608K->16937K(26896K), 0.0006980 secs] [Times: user=0.00 sys=0.00, real=0.00 secs] 
25.370: [GC 25.371: [DefNew: 1850K->168K(1920K), 0.0007190 secs] 18620K->16938K(26896K), 0.0007850 secs] [Times: user=0.00 sys=0.00, real=0.00 secs] 
25.374: [GC 25.374: [DefNew: 1862K->169K(1920K), 0.0007400 secs] 18632K->16939K(26896K), 0.0008090 secs] [Times: user=0.00 sys=0.00, real=0.00 secs] 
25.379: [GC 25.380: [DefNew: 1873K->170K(1920K), 0.0007150 secs] 18643K->16940K(26896K), 0.0007810 secs] [Times: user=0.00 sys=0.00, real=0.00 secs] 
25.392: [GC 25.392: [DefNew: 1885K->171K(1920K), 0.0007300 secs] 18655K->16941K(26896K), 0.0008000 secs] [Times: user=0.00 sys=0.00, real=0.00 secs] 
25.398: [GC 25.398: [DefNew: 1896K->172K(1920K), 0.0007290 secs] 18666K->16942K(26896K), 0.0007930 secs] [Times: user=0.00 sys=0.00, real=0.00 secs] 
25.401: [GC 25.401: [DefNew: 1821K->87K(1920K), 0.0006840 secs] 18591K->16856K(26896K), 0.0007480 secs] [Times: user=0.00 sys=0.00, real=0.00 secs] 
25.405: [GC 25.405: [DefNew: 1745K->174K(1920K), 0.0027870 secs] 18515K->17032K(26896K), 0.0028610 secs] [Times: user=0.00 sys=0.00, real=0.01 secs] 
25.410: [GC 25.410: [DefNew: 1754K->175K(1920K), 0.0007720 secs] 18611K->17033K(26896K), 0.0008400 secs] [Times: user=0.00 sys=0.00, real=0.00 secs] 
25.413: [GC 25.413: [DefNew: 1852K->88K(1920K), 0.0005950 secs] 18709K->16945K(26896K), 0.0006570 secs] [Times: user=0.00 sys=0.00, real=0.00 secs] 
25.425: [GC 25.425: [DefNew: 1774K->177K(1920K), 0.0010220 secs] 18632K->17123K(26896K), 0.0010950 secs] [Times: user=0.00 sys=0.00, real=0.01 secs] 
25.428: [GC 25.428: [DefNew: 1784K->178K(1920K), 0.0009960 secs] 18730K->17124K(26896K), 0.0010670 secs] [Times: user=0.01 sys=0.00, real=0.00 secs] 
25.432: [GC 25.432: [DefNew: 1883K->89K(1920K), 0.0005780 secs] 18829K->17036K(26896K), 0.0006380 secs] [Times: user=0.00 sys=0.00, real=0.00 secs] 
25.435: [GC 25.435: [DefNew: 1804K->180K(1920K), 0.0009980 secs] 18750K->17217K(26896K), 0.0010700 secs] [Times: user=0.00 sys=0.00, real=0.00 secs] 
25.439: [GC 25.439: [DefNew: 1813K->181K(1920K), 0.0007620 secs] 18850K->17218K(26896K), 0.0008340 secs] [Times: user=0.00 sys=0.00, real=0.00 secs] 
25.442: [GC 25.442: [DefNew: 1823K->182K(1920K), 0.0010080 secs] 18859K->17310K(26896K), 0.0010790 secs] [Times: user=0.00 sys=0.00, real=0.00 secs] 
25.453: [GC 25.453: [DefNew: 1832K->183K(1920K), 0.0007920 secs] 18960K->17311K(26896K), 0.0008600 secs] [Times: user=0.01 sys=0.00, real=0.00 secs] 
25.458: [GC 25.458: [DefNew: 1842K->184K(1920K), 0.0009960 secs] 18969K->17404K(26896K), 0.0010690 secs] [Times: user=0.00 sys=0.00, real=0.00 secs] 
25.462: [GC 25.462: [DefNew: 1851K->185K(1920K), 0.0007790 secs] 19071K->17405K(26896K), 0.0008470 secs] [Times: user=0.00 sys=0.00, real=0.00 secs] 
25.473: [GC 25.473: [DefNew: 1861K->186K(1920K), 0.0010260 secs] 19081K->17499K(26896K), 0.0010970 secs] [Times: user=0.00 sys=0.00, real=0.00 secs] 
25.487: [GC 25.487: [DefNew: 1870K->187K(1920K), 0.0007580 secs] 19183K->17500K(26896K), 0.0008270 secs] [Times: user=0.00 sys=0.00, real=0.00 secs] 
25.491: [GC 25.491: [DefNew: 1880K->188K(1920K), 0.0009460 secs] 19193K->17595K(26896K), 0.0010160 secs] [Times: user=0.00 sys=0.00, real=0.00 secs] 
25.494: [GC 25.494: [DefNew: 1889K->189K(1920K), 0.0025440 secs] 19296K->17596K(26896K), 0.0026160 secs] [Times: user=0.00 sys=0.00, real=0.00 secs] 
25.500: [GC 25.500: [DefNew: 1899K->190K(1920K), 0.0010290 secs] 19306K->17692K(26896K), 0.0011010 secs] [Times: user=0.00 sys=0.00, real=0.00 secs] 
25.503: [GC 25.504: [DefNew: 1908K->191K(1920K), 0.0140370 secs] 19410K->17693K(26896K), 0.0141550 secs] [Times: user=0.00 sys=0.00, real=0.02 secs] 
25.522: [GC 25.522: [DefNew: 1918K->96K(1920K), 0.0010050 secs] 19420K->17790K(26896K), 0.0010760 secs] [Times: user=0.00 sys=0.00, real=0.00 secs] 
25.526: [GC 25.526: [DefNew: 1735K->96K(1920K), 0.0006270 secs] 19429K->17790K(26896K), 0.0006890 secs] [Times: user=0.00 sys=0.00, real=0.00 secs] 
25.531: [GC 25.531: [DefNew: 1743K->97K(1920K), 0.0006960 secs] 19437K->17888K(26896K), 0.0007620 secs] [Times: user=0.00 sys=0.00, real=0.00 secs] 
25.542: [GC 25.542: [DefNew: 1653K->97K(1920K), 0.0008120 secs] 19445K->17986K(26896K), 0.0008830 secs] [Times: user=0.00 sys=0.00, real=0.00 secs] 
25.547: [GC 25.547: [DefNew: 1661K->97K(1920K), 0.0007920 secs] 19549K->18084K(26896K), 0.0008620 secs] [Times: user=0.00 sys=0.00, real=0.00 secs] 
25.551: [GC 25.551: [DefNew: 1668K->98K(1920K), 0.0008110 secs] 19654K->18182K(26896K), 0.0008810 secs] [Times: user=0.00 sys=0.00, real=0.00 secs] 
25.558: [GC 25.558: [DefNew: 1675K->98K(1920K), 0.0007970 secs] 19760K->18282K(26896K), 0.0008690 secs] [Times: user=0.00 sys=0.00, real=0.00 secs] 
25.561: [GC 25.561: [DefNew: 1682K->99K(1920K), 0.0009540 secs] 19865K->18381K(26896K), 0.0010250 secs] [Times: user=0.00 sys=0.00, real=0.00 secs] 
25.567: [GC 25.567: [DefNew: 1689K->99K(1920K), 0.0006870 secs] 19972K->18481K(26896K), 0.0007510 secs] [Times: user=0.00 sys=0.00, real=0.00 secs] 
25.579: [GC 25.579: [DefNew: 1696K->99K(1920K), 0.0007090 secs] 20078K->18581K(26896K), 0.0007750 secs] [Times: user=0.00 sys=0.00, real=0.00 secs] 
25.582: [GC 25.582: [DefNew: 1704K->100K(1920K), 0.0008070 secs] 20185K->18682K(26896K), 0.0008780 secs] [Times: user=0.00 sys=0.00, real=0.00 secs] 
25.588: [GC 25.588: [DefNew: 1711K->100K(1920K), 0.0009180 secs] 20293K->18783K(26896K), 0.0009890 secs] [Times: user=0.00 sys=0.00, real=0.00 secs] 
25.591: [GC 25.591: [DefNew: 1718K->101K(1920K), 0.0008300 secs] 20401K->18885K(26896K), 0.0008980 secs] [Times: user=0.00 sys=0.00, real=0.00 secs] 
25.595: [GC 25.595: [DefNew: 1725K->101K(1920K), 0.0008980 secs] 20509K->18987K(26896K), 0.0009690 secs] [Times: user=0.00 sys=0.00, real=0.00 secs] 
25.598: [GC 25.598: [DefNew: 1732K->102K(1920K), 0.0008120 secs] 20618K->19089K(26896K), 0.0008840 secs] [Times: user=0.00 sys=0.00, real=0.00 secs] 
25.611: [GC 25.611: [DefNew: 1739K->102K(1920K), 0.0008440 secs] 20727K->19192K(26896K), 0.0009120 secs] [Times: user=0.00 sys=0.00, real=0.00 secs] 
25.614: [GC 25.614: [DefNew: 1747K->102K(1920K), 0.0009220 secs] 20837K->19296K(26896K), 0.0009940 secs] [Times: user=0.00 sys=0.00, real=0.00 secs] 
25.618: [GC 25.618: [DefNew: 1754K->103K(1920K), 0.0008360 secs] 20947K->19399K(26896K), 0.0009050 secs] [Times: user=0.00 sys=0.00, real=0.00 secs] 
25.621: [GC 25.621: [DefNew: 1761K->103K(1920K), 0.0009270 secs] 21057K->19503K(26896K), 0.0009970 secs] [Times: user=0.00 sys=0.00, real=0.00 secs] 
25.625: [GC 25.625: [DefNew: 1768K->104K(1920K), 0.0008690 secs] 21168K->19608K(26896K), 0.0009380 secs] [Times: user=0.00 sys=0.00, real=0.01 secs] 
25.628: [GC 25.628: [DefNew: 1775K->104K(1920K), 0.0008370 secs] 21280K->19713K(26896K), 0.0009050 secs] [Times: user=0.00 sys=0.00, real=0.00 secs] 
25.638: [GC 25.638: [DefNew: 1782K->105K(1920K), 0.0009260 secs] 21391K->19818K(26896K), 0.0009970 secs] [Times: user=0.00 sys=0.00, real=0.00 secs] 
25.642: [GC 25.642: [DefNew: 1790K->105K(1920K), 0.0008500 secs] 21503K->19924K(26896K), 0.0009200 secs] [Times: user=0.00 sys=0.00, real=0.00 secs] 
25.646: [GC 25.646: [DefNew: 1817K->122K(1920K), 0.0006340 secs] 21637K->19941K(26896K), 0.0006960 secs] [Times: user=0.00 sys=0.00, real=0.00 secs] 
25.649: [GC 25.649: [DefNew: 1830K->25K(1920K), 0.0006930 secs] 21650K->19950K(26896K), 0.0007580 secs] [Times: user=0.00 sys=0.00, real=0.00 secs] 
25.652: [GC 25.652: [DefNew: 1745K->31K(1920K), 0.0005030 secs] 21669K->19956K(26896K), 0.0005600 secs] [Times: user=0.00 sys=0.00, real=0.00 secs] 
25.656: [GC 25.656: [DefNew: 1755K->37K(1920K), 0.0005110 secs] 21680K->19961K(26896K), 0.0005690 secs] [Times: user=0.00 sys=0.00, real=0.00 secs] 
25.658: [GC 25.659: [DefNew: 1750K->20K(1920K), 0.0004870 secs] 21675K->19945K(26896K), 0.0005460 secs] [Times: user=0.00 sys=0.00, real=0.00 secs] 
25.661: [GC 25.661: [DefNew: 1704K->45K(1920K), 0.0005180 secs] 21628K->19970K(26896K), 0.0005760 secs] [Times: user=0.00 sys=0.00, real=0.00 secs] 
25.664: [GC 25.664: [DefNew: 1761K->49K(1920K), 0.0006220 secs] 21686K->19974K(26896K), 0.0006830 secs] [Times: user=0.00 sys=0.00, real=0.00 secs] 
25.667: [GC 25.667: [DefNew: 1769K->26K(1920K), 0.0004970 secs] 21693K->19951K(26896K), 0.0005560 secs] [Times: user=0.00 sys=0.00, real=0.00 secs] 
25.670: [GC 25.670: [DefNew: 1751K->84K(1920K), 0.0005930 secs] 21676K->20009K(26896K), 0.0006550 secs] [Times: user=0.00 sys=0.00, real=0.00 secs] 
25.673: [GC 25.673: [DefNew: 1763K->59K(1920K), 0.0005390 secs] 21688K->19984K(26896K), 0.0005950 secs] [Times: user=0.00 sys=0.00, real=0.00 secs] 
25.677: [GC 25.677: [DefNew: 1764K->62K(1920K), 0.0005580 secs] 21689K->19987K(26896K), 0.0006180 secs] [Times: user=0.01 sys=0.00, real=0.01 secs] 
25.686: [GC 25.686: [DefNew: 1785K->97K(1920K), 0.0006130 secs] 21709K->20022K(26896K), 0.0006760 secs] [Times: user=0.00 sys=0.00, real=0.00 secs] 
25.690: [GC 25.690: [DefNew: 1761K->67K(1920K), 0.0005180 secs] 21686K->19992K(26896K), 0.0005790 secs] [Times: user=0.00 sys=0.00, real=0.00 secs] 
25.692: [GC 25.693: [DefNew: 1727K->70K(1920K), 0.0005850 secs] 21652K->19995K(26896K), 0.0006440 secs] [Times: user=0.00 sys=0.01, real=0.00 secs] 
25.695: [GC 25.696: [DefNew: 1790K->72K(1920K), 0.0006250 secs] 21715K->19997K(26896K), 0.0006860 secs] [Times: user=0.00 sys=0.00, real=0.00 secs] 
25.699: [GC 25.699: [DefNew: 1778K->112K(1920K), 0.0006280 secs] 21703K->20037K(26896K), 0.0006900 secs] [Times: user=0.00 sys=0.00, real=0.00 secs] 
25.702: [GC 25.702: [DefNew: 1835K->38K(1920K), 0.0006030 secs] 21760K->19963K(26896K), 0.0006640 secs] [Times: user=0.00 sys=0.00, real=0.00 secs] 
25.705: [GC 25.705: [DefNew: 1734K->119K(1920K), 0.0007580 secs] 21659K->20044K(26896K), 0.0008250 secs] [Times: user=0.00 sys=0.00, real=0.01 secs] 
25.715: [GC 25.715: [DefNew: 1823K->82K(1920K), 0.0005560 secs] 21748K->20006K(26896K), 0.0006180 secs] [Times: user=0.00 sys=0.00, real=0.00 secs] 
25.718: [GC 25.718: [DefNew: 1748K->84K(1920K), 0.0005780 secs] 21672K->20009K(26896K), 0.0006400 secs] [Times: user=0.00 sys=0.00, real=0.00 secs] 
25.721: [GC 25.721: [DefNew: 1792K->86K(1920K), 0.0006740 secs] 21717K->20011K(26896K), 0.0007370 secs] [Times: user=0.00 sys=0.00, real=0.00 secs] 
25.724: [GC 25.724: [DefNew: 1792K->44K(1920K), 0.0005310 secs] 21717K->19969K(26896K), 0.0005890 secs] [Times: user=0.00 sys=0.00, real=0.00 secs] 
25.727: [GC 25.727: [DefNew: 1700K->90K(1920K), 0.0005950 secs] 21624K->20015K(26896K), 0.0006560 secs] [Times: user=0.00 sys=0.00, real=0.00 secs] 
25.730: [GC 25.730: [DefNew: 1736K->92K(1920K), 0.0005900 secs] 21660K->20017K(26896K), 0.0006530 secs] [Times: user=0.00 sys=0.00, real=0.00 secs] 
25.740: [GC 25.740: [DefNew: 1772K->94K(1920K), 0.0005010 secs] 21696K->20019K(26896K), 0.0005580 secs] [Times: user=0.00 sys=0.00, real=0.00 secs] 
25.743: [GC 25.743: [DefNew: 1808K->96K(1920K), 0.0006060 secs] 21733K->20020K(26896K), 0.0006670 secs] [Times: user=0.00 sys=0.00, real=0.00 secs] 
25.747: [GC 25.747: [DefNew: 1795K->49K(1920K), 0.0005340 secs] 21720K->19973K(26896K), 0.0005960 secs] [Times: user=0.00 sys=0.00, real=0.00 secs] 
25.750: [GC 25.750: [DefNew: 1680K->99K(1920K), 0.0006100 secs] 21605K->20024K(26896K), 0.0006710 secs] [Times: user=0.00 sys=0.00, real=0.00 secs] 
25.753: [GC 25.753: [DefNew: 1810K->152K(1920K), 0.0006990 secs] 21735K->20076K(26896K), 0.0008010 secs] [Times: user=0.00 sys=0.00, real=0.00 secs] 
25.757: [GC 25.757: [DefNew: 1842K->51K(1920K), 0.0005640 secs] 21766K->19976K(26896K), 0.0006250 secs] [Times: user=0.01 sys=0.00, real=0.01 secs] 
25.760: [GC 25.760: [DefNew: 1770K->104K(1920K), 0.0006200 secs] 21695K->20029K(26896K), 0.0006830 secs] [Times: user=0.00 sys=0.00, real=0.00 secs] 
25.763: [GC 25.763: [DefNew: 1799K->106K(1920K), 0.0006220 secs] 21723K->20031K(26896K), 0.0006830 secs] [Times: user=0.00 sys=0.00, real=0.00 secs] 
25.766: [GC 25.766: [DefNew: 1827K->108K(1920K), 0.0006220 secs] 21752K->20033K(26896K), 0.0006850 secs] [Times: user=0.00 sys=0.00, real=0.00 secs] 
25.769: [GC 25.769: [DefNew: 1801K->55K(1920K), 0.0005410 secs] 21726K->19979K(26896K), 0.0006020 secs] [Times: user=0.00 sys=0.00, real=0.00 secs] 
25.772: [GC 25.772: [DefNew: 1773K->167K(1920K), 0.0007220 secs] 21698K->20092K(26896K), 0.0007880 secs] [Times: user=0.00 sys=0.00, real=0.00 secs] 
25.782: [GC 25.782: [DefNew: 1854K->113K(1920K), 0.0006310 secs] 21779K->20037K(26896K), 0.0006940 secs] [Times: user=0.00 sys=0.00, real=0.00 secs] 
25.785: [GC 25.786: [DefNew: 1824K->171K(1920K), 0.0007150 secs] 21748K->20096K(26896K), 0.0007830 secs] [Times: user=0.00 sys=0.00, real=0.00 secs] 
25.789: [GC 25.789: [DefNew: 1848K->58K(1920K), 0.0005150 secs] 21773K->19983K(26896K), 0.0005920 secs] [Times: user=0.00 sys=0.00, real=0.00 secs] 
25.792: [GC 25.792: [DefNew: 1757K->117K(1920K), 0.0006460 secs] 21681K->20042K(26896K), 0.0007090 secs] [Times: user=0.00 sys=0.00, real=0.00 secs] 
25.795: [GC 25.795: [DefNew: 1779K->119K(1920K), 0.0007050 secs] 21703K->20044K(26896K), 0.0007720 secs] [Times: user=0.00 sys=0.00, real=0.00 secs] 
25.799: [GC 25.799: [DefNew: 1801K->120K(1920K), 0.0006400 secs] 21726K->20045K(26896K), 0.0007040 secs] [Times: user=0.00 sys=0.00, real=0.00 secs] 
25.809: [GC 25.809: [DefNew: 1823K->122K(1920K), 0.0006660 secs] 21748K->20047K(26896K), 0.0007300 secs] [Times: user=0.01 sys=0.00, real=0.00 secs] 
25.812: [GC 25.812: [DefNew: 1845K->123K(1920K), 0.0006540 secs] 21770K->20048K(26896K), 0.0007180 secs] [Times: user=0.00 sys=0.00, real=0.00 secs] 
25.815: [GC 25.815: [DefNew: 1805K->62K(1920K), 0.0005450 secs] 21729K->19987K(26896K), 0.0006050 secs] [Times: user=0.00 sys=0.00, real=0.00 secs] 
25.818: [GC 25.818: [DefNew: 1763K->189K(1920K), 0.0007980 secs] 21688K->20114K(26896K), 0.0008670 secs] [Times: user=0.00 sys=0.00, real=0.00 secs] 
25.822: [GC 25.822: [DefNew: 1845K->127K(1920K), 0.0006010 secs] 21770K->20052K(26896K), 0.0040510 secs] [Times: user=0.00 sys=0.00, real=0.01 secs] 
25.828: [GC 25.829: [DefNew: 1801K->129K(1920K), 0.0008500 secs] 21726K->20118K(26896K), 0.0009210 secs] [Times: user=0.00 sys=0.00, real=0.00 secs] 
25.841: [GC 25.841: [DefNew: 1820K->130K(1920K), 0.0007040 secs] 21810K->20120K(26896K), 0.0007710 secs] [Times: user=0.01 sys=0.00, real=0.00 secs] 
25.847: [GC 25.847: [DefNew: 1840K->131K(1920K), 0.0011540 secs] 21829K->20187K(26896K), 0.0012260 secs] [Times: user=0.00 sys=0.00, real=0.00 secs] 
25.851: [GC 25.851: [DefNew: 1859K->133K(1920K), 0.0006710 secs] 21914K->20188K(26896K), 0.0007360 secs] [Times: user=0.00 sys=0.00, real=0.00 secs] 
25.857: [GC 25.857: [DefNew: 1743K->134K(1920K), 0.0007050 secs] 21799K->20190K(26896K), 0.0007720 secs] [Times: user=0.01 sys=0.00, real=0.01 secs] 
25.868: [GC 25.868: [DefNew: 1760K->135K(1920K), 0.0008420 secs] 21815K->20191K(26896K), 0.0009140 secs] [Times: user=0.00 sys=0.01, real=0.00 secs] 
25.872: [GC 25.872: [DefNew: 1776K->137K(1920K), 0.0007070 secs] 21832K->20192K(26896K), 0.0007750 secs] [Times: user=0.00 sys=0.00, real=0.00 secs] 
25.877: [GC 25.877: [DefNew: 1793K->138K(1920K), 0.0006770 secs] 21848K->20193K(26896K), 0.0007410 secs] [Times: user=0.00 sys=0.00, real=0.00 secs] 
25.881: [GC 25.881: [DefNew: 1809K->139K(1920K), 0.0030260 secs] 21864K->20195K(26896K), 0.0031020 secs] [Times: user=0.00 sys=0.00, real=0.00 secs] 
25.886: [GC 25.886: [DefNew: 1826K->141K(1920K), 0.0006870 secs] 21881K->20196K(26896K), 0.0007500 secs] [Times: user=0.00 sys=0.00, real=0.00 secs] 
25.890: [GC 25.890: [DefNew: 1842K->142K(1920K), 0.0006960 secs] 21897K->20197K(26896K), 0.0007610 secs] [Times: user=0.00 sys=0.00, real=0.00 secs] 
25.895: [GC 25.895: [DefNew: 1858K->143K(1920K), 0.0007460 secs] 21914K->20198K(26896K), 0.0008160 secs] [Times: user=0.00 sys=0.00, real=0.00 secs] 
25.899: [GC 25.899: [DefNew: 1803K->72K(1920K), 0.0005760 secs] 21858K->20127K(26896K), 0.0006380 secs] [Times: user=0.00 sys=0.00, real=0.00 secs] 
25.909: [GC 25.909: [DefNew: 1745K->145K(1920K), 0.0009000 secs] 21801K->20274K(26896K), 0.0009690 secs] [Times: user=0.00 sys=0.00, real=0.00 secs] 
25.914: [GC 25.914: [DefNew: 1759K->147K(1920K), 0.0007470 secs] 21888K->20275K(26896K), 0.0008120 secs] [Times: user=0.00 sys=0.00, real=0.00 secs] 
25.918: [GC 25.918: [DefNew: 1847K->74K(1920K), 0.0005770 secs] 21976K->20202K(26896K), 0.0006380 secs] [Times: user=0.00 sys=0.00, real=0.00 secs] 
25.921: [GC 25.921: [DefNew: 1788K->149K(1920K), 0.0011410 secs] 21917K->20352K(26896K), 0.0012120 secs] [Times: user=0.00 sys=0.00, real=0.00 secs] 
25.924: [GC 25.924: [DefNew: 1802K->150K(1920K), 0.0007090 secs] 22005K->20353K(26896K), 0.0007740 secs] [Times: user=0.00 sys=0.00, real=0.00 secs] 
25.928: [GC 25.928: [DefNew: 1816K->151K(1920K), 0.0008750 secs] 22019K->20430K(26896K), 0.0009450 secs] [Times: user=0.00 sys=0.00, real=0.00 secs] 
25.938: [GC 25.938: [DefNew: 1830K->153K(1920K), 0.0007050 secs] 22109K->20431K(26896K), 0.0007730 secs] [Times: user=0.00 sys=0.00, real=0.00 secs] 
25.942: [GC 25.942: [DefNew: 1844K->154K(1920K), 0.0008670 secs] 22123K->20510K(26896K), 0.0009360 secs] [Times: user=0.00 sys=0.00, real=0.00 secs] 
25.945: [GC 25.945: [DefNew: 1858K->155K(1920K), 0.0007400 secs] 22214K->20511K(26896K), 0.0008060 secs] [Times: user=0.00 sys=0.00, real=0.01 secs] 
25.949: [GC 25.949: [DefNew: 1872K->156K(1920K), 0.0009390 secs] 22228K->20590K(26896K), 0.0010120 secs] [Times: user=0.01 sys=0.00, real=0.00 secs] 
25.952: [GC 25.952: [DefNew: 1807K->78K(1920K), 0.0006840 secs] 22241K->20513K(26896K), 0.0007480 secs] [Times: user=0.00 sys=0.00, real=0.00 secs] 
25.964: [GC 25.964: [DefNew: 1741K->158K(1920K), 0.0007730 secs] 22175K->20592K(26896K), 0.0008400 secs] [Times: user=0.00 sys=0.00, real=0.00 secs] 
25.967: [GC 25.967: [DefNew: 1753K->159K(1920K), 0.0007140 secs] 22187K->20593K(26896K), 0.0007800 secs] [Times: user=0.00 sys=0.00, real=0.00 secs] 
25.970: [GC 25.970: [DefNew: 1764K->160K(1920K), 0.0007310 secs] 22198K->20594K(26896K), 0.0007990 secs] [Times: user=0.00 sys=0.00, real=0.00 secs] 
25.974: [GC 25.974: [DefNew: 1776K->161K(1920K), 0.0007370 secs] 22210K->20596K(26896K), 0.0008040 secs] [Times: user=0.00 sys=0.00, real=0.00 secs] 
25.977: [GC 25.977: [DefNew: 1787K->162K(1920K), 0.0008640 secs] 22222K->20597K(26896K), 0.0009360 secs] [Times: user=0.00 sys=0.00, real=0.01 secs] 
25.980: [GC 25.980: [DefNew: 1799K->164K(1920K), 0.0008710 secs] 22233K->20598K(26896K), 0.0009390 secs] [Times: user=0.00 sys=0.00, real=0.00 secs] 
25.984: [GC 25.984: [DefNew: 1811K->165K(1920K), 0.0007470 secs] 22245K->20599K(26896K), 0.0008140 secs] [Times: user=0.00 sys=0.00, real=0.00 secs] 
25.987: [GC 25.987: [DefNew: 1822K->166K(1920K), 0.0007430 secs] 22256K->20600K(26896K), 0.0008110 secs] [Times: user=0.00 sys=0.00, real=0.00 secs] 
25.990: [GC 25.990: [DefNew: 1834K->167K(1920K), 0.0007340 secs] 22268K->20601K(26896K), 0.0008010 secs] [Times: user=0.00 sys=0.00, real=0.00 secs] 
25.994: [GC 25.994: [DefNew: 1845K->168K(1920K), 0.0007420 secs] 22280K->20602K(26896K), 0.0008060 secs] [Times: user=0.00 sys=0.00, real=0.00 secs] 
25.997: [GC 26.068: [DefNew: 1857K->169K(1920K), 0.0006440 secs] 22291K->20603K(26896K), 0.0007630 secs] [Times: user=0.00 sys=0.00, real=0.08 secs] 
26.083: [GC 26.083: [DefNew: 1869K->170K(1920K), 0.0006530 secs] 22303K->20604K(26896K), 0.0007160 secs] [Times: user=0.00 sys=0.00, real=0.00 secs] 
26.086: [GC 26.086: [DefNew: 1880K->171K(1920K), 0.0007660 secs] 22314K->20605K(26896K), 0.0008340 secs] [Times: user=0.00 sys=0.00, real=0.00 secs] 
26.106: [GC 26.106: [DefNew: 1892K->172K(1920K), 0.0007210 secs] 22326K->20606K(26896K), 0.0008330 secs] [Times: user=0.00 sys=0.00, real=0.00 secs] 
26.112: [GC 26.112: [DefNew: 1817K->86K(1920K), 0.0006050 secs] 22251K->20520K(26896K), 0.0006670 secs] [Times: user=0.00 sys=0.00, real=0.00 secs] 
26.121: [GC 26.121: [DefNew: 1741K->174K(1920K), 0.0009890 secs] 22175K->20695K(26896K), 0.0010580 secs] [Times: user=0.00 sys=0.00, real=0.00 secs] 
26.131: [GC 26.131: [DefNew: 1750K->175K(1920K), 0.0006580 secs] 22271K->20696K(26896K), 0.0007230 secs] [Times: user=0.00 sys=0.00, real=0.00 secs] 
26.137: [GC 26.137: [DefNew: 1848K->88K(1920K), 0.0006270 secs] 22369K->20609K(26896K), 0.0006880 secs] [Times: user=0.00 sys=0.00, real=0.00 secs] 
26.146: [GC 26.146: [DefNew: 1770K->177K(1920K), 0.0009210 secs] 22291K->20787K(26896K), 0.0009890 secs] [Times: user=0.00 sys=0.00, real=0.00 secs] 
26.157: [GC 26.157: [DefNew: 1780K->178K(1920K), 0.0007020 secs] 22389K->20788K(26896K), 0.0007760 secs] [Times: user=0.00 sys=0.00, real=0.00 secs] 
26.161: [GC 26.161: [DefNew: 1879K->89K(1920K), 0.0006030 secs] 22489K->20699K(26896K), 0.0006640 secs] [Times: user=0.00 sys=0.00, real=0.00 secs] 
26.165: [GC 26.165: [DefNew: 1800K->180K(1920K), 0.0011160 secs] 22410K->20880K(26896K), 0.0011880 secs] [Times: user=0.01 sys=0.00, real=0.01 secs] 
26.173: [GC 26.173: [DefNew: 1809K->181K(1920K), 0.0006840 secs] 22509K->20881K(26896K), 0.0007490 secs] [Times: user=0.00 sys=0.00, real=0.00 secs] 
26.181: [GC 26.181: [DefNew: 1819K->182K(1920K), 0.0008650 secs] 22519K->20973K(26896K), 0.0009320 secs] [Times: user=0.00 sys=0.00, real=0.00 secs] 
26.185: [GC 26.185: [DefNew: 1828K->183K(1920K), 0.0007640 secs] 22619K->20974K(26896K), 0.0008300 secs] [Times: user=0.00 sys=0.00, real=0.00 secs] 
26.196: [GC 26.196: [DefNew: 1838K->184K(1920K), 0.0008650 secs] 22629K->21067K(26896K), 0.0009340 secs] [Times: user=0.00 sys=0.00, real=0.00 secs] 
26.209: [GC 26.209: [DefNew: 1847K->185K(1920K), 0.0008330 secs] 22730K->21068K(26896K), 0.0009030 secs] [Times: user=0.00 sys=0.00, real=0.00 secs] 
26.217: [GC 26.217: [DefNew: 1857K->185K(1920K), 0.0009820 secs] 22740K->21162K(26896K), 0.0010520 secs] [Times: user=0.00 sys=0.00, real=0.01 secs] 
26.221: [GC 26.221: [DefNew: 1866K->187K(1920K), 0.0007550 secs] 22842K->21163K(26896K), 0.0008230 secs] [Times: user=0.00 sys=0.00, real=0.00 secs] 
26.237: [GC 26.237: [DefNew: 1876K->187K(1920K), 0.0009990 secs] 22852K->21257K(26896K), 0.0010690 secs] [Times: user=0.00 sys=0.00, real=0.00 secs] 
26.242: [GC 26.242: [DefNew: 1885K->188K(1920K), 0.0007870 secs] 22955K->21258K(26896K), 0.0008560 secs] [Times: user=0.00 sys=0.00, real=0.00 secs] 
26.248: [GC 26.248: [DefNew: 1894K->189K(1920K), 0.0026800 secs] 22964K->21354K(26896K), 0.0027500 secs] [Times: user=0.01 sys=0.00, real=0.00 secs] 
26.257: [GC 26.257: [DefNew: 1904K->190K(1920K), 0.0007390 secs] 23069K->21355K(26896K), 0.0008050 secs] [Times: user=0.00 sys=0.00, real=0.00 secs] 
26.262: [GC 26.262: [DefNew: 1913K->191K(1920K), 0.0010120 secs] 23078K->21452K(26896K), 0.0010810 secs] [Times: user=0.00 sys=0.00, real=0.00 secs] 
26.270: [GC 26.270: [DefNew: 1827K->96K(1920K), 0.0005420 secs] 23087K->21357K(26896K), 0.0006000 secs] [Times: user=0.00 sys=0.00, real=0.00 secs] 
26.273: [GC 26.273: [DefNew: 1739K->96K(1920K), 0.0008510 secs] 23000K->21454K(26896K), 0.0009210 secs] [Times: user=0.01 sys=0.00, real=0.00 secs] 
26.280: [GC 26.280: [DefNew: 1650K->97K(1920K), 0.0007960 secs] 23007K->21551K(26896K), 0.0008600 secs] [Times: user=0.00 sys=0.00, real=0.00 secs] 
26.286: [GC 26.286: [DefNew: 1657K->97K(1920K), 0.0006720 secs] 23112K->21649K(26896K), 0.0007360 secs] [Times: user=0.00 sys=0.00, real=0.00 secs] 
26.291: [GC 26.291: [DefNew: 1664K->98K(1920K), 0.0007510 secs] 23216K->21748K(26896K), 0.0008180 secs] [Times: user=0.00 sys=0.00, real=0.00 secs] 
26.298: [GC 26.298: [DefNew: 1671K->98K(1920K), 0.0007180 secs] 23322K->21847K(26896K), 0.0007830 secs] [Times: user=0.00 sys=0.00, real=0.00 secs] 
26.301: [GC 26.301: [DefNew: 1678K->98K(1920K), 0.0008280 secs] 23427K->21946K(26896K), 0.0009310 secs] [Times: user=0.00 sys=0.00, real=0.00 secs] 
26.305: [GC 26.305: [DefNew: 1686K->99K(1920K), 0.0009510 secs] 23533K->22046K(26896K), 0.0010220 secs] [Times: user=0.01 sys=0.00, real=0.01 secs] 
26.308: [GC 26.308: [DefNew: 1693K->99K(1920K), 0.0009010 secs] 23640K->22146K(26896K), 0.0009710 secs] [Times: user=0.00 sys=0.00, real=0.00 secs] 
26.311: [GC 26.311: [DefNew: 1700K->100K(1920K), 0.0008340 secs] 23747K->22246K(26896K), 0.0009020 secs] [Times: user=0.00 sys=0.00, real=0.00 secs] 
26.322: [GC 26.322: [DefNew: 1707K->100K(1920K), 0.0008220 secs] 23854K->22347K(26896K), 0.0008910 secs] [Times: user=0.00 sys=0.00, real=0.00 secs] 
26.326: [GC 26.326: [DefNew: 1714K->101K(1920K), 0.0008060 secs] 23962K->22449K(26896K), 0.0008740 secs] [Times: user=0.00 sys=0.00, real=0.00 secs] 
26.329: [GC 26.329: [DefNew: 1722K->101K(1920K), 0.0009370 secs] 24070K->22551K(26896K), 0.0010080 secs] [Times: user=0.01 sys=0.00, real=0.00 secs] 
26.332: [GC 26.333: [DefNew: 1729K->101K(1920K), 0.0009740 secs] 24178K->22653K(26896K), 0.0010450 secs] [Times: user=0.00 sys=0.00, real=0.00 secs] 
26.336: [GC 26.336: [DefNew: 1736K->102K(1920K), 0.0008560 secs] 24287K->22755K(26896K), 0.0009250 secs] [Times: user=0.00 sys=0.00, real=0.00 secs] 
26.339: [GC 26.340: [DefNew: 1743K->102K(1920K), 0.0008380 secs] 24397K->22859K(26896K), 0.0009070 secs] [Times: user=0.00 sys=0.00, real=0.00 secs] 
26.352: [GC 26.352: [DefNew: 1750K->103K(1920K), 0.0008030 secs] 24506K->22962K(26896K), 0.0008690 secs] [Times: user=0.00 sys=0.00, real=0.00 secs] 
26.356: [GC 26.356: [DefNew: 1757K->103K(1920K), 0.0008700 secs] 24617K->23066K(26896K), 0.0009390 secs] [Times: user=0.00 sys=0.00, real=0.00 secs] 
26.360: [GC 26.360: [DefNew: 1765K->103K(1920K), 0.0008910 secs] 24727K->23170K(26896K), 0.0009600 secs] [Times: user=0.00 sys=0.00, real=0.00 secs] 
26.364: [GC 26.364: [DefNew: 1772K->104K(1920K), 0.0008310 secs] 24839K->23275K(26896K), 0.0009000 secs] [Times: user=0.00 sys=0.00, real=0.00 secs] 
26.368: [GC 26.368: [DefNew: 1779K->104K(1920K), 0.0017840 secs] 24950K->23380K(26896K), 0.0018580 secs] [Times: user=0.00 sys=0.00, real=0.00 secs] 
26.372: [GC 26.372: [DefNew: 1786K->105K(1920K), 0.0009120 secs] 25062K->23486K(26896K), 0.0009830 secs] [Times: user=0.00 sys=0.00, real=0.00 secs] 
26.375: [GC 26.376: [DefNew: 1824K->116K(1920K), 0.0007390 secs] 25205K->23497K(26896K), 0.0008020 secs] [Times: user=0.00 sys=0.00, real=0.00 secs] 
26.380: [GC 26.380: [DefNew: 1835K->32K(1920K), 0.0008180 secs] 25216K->23519K(26896K), 0.0008820 secs] [Times: user=0.00 sys=0.00, real=0.00 secs] 
26.390: [GC 26.391: [DefNew: 1760K->43K(1920K), 0.0005410 secs] 25246K->23529K(26896K), 0.0006010 secs] [Times: user=0.00 sys=0.00, real=0.00 secs] 
26.394: [GC 26.394: [DefNew: 1762K->51K(1920K), 0.0005050 secs] 25249K->23538K(26896K), 0.0005620 secs] [Times: user=0.00 sys=0.00, real=0.00 secs] 
26.397: [GC 26.397: [DefNew: 1777K->19K(1920K), 0.0006210 secs] 25264K->23506K(26896K), 0.0006800 secs] [Times: user=0.00 sys=0.01, real=0.01 secs] 
26.401: [GC 26.401: [DefNew: 1709K->43K(1920K), 0.0005270 secs] 25195K->23530K(26896K), 0.0005870 secs] [Times: user=0.00 sys=0.00, real=0.00 secs] 
26.404: [GC 26.404: [DefNew: 1762K->23K(1920K), 0.0006580 secs] 25249K->23510K(26896K), 0.0007180 secs] [Times: user=0.00 sys=0.00, real=0.00 secs] 
26.407: [GC 26.407: [DefNew: 1736K->51K(1920K), 0.0005560 secs] 25223K->23538K(26896K), 0.0006160 secs] [Times: user=0.00 sys=0.00, real=0.00 secs] 
26.416: [GC 26.416: [DefNew: 1752K->54K(1920K), 0.0005550 secs] 25239K->23541K(26896K), 0.0006370 secs] [Times: user=0.01 sys=0.00, real=0.01 secs] 
26.419: [GC 26.419: [DefNew: 1747K->57K(1920K), 0.0005700 secs] 25234K->23544K(26896K), 0.0006300 secs] [Times: user=0.00 sys=0.00, real=0.00 secs] 
26.423: [GC 26.423: [DefNew: 1782K->91K(1920K), 0.0006200 secs] 25269K->23577K(26896K), 0.0006830 secs] [Times: user=0.00 sys=0.00, real=0.00 secs] 
26.426: [GC 26.426: [DefNew: 1777K->63K(1920K), 0.0005660 secs] 25263K->23550K(26896K), 0.0006250 secs] [Times: user=0.00 sys=0.00, real=0.00 secs] 
26.429: [GC 26.429: [DefNew: 1759K->66K(1920K), 0.0005970 secs] 25246K->23553K(26896K), 0.0006580 secs] [Times: user=0.01 sys=0.00, real=0.00 secs] 
26.432: [GC 26.432: [DefNew: 1764K->103K(1920K), 0.0006470 secs] 25251K->23590K(26896K), 0.0007100 secs] [Times: user=0.00 sys=0.00, real=0.00 secs] 
26.435: [GC 26.435: [DefNew: 1795K->107K(1920K), 0.0006540 secs] 25282K->23594K(26896K), 0.0007160 secs] [Times: user=0.00 sys=0.00, real=0.00 secs] 
26.445: [GC 26.445: [DefNew: 1786K->74K(1920K), 0.0026560 secs] 25273K->23560K(26896K), 0.0027290 secs] [Times: user=0.00 sys=0.00, real=0.01 secs] 
26.450: [GC 26.450: [DefNew: 1732K->76K(1920K), 0.0005780 secs] 25219K->23563K(26896K), 0.0006390 secs] [Times: user=0.00 sys=0.00, real=0.00 secs] 
26.453: [GC 26.453: [DefNew: 1785K->78K(1920K), 0.0007740 secs] 25272K->23565K(26896K), 0.0008390 secs] [Times: user=0.00 sys=0.00, real=0.00 secs] 
26.456: [GC 26.456: [DefNew: 1798K->40K(1920K), 0.0005380 secs] 25285K->23527K(26896K), 0.0005970 secs] [Times: user=0.00 sys=0.00, real=0.00 secs] 
26.459: [GC 26.459: [DefNew: 1725K->83K(1920K), 0.0006000 secs] 25212K->23569K(26896K), 0.0006590 secs] [Times: user=0.00 sys=0.00, real=0.00 secs] 
26.462: [GC 26.462: [DefNew: 1770K->85K(1920K), 0.0005970 secs] 25256K->23572K(26896K), 0.0006580 secs] [Times: user=0.00 sys=0.00, real=0.00 secs] 
26.466: [GC 26.466: [DefNew: 1770K->43K(1920K), 0.0005110 secs] 25257K->23530K(26896K), 0.0005710 secs] [Times: user=0.00 sys=0.00, real=0.00 secs] 
26.468: [GC 26.469: [DefNew: 1769K->134K(1920K), 0.0007190 secs] 25256K->23620K(26896K), 0.0007840 secs] [Times: user=0.00 sys=0.00, real=0.00 secs] 
26.472: [GC 26.472: [DefNew: 1854K->91K(1920K), 0.0006060 secs] 25340K->23578K(26896K), 0.0006680 secs] [Times: user=0.00 sys=0.00, real=0.00 secs] 
26.475: [GC 26.475: [DefNew: 1756K->93K(1920K), 0.0006130 secs] 25242K->23580K(26896K), 0.0006740 secs] [Times: user=0.00 sys=0.00, real=0.00 secs] 
26.478: [GC 26.479: [DefNew: 1792K->95K(1920K), 0.0006060 secs] 25278K->23581K(26896K), 0.0006680 secs] [Times: user=0.00 sys=0.00, real=0.00 secs] 
26.488: [GC 26.489: [DefNew: 1779K->48K(1920K), 0.0005250 secs] 25266K->23535K(26896K), 0.0005830 secs] [Times: user=0.00 sys=0.00, real=0.00 secs] 
26.492: [GC 26.492: [DefNew: 1765K->148K(1920K), 0.0007130 secs] 25252K->23634K(26896K), 0.0007810 secs] [Times: user=0.00 sys=0.00, real=0.00 secs] 
26.495: [GC 26.495: [DefNew: 1846K->100K(1920K), 0.0006330 secs] 25333K->23587K(26896K), 0.0006940 secs] [Times: user=0.00 sys=0.00, real=0.00 secs] 
26.498: [GC 26.498: [DefNew: 1727K->102K(1920K), 0.0006270 secs] 25214K->23589K(26896K), 0.0006890 secs] [Times: user=0.00 sys=0.00, real=0.00 secs] 
26.501: [GC 26.501: [DefNew: 1756K->104K(1920K), 0.0006330 secs] 25242K->23590K(26896K), 0.0006950 secs] [Times: user=0.00 sys=0.00, real=0.00 secs] 
26.504: [GC 26.504: [DefNew: 1784K->105K(1920K), 0.0006490 secs] 25271K->23592K(26896K), 0.0007110 secs] [Times: user=0.00 sys=0.00, real=0.01 secs] 
26.507: [GC 26.508: [DefNew: 1813K->107K(1920K), 0.0006430 secs] 25300K->23594K(26896K), 0.0007050 secs] [Times: user=0.00 sys=0.00, real=0.00 secs] 
26.511: [GC 26.511: [DefNew: 1787K->54K(1920K), 0.0005940 secs] 25274K->23541K(26896K), 0.0006570 secs] [Times: user=0.00 sys=0.00, real=0.00 secs] 
26.520: [GC 26.521: [DefNew: 1760K->165K(1920K), 0.0008290 secs] 25246K->23652K(26896K), 0.0009010 secs] [Times: user=0.01 sys=0.00, real=0.00 secs] 
26.524: [GC 26.524: [DefNew: 1840K->112K(1920K), 0.0006210 secs] 25327K->23599K(26896K), 0.0006840 secs] [Times: user=0.00 sys=0.00, real=0.00 secs] 
26.527: [GC 26.527: [DefNew: 1810K->170K(1920K), 0.0007540 secs] 25297K->23657K(26896K), 0.0008220 secs] [Times: user=0.00 sys=0.00, real=0.00 secs] 
26.531: [GC 26.531: [DefNew: 1892K->115K(1920K), 0.0006510 secs] 25379K->23602K(26896K), 0.0007130 secs] [Times: user=0.00 sys=0.00, real=0.00 secs] 
26.534: [GC 26.534: [DefNew: 1744K->116K(1920K), 0.0006640 secs] 25231K->23603K(26896K), 0.0007270 secs] [Times: user=0.00 sys=0.00, real=0.00 secs] 
26.537: [GC 26.537: [DefNew: 1766K->118K(1920K), 0.0008660 secs] 25253K->23605K(26896K), 0.0009630 secs] [Times: user=0.00 sys=0.00, real=0.01 secs] 
26.540: [GC 26.540: [DefNew: 1788K->119K(1920K), 0.0006660 secs] 25275K->23606K(26896K), 0.0007270 secs] [Times: user=0.00 sys=0.00, real=0.00 secs] 
26.550: [GC 26.550: [DefNew: 1810K->121K(1920K), 0.0006670 secs] 25297K->23608K(26896K), 0.0007300 secs] [Times: user=0.00 sys=0.00, real=0.00 secs] 
26.554: [GC 26.554: [DefNew: 1832K->122K(1920K), 0.0007310 secs] 25319K->23609K(26896K), 0.0007990 secs] [Times: user=0.00 sys=0.00, real=0.00 secs] 
26.557: [GC 26.557: [DefNew: 1792K->62K(1920K), 0.0007530 secs] 25279K->23548K(26896K), 0.0008160 secs] [Times: user=0.00 sys=0.00, real=0.01 secs] 
26.560: [GC 26.560: [DefNew: 1751K->188K(1920K), 0.0008100 secs] 25238K->23675K(26896K), 0.0008790 secs] [Times: user=0.00 sys=0.00, real=0.00 secs] 
26.563: [GC 26.563: [DefNew: 1833K->127K(1920K), 0.0007830 secs] 25320K->23613K(26896K), 0.0008490 secs] [Times: user=0.00 sys=0.00, real=0.00 secs] 
26.567: [GC 26.567: [DefNew: 1854K->64K(1920K), 0.0014910 secs] 25340K->23551K(26896K), 0.0015640 secs] [Times: user=0.00 sys=0.00, real=0.00 secs] 
26.577: [GC 26.577: [DefNew: 1680K->129K(1920K), 0.0006800 secs] 25167K->23616K(26896K), 0.0007460 secs] [Times: user=0.00 sys=0.00, real=0.01 secs] 
26.580: [GC 26.580: [DefNew: 1828K->131K(1920K), 0.0009260 secs] 25314K->23683K(26896K), 0.0009950 secs] [Times: user=0.00 sys=0.01, real=0.00 secs] 
26.584: [GC 26.584: [DefNew: 1847K->132K(1920K), 0.0007240 secs] 25399K->23684K(26896K), 0.0007910 secs] [Times: user=0.00 sys=0.00, real=0.00 secs] 
26.588: [GC 26.588: [DefNew: 1732K->133K(1920K), 0.0006750 secs] 25285K->23686K(26896K), 0.0007400 secs] [Times: user=0.00 sys=0.00, real=0.00 secs] 
26.591: [GC 26.591: [DefNew: 1749K->135K(1920K), 0.0006930 secs] 25301K->23687K(26896K), 0.0007570 secs] [Times: user=0.00 sys=0.00, real=0.00 secs] 
26.594: [GC 26.594: [DefNew: 1765K->136K(1920K), 0.0008010 secs] 25317K->23688K(26896K), 0.0008680 secs] [Times: user=0.00 sys=0.00, real=0.00 secs] 
26.598: [GC 26.599: [DefNew: 1782K->137K(1920K), 0.0006900 secs] 25334K->23689K(26896K), 0.0007560 secs] [Times: user=0.00 sys=0.00, real=0.00 secs] 
26.602: [GC 26.602: [DefNew: 1798K->138K(1920K), 0.0007030 secs] 25350K->23691K(26896K), 0.0007670 secs] [Times: user=0.00 sys=0.00, real=0.00 secs] 
26.605: [GC 26.605: [DefNew: 1815K->140K(1920K), 0.0007250 secs] 25367K->23692K(26896K), 0.0007900 secs] [Times: user=0.01 sys=0.00, real=0.01 secs] 
26.608: [GC 26.608: [DefNew: 1831K->141K(1920K), 0.0007750 secs] 25383K->23693K(26896K), 0.0008420 secs] [Times: user=0.00 sys=0.00, real=0.00 secs] 
26.619: [GC 26.619: [DefNew: 1848K->142K(1920K), 0.0007060 secs] 25400K->23694K(26896K), 0.0007720 secs] [Times: user=0.00 sys=0.00, real=0.00 secs] 
26.623: [GC 26.623: [DefNew: 1864K->143K(1920K), 0.0007000 secs] 25416K->23696K(26896K), 0.0007670 secs] [Times: user=0.00 sys=0.00, real=0.00 secs] 
26.626: [GC 26.626: [DefNew: 1808K->72K(1920K), 0.0005920 secs] 25360K->23624K(26896K), 0.0015530 secs] [Times: user=0.00 sys=0.00, real=0.00 secs] 
26.630: [GC 26.630: [DefNew: 1750K->146K(1920K), 0.0010380 secs] 25303K->23771K(26896K), 0.0011100 secs] [Times: user=0.00 sys=0.00, real=0.00 secs] 
26.633: [GC 26.633: [DefNew: 1764K->147K(1920K), 0.0007190 secs] 25390K->23772K(26896K), 0.0007860 secs] [Times: user=0.00 sys=0.00, real=0.00 secs] 
26.636: [GC 26.644: [DefNew: 1853K->74K(1920K), 0.0005550 secs] 25478K->23699K(26896K), 0.0006370 secs] [Times: user=0.00 sys=0.00, real=0.01 secs] 
26.648: [GC 26.649: [DefNew: 1793K->149K(1920K), 0.0009680 secs] 25419K->23850K(26896K), 0.0010400 secs] [Times: user=0.01 sys=0.00, real=0.00 secs] 
26.652: [GC 26.652: [DefNew: 1807K->151K(1920K), 0.0007270 secs] 25508K->23851K(26896K), 0.0007930 secs] [Times: user=0.00 sys=0.00, real=0.00 secs] 
26.655: [GC 26.655: [DefNew: 1821K->152K(1920K), 0.0009550 secs] 25522K->23928K(26896K), 0.0010270 secs] [Times: user=0.00 sys=0.00, real=0.00 secs] 
26.660: [GC 26.660: [DefNew: 1835K->153K(1920K), 0.0007230 secs] 25612K->23929K(26896K), 0.0007890 secs] [Times: user=0.00 sys=0.00, real=0.00 secs] 
26.663: [GC 26.663: [DefNew: 1849K->154K(1920K), 0.0009530 secs] 25625K->24008K(26896K), 0.0011170 secs] [Times: user=0.00 sys=0.00, real=0.00 secs] 
26.668: [GC 26.668: [DefNew: 1863K->155K(1920K), 0.0007280 secs] 25717K->24009K(26896K), 0.0007960 secs] [Times: user=0.00 sys=0.00, real=0.00 secs] 
26.671: [GC 26.672: [DefNew: 1877K->156K(1920K), 0.0009600 secs] 25731K->24088K(26896K), 0.0010320 secs] [Times: user=0.00 sys=0.00, real=0.00 secs] 
26.675: [GC 26.675: [DefNew: 1812K->79K(1920K), 0.0006020 secs] 25744K->24011K(26896K), 0.0006650 secs] [Times: user=0.00 sys=0.00, real=0.00 secs] 
26.686: [GC 26.686: [DefNew: 1746K->159K(1920K), 0.0007540 secs] 25678K->24091K(26896K), 0.0008220 secs] [Times: user=0.00 sys=0.00, real=0.00 secs] 
26.690: [GC 26.690: [DefNew: 1757K->160K(1920K), 0.0007450 secs] 25689K->24092K(26896K), 0.0008130 secs] [Times: user=0.00 sys=0.00, real=0.00 secs] 
26.693: [GC 26.694: [DefNew: 1769K->161K(1920K), 0.0007330 secs] 25701K->24093K(26896K), 0.0008000 secs] [Times: user=0.00 sys=0.00, real=0.00 secs] 
26.698: [GC 26.698: [DefNew: 1780K->162K(1920K), 0.0007380 secs] 25712K->24094K(26896K), 0.0008050 secs] [Times: user=0.00 sys=0.00, real=0.00 secs] 
26.701: [GC 26.701: [DefNew: 1792K->163K(1920K), 0.0007930 secs] 25724K->24095K(26896K), 0.0008600 secs] [Times: user=0.00 sys=0.00, real=0.00 secs] 
26.712: [GC 26.712: [DefNew: 1804K->164K(1920K), 0.0007670 secs] 25736K->24096K(26896K), 0.0008350 secs] [Times: user=0.00 sys=0.00, real=0.00 secs] 
26.716: [GC 26.716: [DefNew: 1815K->165K(1920K), 0.0016340 secs] 25747K->24097K(26896K), 0.0017070 secs] [Times: user=0.00 sys=0.00, real=0.01 secs] 
26.720: [GC 26.720: [DefNew: 1827K->166K(1920K), 0.0008550 secs] 25759K->24098K(26896K), 0.0009250 secs] [Times: user=0.00 sys=0.00, real=0.00 secs] 
26.723: [GC 26.723: [DefNew: 1838K->167K(1920K), 0.0007570 secs] 25771K->24099K(26896K), 0.0008250 secs] [Times: user=0.00 sys=0.00, real=0.00 secs] 
26.729: [GC 26.729: [DefNew: 1850K->168K(1920K), 0.0007820 secs] 25782K->24100K(26896K), 0.0008520 secs] [Times: user=0.00 sys=0.00, real=0.00 secs] 
26.732: [GC 26.732: [DefNew: 1862K->169K(1920K), 0.0007610 secs] 25794K->24101K(26896K), 0.0043710 secs] [Times: user=0.01 sys=0.00, real=0.00 secs] 
26.743: [GC 26.743: [DefNew: 1873K->170K(1920K), 0.0007600 secs] 25805K->24102K(26896K), 0.0008280 secs] [Times: user=0.00 sys=0.00, real=0.00 secs] 
26.749: [GC 26.749: [DefNew: 1885K->171K(1920K), 0.0007880 secs] 25817K->24103K(26896K), 0.0008580 secs] [Times: user=0.01 sys=0.00, real=0.00 secs] 
26.752: [GC 26.752: [DefNew: 1896K->172K(1920K), 0.0007690 secs] 25829K->24104K(26896K), 0.0008370 secs] [Times: user=0.00 sys=0.00, real=0.00 secs] 
26.757: [GC 26.757: [DefNew: 1821K->87K(1920K), 0.0005550 secs] 25753K->24019K(26896K), 0.0006160 secs] [Times: user=0.00 sys=0.00, real=0.01 secs] 
26.760: [GC 26.760: [DefNew: 1745K->174K(1920K), 0.0010520 secs] 25677K->24194K(26896K), 0.0011220 secs] [Times: user=0.00 sys=0.00, real=0.00 secs] 
26.772: [GC 26.772: [DefNew: 1754K->175K(1920K), 0.0007670 secs] 25774K->24195K(26896K), 0.0008370 secs] [Times: user=0.00 sys=0.00, real=0.00 secs] 
26.775: [GC 26.775: [DefNew: 1852K->88K(1920K), 0.0014500 secs] 25872K->24107K(26896K), 0.0015250 secs] [Times: user=0.00 sys=0.00, real=0.00 secs] 
26.779: [GC 26.779: [DefNew: 1774K->177K(1920K), 0.0011560 secs] 25794K->24285K(26896K), 0.0012260 secs] [Times: user=0.00 sys=0.00, real=0.00 secs] 
26.783: [GC 26.783: [DefNew: 1784K->178K(1920K), 0.0007990 secs] 25892K->24287K(26896K), 0.0008690 secs] [Times: user=0.00 sys=0.00, real=0.00 secs] 
26.787: [GC 26.788: [DefNew: 1883K->89K(1920K), 0.0006000 secs] 25991K->24198K(26896K), 0.0006620 secs] [Times: user=0.00 sys=0.00, real=0.00 secs] 
26.791: [GC 26.791: [DefNew: 1804K->180K(1920K), 0.0010460 secs] 25912K->24379K(26896K), 0.0011160 secs] [Times: user=0.00 sys=0.00, real=0.00 secs] 
26.795: [GC 26.795: [DefNew: 1813K->181K(1920K), 0.0017470 secs] 26012K->24380K(26896K), 0.0018210 secs] [Times: user=0.00 sys=0.00, real=0.00 secs] 
26.799: [GC 26.799: [DefNew: 1823K->182K(1920K), 0.0010730 secs] 26021K->24472K(26896K), 0.0011420 secs] [Times: user=0.00 sys=0.00, real=0.00 secs] 
26.811: [GC 26.811: [DefNew: 1832K->183K(1920K), 0.0008360 secs] 26122K->24473K(26896K), 0.0009070 secs] [Times: user=0.00 sys=0.00, real=0.00 secs] 
26.814: [GC 26.815: [DefNew: 1842K->184K(1920K), 0.0010700 secs] 26132K->24566K(26896K), 0.0011410 secs] [Times: user=0.00 sys=0.00, real=0.00 secs] 
26.818: [GC 26.818: [DefNew: 1851K->185K(1920K), 0.0008030 secs] 26233K->24567K(26896K), 0.0008730 secs] [Times: user=0.00 sys=0.00, real=0.00 secs] 
26.822: [GC 26.822: [DefNew: 1861K->186K(1920K), 0.0010630 secs] 26243K->24661K(26896K), 0.0011320 secs] [Times: user=0.00 sys=0.00, real=0.00 secs] 
26.825: [GC 26.825: [DefNew: 1870K->187K(1920K), 0.0007960 secs] 26346K->24662K(26896K), 0.0008650 secs] [Times: user=0.00 sys=0.00, real=0.00 secs] 
26.829: [GC 26.829: [DefNew: 1880K->188K(1920K), 0.0010890 secs] 26355K->24757K(26896K), 0.0012730 secs] [Times: user=0.01 sys=0.00, real=0.00 secs] 
26.833: [GC 26.833: [DefNew: 1889K->189K(1920K), 0.0011860 secs] 26459K->24758K(26896K), 0.0012580 secs] [Times: user=0.00 sys=0.00, real=0.00 secs] 
26.836: [GC 26.837: [DefNew: 1899K->190K(1920K), 0.0062600 secs] 26468K->24854K(26896K), 0.0063320 secs] [Times: user=0.01 sys=0.00, real=0.01 secs] 
26.848: [GC 26.848: [DefNew: 1908K->191K(1920K), 0.0008080 secs] 26573K->24855K(26896K), 0.0008770 secs] [Times: user=0.00 sys=0.00, real=0.00 secs] 
26.859: [GC 26.859: [DefNew: 1918K->96K(1920K), 0.0010390 secs] 26582K->24952K(26896K), 0.0011070 secs] [Times: user=0.00 sys=0.00, real=0.00 secs] 
26.863: [GC 26.863: [DefNew: 1735K->96K(1920K), 0.0006470 secs] 26591K->24953K(26896K), 0.0008030 secs] [Times: user=0.00 sys=0.00, real=0.00 secs] 
26.870: [GC 26.870: [DefNew: 1743K->97K(1920K), 0.0008610 secs] 26599K->25050K(26896K), 0.0009320 secs] [Times: user=0.00 sys=0.00, real=0.00 secs] 
26.875: [GC 26.875: [DefNew: 1667K->102K(1920K), 0.0010670 secs]26.876: [Tenured: 25050K->15199K(25104K), 0.1496660 secs] 26620K->15199K(27024K), [Perm : 1992K->1992K(12288K)], 0.1508920 secs] [Times: user=0.10 sys=0.00, real=0.16 secs] 
27.071: [GC 27.071: [DefNew: 1689K->104K(1984K), 0.0015400 secs] 16888K->15596K(27320K), 0.0016150 secs] [Times: user=0.00 sys=0.00, real=0.00 secs] 
27.076: [GC 27.076: [DefNew: 1871K->98K(1984K), 0.0011640 secs] 17363K->15793K(27320K), 0.0012310 secs] [Times: user=0.00 sys=0.00, real=0.01 secs] 
27.101: [GC 27.101: [DefNew: 1833K->99K(1984K), 0.0006050 secs] 17528K->15794K(27320K), 0.0006680 secs] [Times: user=0.00 sys=0.00, real=0.00 secs] 
27.105: [GC 27.105: [DefNew: 1783K->99K(1984K), 0.0008500 secs] 17479K->15894K(27320K), 0.0009220 secs] [Times: user=0.01 sys=0.00, real=0.01 secs] 
27.108: [GC 27.108: [DefNew: 1890K->99K(1984K), 0.0032310 secs] 17685K->16093K(27320K), 0.0033030 secs] [Times: user=0.00 sys=0.00, real=0.00 secs] 
27.140: [GC 27.140: [DefNew: 1799K->100K(1984K), 0.0006210 secs] 17793K->16094K(27320K), 0.0006850 secs] [Times: user=0.00 sys=0.00, real=0.00 secs] 
27.147: [GC 27.147: [DefNew: 1807K->100K(1984K), 0.0007100 secs] 17802K->16195K(27320K), 0.0007770 secs] [Times: user=0.00 sys=0.00, real=0.00 secs] 
27.161: [GC 27.161: [DefNew: 1714K->101K(1984K), 0.0009510 secs] 17809K->16296K(27320K), 0.0010240 secs] [Times: user=0.00 sys=0.00, real=0.00 secs] 
27.164: [GC 27.164: [DefNew: 1722K->101K(1984K), 0.0008190 secs] 17917K->16398K(27320K), 0.0008890 secs] [Times: user=0.00 sys=0.00, real=0.00 secs] 
27.167: [GC 27.167: [DefNew: 1729K->101K(1984K), 0.0008110 secs] 18026K->16500K(27320K), 0.0008800 secs] [Times: user=0.00 sys=0.00, real=0.00 secs] 
27.182: [GC 27.182: [DefNew: 1736K->102K(1984K), 0.0008050 secs] 18135K->16603K(27320K), 0.0008770 secs] [Times: user=0.00 sys=0.00, real=0.00 secs] 
27.186: [GC 27.186: [DefNew: 1743K->102K(1984K), 0.0009250 secs] 18244K->16706K(27320K), 0.0009950 secs] [Times: user=0.00 sys=0.00, real=0.00 secs] 
27.189: [GC 27.189: [DefNew: 1750K->103K(1984K), 0.0008150 secs] 18354K->16810K(27320K), 0.0010100 secs] [Times: user=0.01 sys=0.00, real=0.00 secs] 
27.208: [GC 27.208: [DefNew: 1757K->103K(1984K), 0.0008570 secs] 18464K->16914K(27320K), 0.0009250 secs] [Times: user=0.00 sys=0.00, real=0.00 secs] 
27.220: [GC 27.220: [DefNew: 1765K->103K(1984K), 0.0007990 secs] 18575K->17018K(27320K), 0.0008650 secs] [Times: user=0.00 sys=0.00, real=0.00 secs] 
27.226: [GC 27.227: [DefNew: 1772K->104K(1984K), 0.0007230 secs] 18686K->17123K(27320K), 0.0008620 secs] [Times: user=0.00 sys=0.00, real=0.00 secs] 
27.236: [GC 27.236: [DefNew: 1779K->104K(1984K), 0.0008060 secs] 18798K->17228K(27320K), 0.0008730 secs] [Times: user=0.00 sys=0.00, real=0.00 secs] 
27.253: [GC 27.253: [DefNew: 1786K->105K(1984K), 0.0008300 secs] 18910K->17334K(27320K), 0.0009000 secs] [Times: user=0.00 sys=0.00, real=0.00 secs] 
27.263: [GC 27.263: [DefNew: 1889K->116K(1984K), 0.0005750 secs] 19118K->17345K(27320K), 0.0006350 secs] [Times: user=0.00 sys=0.00, real=0.00 secs] 
27.272: [GC 27.272: [DefNew: 1902K->33K(1984K), 0.0006310 secs] 19131K->17367K(27320K), 0.0006930 secs] [Times: user=0.00 sys=0.00, real=0.00 secs] 
27.287: [GC 27.287: [DefNew: 1819K->14K(1984K), 0.0004120 secs] 19153K->17349K(27320K), 0.0004690 secs] [Times: user=0.00 sys=0.00, real=0.00 secs] 
27.296: [GC 27.296: [DefNew: 1788K->35K(1984K), 0.0004380 secs] 19123K->17369K(27320K), 0.0004940 secs] [Times: user=0.00 sys=0.00, real=0.00 secs] 
27.312: [GC 27.312: [DefNew: 1815K->60K(1984K), 0.0004900 secs] 19149K->17394K(27320K), 0.0005510 secs] [Times: user=0.00 sys=0.00, real=0.00 secs] 
27.321: [GC 27.321: [DefNew: 1848K->66K(1984K), 0.0005880 secs] 19182K->17401K(27320K), 0.0006500 secs] [Times: user=0.00 sys=0.00, real=0.00 secs] 
27.324: [GC 27.324: [DefNew: 1845K->72K(1984K), 0.0005670 secs] 19179K->17407K(27320K), 0.0006270 secs] [Times: user=0.00 sys=0.00, real=0.00 secs] 
27.337: [GC 27.337: [DefNew: 1846K->52K(1984K), 0.0004740 secs] 19180K->17386K(27320K), 0.0005330 secs] [Times: user=0.00 sys=0.00, real=0.00 secs] 
27.356: [GC 27.357: [DefNew: 1842K->83K(1984K), 0.0004930 secs] 19177K->17418K(27320K), 0.0005520 secs] [Times: user=0.00 sys=0.00, real=0.00 secs] 
27.365: [GC 27.365: [DefNew: 1870K->59K(1984K), 0.0004620 secs] 19204K->17393K(27320K), 0.0005180 secs] [Times: user=0.01 sys=0.00, real=0.01 secs] 
27.377: [GC 27.377: [DefNew: 1820K->93K(1984K), 0.0005240 secs] 19155K->17427K(27320K), 0.0005830 secs] [Times: user=0.00 sys=0.00, real=0.00 secs] 
27.381: [GC 27.381: [DefNew: 1878K->97K(1984K), 0.0005410 secs] 19212K->17431K(27320K), 0.0006020 secs] [Times: user=0.00 sys=0.00, real=0.00 secs] 
27.384: [GC 27.384: [DefNew: 1863K->34K(1984K), 0.0005020 secs] 19197K->17368K(27320K), 0.0005620 secs] [Times: user=0.00 sys=0.00, real=0.00 secs] 
27.388: [GC 27.388: [DefNew: 1803K->105K(1984K), 0.0006110 secs] 19137K->17440K(27320K), 0.0006750 secs] [Times: user=0.00 sys=0.00, real=0.00 secs] 
27.400: [GC 27.400: [DefNew: 1870K->36K(1984K), 0.0004640 secs] 19204K->17371K(27320K), 0.0005220 secs] [Times: user=0.00 sys=0.00, real=0.00 secs] 
27.417: [GC 27.417: [DefNew: 1826K->37K(1984K), 0.0004570 secs] 19160K->17372K(27320K), 0.0005160 secs] [Times: user=0.00 sys=0.00, real=0.00 secs] 
27.422: [GC 27.422: [DefNew: 1771K->78K(1984K), 0.0004980 secs] 19105K->17412K(27320K), 0.0005570 secs] [Times: user=0.00 sys=0.00, real=0.00 secs] 
27.427: [GC 27.427: [DefNew: 1824K->80K(1984K), 0.0006180 secs] 19158K->17414K(27320K), 0.0006800 secs] [Times: user=0.00 sys=0.00, real=0.00 secs] 
27.435: [GC 27.435: [DefNew: 1836K->41K(1984K), 0.0004500 secs] 19170K->17375K(27320K), 0.0005070 secs] [Times: user=0.00 sys=0.00, real=0.00 secs] 
27.447: [GC 27.447: [DefNew: 1761K->84K(1984K), 0.0005330 secs] 19095K->17419K(27320K), 0.0005920 secs] [Times: user=0.00 sys=0.00, real=0.00 secs] 
27.453: [GC 27.453: [DefNew: 1805K->87K(1984K), 0.0006440 secs] 19139K->17421K(27320K), 0.0007070 secs] [Times: user=0.00 sys=0.00, real=0.00 secs] 
27.464: [GC 27.464: [DefNew: 1849K->89K(1984K), 0.0005540 secs] 19184K->17423K(27320K), 0.0006140 secs] [Times: user=0.00 sys=0.00, real=0.00 secs] 
27.477: [GC 27.477: [DefNew: 1848K->45K(1984K), 0.0005460 secs] 19182K->17380K(27320K), 0.0006080 secs] [Times: user=0.00 sys=0.00, real=0.00 secs] 
27.484: [GC 27.485: [DefNew: 1752K->93K(1984K), 0.0005430 secs] 19086K->17427K(27320K), 0.0006040 secs] [Times: user=0.00 sys=0.00, real=0.01 secs] 
27.499: [GC 27.499: [DefNew: 1883K->142K(1984K), 0.0006120 secs] 19217K->17476K(27320K), 0.0006750 secs] [Times: user=0.00 sys=0.00, real=0.00 secs] 
27.505: [GC 27.505: [DefNew: 1922K->48K(1984K), 0.0005200 secs] 19256K->17382K(27320K), 0.0005810 secs] [Times: user=0.00 sys=0.00, real=0.00 secs] 
27.513: [GC 27.514: [DefNew: 1814K->49K(1984K), 0.0005440 secs] 19149K->17383K(27320K), 0.0006050 secs] [Times: user=0.00 sys=0.00, real=0.00 secs] 
27.522: [GC 27.522: [DefNew: 1799K->151K(1984K), 0.0006400 secs] 19133K->17485K(27320K), 0.0007030 secs] [Times: user=0.00 sys=0.00, real=0.00 secs] 
27.532: [GC 27.532: [DefNew: 1882K->102K(1984K), 0.0005020 secs] 19216K->17436K(27320K), 0.0005590 secs] [Times: user=0.00 sys=0.00, real=0.00 secs] 
27.536: [GC 27.536: [DefNew: 1864K->156K(1984K), 0.0006510 secs] 19198K->17490K(27320K), 0.0007170 secs] [Times: user=0.00 sys=0.00, real=0.00 secs] 
27.544: [GC 27.544: [DefNew: 1948K->106K(1984K), 0.0005430 secs] 19282K->17440K(27320K), 0.0006030 secs] [Times: user=0.00 sys=0.00, real=0.00 secs] 
27.553: [GC 27.553: [DefNew: 1820K->107K(1984K), 0.0006650 secs] 19155K->17442K(27320K), 0.0007270 secs] [Times: user=0.00 sys=0.00, real=0.00 secs] 
27.557: [GC 27.557: [DefNew: 1849K->109K(1984K), 0.0006250 secs] 19183K->17443K(27320K), 0.0006880 secs] [Times: user=0.01 sys=0.00, real=0.01 secs] 
27.560: [GC 27.560: [DefNew: 1878K->111K(1984K), 0.0006180 secs] 19212K->17445K(27320K), 0.0006790 secs] [Times: user=0.00 sys=0.00, real=0.00 secs] 
27.564: [GC 27.564: [DefNew: 1850K->56K(1984K), 0.0004770 secs] 19184K->17390K(27320K), 0.0005340 secs] [Times: user=0.00 sys=0.00, real=0.00 secs] 
27.567: [GC 27.567: [DefNew: 1820K->171K(1984K), 0.0007400 secs] 19155K->17505K(27320K), 0.0008070 secs] [Times: user=0.00 sys=0.00, real=0.00 secs] 
27.570: [GC 27.570: [DefNew: 1903K->116K(1984K), 0.0006240 secs] 19237K->17450K(27320K), 0.0006860 secs] [Times: user=0.00 sys=0.00, real=0.00 secs] 
27.574: [GC 27.574: [DefNew: 1871K->176K(1984K), 0.0007620 secs] 19205K->17510K(27320K), 0.0008300 secs] [Times: user=0.00 sys=0.00, real=0.00 secs] 
27.577: [GC 27.577: [DefNew: 1955K->119K(1984K), 0.0006410 secs] 19289K->17453K(27320K), 0.0007290 secs] [Times: user=0.01 sys=0.00, real=0.01 secs] 
27.587: [GC 27.587: [DefNew: 1801K->120K(1984K), 0.0006190 secs] 19135K->17455K(27320K), 0.0006820 secs] [Times: user=0.00 sys=0.00, real=0.00 secs] 
27.590: [GC 27.590: [DefNew: 1823K->122K(1984K), 0.0006350 secs] 19157K->17456K(27320K), 0.0006970 secs] [Times: user=0.00 sys=0.00, real=0.00 secs] 
27.594: [GC 27.594: [DefNew: 1845K->123K(1984K), 0.0005810 secs] 19179K->17458K(27320K), 0.0006430 secs] [Times: user=0.00 sys=0.00, real=0.00 secs] 
27.597: [GC 27.598: [DefNew: 1867K->125K(1984K), 0.0006090 secs] 19202K->17459K(27320K), 0.0006720 secs] [Times: user=0.00 sys=0.00, real=0.00 secs] 
27.601: [GC 27.601: [DefNew: 1889K->126K(1984K), 0.0006780 secs] 19224K->17461K(27320K), 0.0007420 secs] [Times: user=0.00 sys=0.00, real=0.00 secs] 
27.604: [GC 27.604: [DefNew: 1912K->128K(1984K), 0.0006410 secs] 19246K->17462K(27320K), 0.0007050 secs] [Times: user=0.00 sys=0.00, real=0.00 secs] 
27.607: [GC 27.607: [DefNew: 1869K->64K(1984K), 0.0005540 secs] 19203K->17399K(27320K), 0.0006130 secs] [Times: user=0.00 sys=0.00, real=0.00 secs] 
27.614: [GC 27.615: [DefNew: 1825K->130K(1984K), 0.0008080 secs] 19159K->17530K(27320K), 0.0008800 secs] [Times: user=0.00 sys=0.00, real=0.00 secs] 
27.618: [GC 27.618: [DefNew: 1844K->132K(1984K), 0.0006720 secs] 19244K->17532K(27320K), 0.0008180 secs] [Times: user=0.00 sys=0.00, real=0.00 secs] 
27.625: [GC 27.625: [DefNew: 1863K->133K(1984K), 0.0008300 secs] 19263K->17600K(27320K), 0.0009030 secs] [Times: user=0.01 sys=0.00, real=0.01 secs] 
27.628: [GC 27.628: [DefNew: 1882K->135K(1984K), 0.0007790 secs] 19349K->17601K(27320K), 0.0008800 secs] [Times: user=0.00 sys=0.00, real=0.00 secs] 
27.632: [GC 27.632: [DefNew: 1902K->136K(1984K), 0.0008280 secs] 19368K->17671K(27320K), 0.0008980 secs] [Times: user=0.00 sys=0.00, real=0.00 secs] 
27.635: [GC 27.635: [DefNew: 1921K->137K(1984K), 0.0007760 secs] 19456K->17672K(27320K), 0.0008430 secs] [Times: user=0.00 sys=0.00, real=0.00 secs] 
27.645: [GC 27.645: [DefNew: 1801K->139K(1984K), 0.0007930 secs] 19336K->17673K(27320K), 0.0008630 secs] [Times: user=0.00 sys=0.00, real=0.01 secs] 
27.648: [GC 27.648: [DefNew: 1817K->140K(1984K), 0.0006820 secs] 19352K->17675K(27320K), 0.0007450 secs] [Times: user=0.00 sys=0.00, real=0.00 secs] 
27.651: [GC 27.651: [DefNew: 1834K->141K(1984K), 0.0007650 secs] 19369K->17676K(27320K), 0.0008320 secs] [Times: user=0.00 sys=0.00, real=0.00 secs] 
27.655: [GC 27.655: [DefNew: 1850K->142K(1984K), 0.0006840 secs] 19385K->17677K(27320K), 0.0007490 secs] [Times: user=0.00 sys=0.00, real=0.00 secs] 
27.658: [GC 27.658: [DefNew: 1867K->144K(1984K), 0.0007010 secs] 19401K->17678K(27320K), 0.0007650 secs] [Times: user=0.00 sys=0.00, real=0.00 secs] 
27.662: [GC 27.663: [DefNew: 1883K->145K(1984K), 0.0006860 secs] 19418K->17680K(27320K), 0.0007530 secs] [Times: user=0.00 sys=0.00, real=0.00 secs] 
27.673: [GC 27.673: [DefNew: 1900K->146K(1984K), 0.0007910 secs] 19434K->17681K(27320K), 0.0008590 secs] [Times: user=0.00 sys=0.00, real=0.00 secs] 
27.676: [GC 27.676: [DefNew: 1916K->147K(1984K), 0.0006920 secs] 19451K->17682K(27320K), 0.0007570 secs] [Times: user=0.00 sys=0.00, real=0.00 secs] 
27.680: [GC 27.680: [DefNew: 1933K->149K(1984K), 0.0006840 secs] 19467K->17684K(27320K), 0.0007510 secs] [Times: user=0.00 sys=0.00, real=0.00 secs] 
27.683: [GC 27.683: [DefNew: 1874K->75K(1984K), 0.0005730 secs] 19408K->17610K(27320K), 0.0006320 secs] [Times: user=0.00 sys=0.00, real=0.00 secs] 
27.686: [GC 27.686: [DefNew: 1814K->151K(1984K), 0.0008930 secs] 19348K->17762K(27320K), 0.0009640 secs] [Times: user=0.00 sys=0.00, real=0.00 secs] 
27.690: [GC 27.691: [DefNew: 1828K->152K(1984K), 0.0006050 secs] 19438K->17763K(27320K), 0.0006670 secs] [Times: user=0.00 sys=0.00, real=0.00 secs] 
27.694: [GC 27.694: [DefNew: 1919K->77K(1984K), 0.0005680 secs] 19529K->17687K(27320K), 0.0006270 secs] [Times: user=0.00 sys=0.00, real=0.00 secs] 
27.697: [GC 27.697: [DefNew: 1857K->155K(1984K), 0.0008630 secs] 19467K->17843K(27320K), 0.0009360 secs] [Times: user=0.00 sys=0.01, real=0.01 secs] 
27.701: [GC 27.701: [DefNew: 1871K->156K(1984K), 0.0017480 secs] 19559K->17844K(27320K), 0.0018210 secs] [Times: user=0.00 sys=0.00, real=0.00 secs] 
27.707: [GC 27.707: [DefNew: 1885K->157K(1984K), 0.0009050 secs] 19573K->17924K(27320K), 0.0009770 secs] [Times: user=0.00 sys=0.00, real=0.00 secs] 
27.718: [GC 27.718: [DefNew: 1898K->158K(1984K), 0.0006900 secs] 19665K->17925K(27320K), 0.0007590 secs] [Times: user=0.00 sys=0.00, real=0.00 secs] 
27.722: [GC 27.722: [DefNew: 1912K->159K(1984K), 0.0009030 secs] 19679K->18006K(27320K), 0.0009750 secs] [Times: user=0.00 sys=0.00, real=0.00 secs] 
27.725: [GC 27.726: [DefNew: 1926K->161K(1984K), 0.0007040 secs] 19773K->18007K(27320K), 0.0007700 secs] [Times: user=0.00 sys=0.00, real=0.00 secs] 
27.729: [GC 27.729: [DefNew: 1940K->162K(1984K), 0.0009630 secs] 19787K->18089K(27320K), 0.0010340 secs] [Times: user=0.00 sys=0.00, real=0.00 secs] 
27.732: [GC 27.732: [DefNew: 1872K->81K(1984K), 0.0005910 secs] 19800K->18009K(27320K), 0.0006510 secs] [Times: user=0.01 sys=0.00, real=0.00 secs] 
27.736: [GC 27.736: [DefNew: 1804K->164K(1984K), 0.0007260 secs] 19731K->18092K(27320K), 0.0007920 secs] [Times: user=0.00 sys=0.00, real=0.00 secs] 
27.739: [GC 27.739: [DefNew: 1815K->165K(1984K), 0.0007230 secs] 19743K->18093K(27320K), 0.0007900 secs] [Times: user=0.00 sys=0.00, real=0.00 secs] 
27.749: [GC 27.749: [DefNew: 1827K->166K(1984K), 0.0007300 secs] 19755K->18094K(27320K), 0.0007970 secs] [Times: user=0.00 sys=0.00, real=0.00 secs] 
27.753: [GC 27.753: [DefNew: 1838K->167K(1984K), 0.0009770 secs] 19766K->18095K(27320K), 0.0010480 secs] [Times: user=0.00 sys=0.00, real=0.00 secs] 
27.756: [GC 27.756: [DefNew: 1850K->168K(1984K), 0.0007330 secs] 19778K->18096K(27320K), 0.0007990 secs] [Times: user=0.00 sys=0.00, real=0.00 secs] 
27.759: [GC 27.760: [DefNew: 1862K->169K(1984K), 0.0007450 secs] 19789K->18097K(27320K), 0.0008140 secs] [Times: user=0.00 sys=0.00, real=0.00 secs] 
27.763: [GC 27.763: [DefNew: 1873K->170K(1984K), 0.0007060 secs] 19801K->18098K(27320K), 0.0007710 secs] [Times: user=0.00 sys=0.00, real=0.00 secs] 
27.767: [GC 27.767: [DefNew: 1885K->171K(1984K), 0.0007430 secs] 19813K->18099K(27320K), 0.0008120 secs] [Times: user=0.00 sys=0.00, real=0.00 secs] 
27.777: [GC 27.777: [DefNew: 1896K->172K(1984K), 0.0008590 secs] 19824K->18100K(27320K), 0.0009310 secs] [Times: user=0.00 sys=0.00, real=0.01 secs] 
27.780: [GC 27.780: [DefNew: 1908K->173K(1984K), 0.0007880 secs] 19836K->18101K(27320K), 0.0008570 secs] [Times: user=0.00 sys=0.01, real=0.00 secs] 
27.784: [GC 27.784: [DefNew: 1920K->174K(1984K), 0.0007500 secs] 19847K->18102K(27320K), 0.0008160 secs] [Times: user=0.00 sys=0.00, real=0.00 secs] 
27.787: [GC 27.787: [DefNew: 1931K->176K(1984K), 0.0007620 secs] 19859K->18103K(27320K), 0.0008290 secs] [Times: user=0.00 sys=0.00, real=0.00 secs] 
27.791: [GC 27.791: [DefNew: 1943K->177K(1984K), 0.0007580 secs] 19871K->18104K(27320K), 0.0008250 secs] [Times: user=0.00 sys=0.00, real=0.00 secs] 
27.794: [GC 27.794: [DefNew: 1954K->178K(1984K), 0.0008500 secs] 19882K->18105K(27320K), 0.0009180 secs] [Times: user=0.00 sys=0.00, real=0.00 secs] 
27.805: [GC 27.805: [DefNew: 1966K->179K(1984K), 0.0008560 secs] 19894K->18106K(27320K), 0.0009270 secs] [Times: user=0.01 sys=0.00, real=0.01 secs] 
27.808: [GC 27.808: [DefNew: 1888K->90K(1984K), 0.0005930 secs] 19815K->18017K(27320K), 0.0006540 secs] [Times: user=0.00 sys=0.00, real=0.00 secs] 
27.812: [GC 27.812: [DefNew: 1808K->181K(1984K), 0.0009240 secs] 19736K->18199K(27320K), 0.0009930 secs] [Times: user=0.00 sys=0.00, real=0.00 secs] 
27.815: [GC 27.815: [DefNew: 1818K->182K(1984K), 0.0007860 secs] 19836K->18200K(27320K), 0.0008540 secs] [Times: user=0.00 sys=0.00, real=0.00 secs] 
27.819: [GC 27.819: [DefNew: 1919K->91K(1984K), 0.0006000 secs] 19937K->18109K(27320K), 0.0006600 secs] [Times: user=0.00 sys=0.00, real=0.00 secs] 
27.822: [GC 27.822: [DefNew: 1838K->184K(1984K), 0.0010140 secs] 19856K->18294K(27320K), 0.0010850 secs] [Times: user=0.00 sys=0.00, real=0.00 secs] 
27.826: [GC 27.826: [DefNew: 1847K->185K(1984K), 0.0007750 secs] 19957K->18295K(27320K), 0.0008420 secs] [Times: user=0.00 sys=0.00, real=0.00 secs] 
27.829: [GC 27.829: [DefNew: 1950K->93K(1984K), 0.0006090 secs] 20060K->18203K(27320K), 0.0006710 secs] [Times: user=0.00 sys=0.00, real=0.00 secs] 
27.833: [GC 27.833: [DefNew: 1867K->187K(1984K), 0.0010580 secs] 19977K->18390K(27320K), 0.0011280 secs] [Times: user=0.00 sys=0.00, real=0.00 secs] 
27.836: [GC 27.836: [DefNew: 1877K->188K(1984K), 0.0059170 secs] 20080K->18391K(27320K), 0.0059920 secs] [Times: user=0.01 sys=0.00, real=0.01 secs] 
27.847: [GC 27.847: [DefNew: 1886K->188K(1984K), 0.0009840 secs] 20090K->18487K(27320K), 0.0010550 secs] [Times: user=0.00 sys=0.00, real=0.00 secs] 
27.851: [GC 27.851: [DefNew: 1896K->189K(1984K), 0.0007780 secs] 20194K->18488K(27320K), 0.0008480 secs] [Times: user=0.00 sys=0.00, real=0.00 secs] 
27.854: [GC 27.854: [DefNew: 1905K->190K(1984K), 0.0010160 secs] 20203K->18584K(27320K), 0.0010870 secs] [Times: user=0.00 sys=0.00, real=0.00 secs] 
27.858: [GC 27.858: [DefNew: 1915K->191K(1984K), 0.0007870 secs] 20308K->18585K(27320K), 0.0008560 secs] [Times: user=0.00 sys=0.00, real=0.00 secs] 
27.862: [GC 27.862: [DefNew: 1924K->96K(1984K), 0.0010320 secs] 20318K->18682K(27320K), 0.0011030 secs] [Times: user=0.00 sys=0.00, real=0.00 secs] 
27.872: [GC 27.872: [DefNew: 1837K->96K(1984K), 0.0006760 secs] 20423K->18780K(27320K), 0.0007400 secs] [Times: user=0.00 sys=0.00, real=0.00 secs] 
27.875: [GC 27.875: [DefNew: 1846K->97K(1984K), 0.0010580 secs] 20529K->18975K(27320K), 0.0011280 secs] [Times: user=0.00 sys=0.00, real=0.00 secs] 
27.879: [GC 27.879: [DefNew: 1855K->97K(1984K), 0.0008360 secs] 20733K->19073K(27320K), 0.0009090 secs] [Times: user=0.00 sys=0.00, real=0.00 secs] 
27.883: [GC 27.883: [DefNew: 1864K->98K(1984K), 0.0010520 secs] 20840K->19270K(27320K), 0.0011230 secs] [Times: user=0.00 sys=0.00, real=0.00 secs] 
27.887: [GC 27.887: [DefNew: 1873K->98K(1984K), 0.0007840 secs] 21045K->19369K(27320K), 0.0008540 secs] [Times: user=0.00 sys=0.00, real=0.00 secs] 
27.891: [GC 27.891: [DefNew: 1882K->99K(1984K), 0.0010760 secs] 21153K->19568K(27320K), 0.0011460 secs] [Times: user=0.00 sys=0.00, real=0.00 secs] 
27.901: [GC 27.901: [DefNew: 1792K->99K(1984K), 0.0007180 secs] 21261K->19568K(27320K), 0.0007830 secs] [Times: user=0.00 sys=0.00, real=0.00 secs] 
27.904: [GC 27.905: [DefNew: 1800K->100K(1984K), 0.0011010 secs] 21269K->19669K(27320K), 0.0011720 secs] [Times: user=0.00 sys=0.00, real=0.01 secs] 
27.908: [GC 27.908: [DefNew: 1707K->100K(1984K), 0.0008440 secs] 21276K->19770K(27320K), 0.0009140 secs] [Times: user=0.01 sys=0.00, real=0.00 secs] 
27.912: [GC 27.912: [DefNew: 1714K->101K(1984K), 0.0007730 secs] 21384K->19871K(27320K), 0.0008390 secs] [Times: user=0.00 sys=0.00, real=0.00 secs] 
27.915: [GC 27.915: [DefNew: 1722K->101K(1984K), 0.0008470 secs] 21492K->19973K(27320K), 0.0009160 secs] [Times: user=0.00 sys=0.00, real=0.00 secs] 
27.919: [GC 27.919: [DefNew: 1729K->101K(1984K), 0.0008170 secs] 21601K->20075K(27320K), 0.0008850 secs] [Times: user=0.00 sys=0.00, real=0.00 secs] 
27.922: [GC 27.922: [DefNew: 1736K->102K(1984K), 0.0008290 secs] 21710K->20178K(27320K), 0.0008980 secs] [Times: user=0.00 sys=0.00, real=0.00 secs] 
27.926: [GC 27.926: [DefNew: 1743K->102K(1984K), 0.0008320 secs] 21819K->20281K(27320K), 0.0009000 secs] [Times: user=0.00 sys=0.00, real=0.00 secs] 
27.929: [GC 27.929: [DefNew: 1750K->103K(1984K), 0.0008320 secs] 21929K->20385K(27320K), 0.0009000 secs] [Times: user=0.00 sys=0.00, real=0.00 secs] 
27.933: [GC 27.933: [DefNew: 1757K->103K(1984K), 0.0059710 secs] 22039K->20489K(27320K), 0.0060440 secs] [Times: user=0.01 sys=0.00, real=0.01 secs] 
27.943: [GC 27.943: [DefNew: 1765K->103K(1984K), 0.0008470 secs] 22150K->20593K(27320K), 0.0009170 secs] [Times: user=0.00 sys=0.00, real=0.00 secs] 
27.947: [GC 27.947: [DefNew: 1772K->104K(1984K), 0.0008460 secs] 22261K->20698K(27320K), 0.0009160 secs] [Times: user=0.00 sys=0.00, real=0.00 secs] 
27.950: [GC 27.950: [DefNew: 1779K->104K(1984K), 0.0008090 secs] 22373K->20803K(27320K), 0.0008750 secs] [Times: user=0.00 sys=0.00, real=0.00 secs] 
27.954: [GC 27.954: [DefNew: 1786K->105K(1984K), 0.0009510 secs] 22485K->20908K(27320K), 0.0010210 secs] [Times: user=0.00 sys=0.00, real=0.00 secs] 
27.958: [GC 27.958: [DefNew: 1889K->116K(1984K), 0.0007180 secs] 22693K->20920K(27320K), 0.0007770 secs] [Times: user=0.00 sys=0.00, real=0.00 secs] 
27.961: [GC 27.961: [DefNew: 1902K->33K(1984K), 0.0008490 secs] 22706K->20942K(27320K), 0.0009150 secs] [Times: user=0.00 sys=0.00, real=0.00 secs] 
27.964: [GC 27.964: [DefNew: 1819K->14K(1984K), 0.0004830 secs] 22728K->20924K(27320K), 0.0005420 secs] [Times: user=0.00 sys=0.00, real=0.00 secs] 
27.974: [GC 27.974: [DefNew: 1788K->35K(1984K), 0.0005220 secs] 22697K->20944K(27320K), 0.0005820 secs] [Times: user=0.00 sys=0.00, real=0.00 secs] 
27.977: [GC 27.977: [DefNew: 1815K->60K(1984K), 0.0005950 secs] 22724K->20969K(27320K), 0.0006570 secs] [Times: user=0.00 sys=0.00, real=0.01 secs] 
27.980: [GC 27.981: [DefNew: 1848K->66K(1984K), 0.0005290 secs] 22757K->20976K(27320K), 0.0005900 secs] [Times: user=0.01 sys=0.00, real=0.00 secs] 
27.983: [GC 27.984: [DefNew: 1845K->72K(1984K), 0.0005770 secs] 22754K->20982K(27320K), 0.0006360 secs] [Times: user=0.00 sys=0.00, real=0.00 secs] 
27.987: [GC 27.987: [DefNew: 1846K->52K(1984K), 0.0005420 secs] 22755K->20961K(27320K), 0.0006020 secs] [Times: user=0.00 sys=0.00, real=0.00 secs] 
27.990: [GC 27.990: [DefNew: 1842K->83K(1984K), 0.0005880 secs] 22752K->20992K(27320K), 0.0006480 secs] [Times: user=0.00 sys=0.00, real=0.00 secs] 
27.993: [GC 27.993: [DefNew: 1870K->59K(1984K), 0.0005790 secs] 22779K->20968K(27320K), 0.0006390 secs] [Times: user=0.00 sys=0.00, real=0.00 secs] 
28.003: [GC 28.003: [DefNew: 1820K->93K(1984K), 0.0006130 secs] 22730K->21002K(27320K), 0.0006770 secs] [Times: user=0.00 sys=0.00, real=0.00 secs] 
28.006: [GC 28.006: [DefNew: 1878K->97K(1984K), 0.0006320 secs] 22787K->21006K(27320K), 0.0006940 secs] [Times: user=0.00 sys=0.00, real=0.00 secs] 
28.010: [GC 28.010: [DefNew: 1863K->34K(1984K), 0.0004840 secs] 22772K->20943K(27320K), 0.0005420 secs] [Times: user=0.00 sys=0.00, real=0.00 secs] 
28.013: [GC 28.013: [DefNew: 1803K->105K(1984K), 0.0006610 secs] 22712K->21015K(27320K), 0.0007250 secs] [Times: user=0.00 sys=0.00, real=0.00 secs] 
28.016: [GC 28.016: [DefNew: 1870K->36K(1984K), 0.0005140 secs] 22779K->20946K(27320K), 0.0005720 secs] [Times: user=0.00 sys=0.00, real=0.00 secs] 
28.020: [GC 28.020: [DefNew: 1826K->37K(1984K), 0.0005200 secs] 22735K->20947K(27320K), 0.0005810 secs] [Times: user=0.00 sys=0.00, real=0.00 secs] 
28.023: [GC 28.023: [DefNew: 1771K->78K(1984K), 0.0005810 secs] 22680K->20987K(27320K), 0.0006400 secs] [Times: user=0.00 sys=0.00, real=0.00 secs] 
28.033: [GC 28.033: [DefNew: 1824K->80K(1984K), 0.0006160 secs] 22733K->20989K(27320K), 0.0006790 secs] [Times: user=0.00 sys=0.00, real=0.00 secs] 
28.036: [GC 28.036: [DefNew: 1836K->41K(1984K), 0.0005230 secs] 22745K->20950K(27320K), 0.0005830 secs] [Times: user=0.00 sys=0.00, real=0.00 secs] 
28.040: [GC 28.040: [DefNew: 1761K->84K(1984K), 0.0005930 secs] 22670K->20994K(27320K), 0.0006550 secs] [Times: user=0.00 sys=0.00, real=0.00 secs] 
28.043: [GC 28.043: [DefNew: 1805K->87K(1984K), 0.0005920 secs] 22714K->20996K(27320K), 0.0006520 secs] [Times: user=0.00 sys=0.00, real=0.00 secs] 
28.046: [GC 28.046: [DefNew: 1849K->89K(1984K), 0.0006070 secs] 22759K->20998K(27320K), 0.0006690 secs] [Times: user=0.00 sys=0.00, real=0.00 secs] 
28.049: [GC 28.049: [DefNew: 1848K->45K(1984K), 0.0005270 secs] 22757K->20954K(27320K), 0.0005870 secs] [Times: user=0.00 sys=0.00, real=0.00 secs] 
28.052: [GC 28.052: [DefNew: 1752K->93K(1984K), 0.0006130 secs] 22661K->21002K(27320K), 0.0007140 secs] [Times: user=0.00 sys=0.00, real=0.00 secs] 
28.063: [GC 28.063: [DefNew: 1883K->142K(1984K), 0.0006920 secs] 22792K->21051K(27320K), 0.0007590 secs] [Times: user=0.00 sys=0.00, real=0.00 secs] 
28.066: [GC 28.066: [DefNew: 1922K->48K(1984K), 0.0005380 secs] 22831K->20957K(27320K), 0.0006000 secs] [Times: user=0.00 sys=0.00, real=0.00 secs] 
28.070: [GC 28.070: [DefNew: 1814K->49K(1984K), 0.0005140 secs] 22724K->20958K(27320K), 0.0005730 secs] [Times: user=0.00 sys=0.00, real=0.00 secs] 
28.073: [GC 28.073: [DefNew: 1799K->151K(1984K), 0.0007630 secs] 22708K->21060K(27320K), 0.0008300 secs] [Times: user=0.01 sys=0.00, real=0.00 secs] 
28.076: [GC 28.076: [DefNew: 1882K->102K(1984K), 0.0014600 secs] 22791K->21011K(27320K), 0.0016120 secs] [Times: user=0.00 sys=0.00, real=0.01 secs] 
28.080: [GC 28.080: [DefNew: 1864K->156K(1984K), 0.0007600 secs] 22773K->21065K(27320K), 0.0008340 secs] [Times: user=0.00 sys=0.00, real=0.00 secs] 
28.091: [GC 28.091: [DefNew: 1948K->106K(1984K), 0.0006050 secs] 22857K->21015K(27320K), 0.0006680 secs] [Times: user=0.00 sys=0.00, real=0.00 secs] 
28.094: [GC 28.094: [DefNew: 1820K->107K(1984K), 0.0007850 secs] 22729K->21017K(27320K), 0.0008540 secs] [Times: user=0.00 sys=0.00, real=0.00 secs] 
28.098: [GC 28.098: [DefNew: 1849K->109K(1984K), 0.0006270 secs] 22758K->21018K(27320K), 0.0006910 secs] [Times: user=0.00 sys=0.00, real=0.00 secs] 
28.102: [GC 28.102: [DefNew: 1878K->111K(1984K), 0.0006230 secs] 22787K->21020K(27320K), 0.0006850 secs] [Times: user=0.00 sys=0.00, real=0.00 secs] 
28.105: [GC 28.105: [DefNew: 1850K->56K(1984K), 0.0005790 secs] 22759K->20965K(27320K), 0.0006390 secs] [Times: user=0.01 sys=0.00, real=0.01 secs] 
28.110: [GC 28.110: [DefNew: 1820K->171K(1984K), 0.0007270 secs] 22730K->21080K(27320K), 0.0007930 secs] [Times: user=0.00 sys=0.00, real=0.00 secs] 
28.114: [GC 28.114: [DefNew: 1903K->116K(1984K), 0.0006080 secs] 22812K->21025K(27320K), 0.0006690 secs] [Times: user=0.00 sys=0.00, real=0.00 secs] 
28.118: [GC 28.118: [DefNew: 1871K->176K(1984K), 0.0008370 secs] 22780K->21085K(27320K), 0.0009040 secs] [Times: user=0.00 sys=0.00, real=0.00 secs] 
28.121: [GC 28.121: [DefNew: 1955K->119K(1984K), 0.0006460 secs] 22864K->21028K(27320K), 0.0007830 secs] [Times: user=0.01 sys=0.00, real=0.00 secs] 
28.125: [GC 28.125: [DefNew: 1801K->120K(1984K), 0.0074750 secs] 22710K->21030K(27320K), 0.0075480 secs] [Times: user=0.00 sys=0.00, real=0.01 secs] 
28.138: [GC 28.138: [DefNew: 1823K->122K(1984K), 0.0006400 secs] 22732K->21031K(27320K), 0.0007030 secs] [Times: user=0.00 sys=0.00, real=0.00 secs] 
28.141: [GC 28.141: [DefNew: 1845K->123K(1984K), 0.0007940 secs] 22754K->21033K(27320K), 0.0008620 secs] [Times: user=0.00 sys=0.00, real=0.00 secs] 
28.144: [GC 28.144: [DefNew: 1867K->125K(1984K), 0.0006690 secs] 22777K->21034K(27320K), 0.0007330 secs] [Times: user=0.00 sys=0.00, real=0.00 secs] 
28.148: [GC 28.148: [DefNew: 1889K->126K(1984K), 0.0006950 secs] 22799K->21035K(27320K), 0.0007620 secs] [Times: user=0.01 sys=0.00, real=0.00 secs] 
28.159: [GC 28.159: [DefNew: 1912K->128K(1984K), 0.0006540 secs] 22821K->21037K(27320K), 0.0007200 secs] [Times: user=0.00 sys=0.00, real=0.00 secs] 
28.162: [GC 28.162: [DefNew: 1869K->64K(1984K), 0.0005700 secs] 22778K->20974K(27320K), 0.0006310 secs] [Times: user=0.00 sys=0.00, real=0.00 secs] 
28.165: [GC 28.165: [DefNew: 1825K->130K(1984K), 0.0008730 secs] 22734K->21105K(27320K), 0.0009440 secs] [Times: user=0.00 sys=0.00, real=0.00 secs] 
28.178: [GC 28.178: [DefNew: 1844K->132K(1984K), 0.0006760 secs] 22819K->21107K(27320K), 0.0007420 secs] [Times: user=0.00 sys=0.00, real=0.00 secs] 
28.182: [GC 28.182: [DefNew: 1863K->133K(1984K), 0.0007970 secs] 22838K->21175K(27320K), 0.0008650 secs] [Times: user=0.00 sys=0.00, real=0.00 secs] 
28.185: [GC 28.185: [DefNew: 1882K->135K(1984K), 0.0007230 secs] 22924K->21176K(27320K), 0.0007880 secs] [Times: user=0.00 sys=0.00, real=0.00 secs] 
28.189: [GC 28.189: [DefNew: 1902K->136K(1984K), 0.0008450 secs] 22943K->21246K(27320K), 0.0009160 secs] [Times: user=0.00 sys=0.00, real=0.00 secs] 
28.200: [GC 28.200: [DefNew: 1921K->137K(1984K), 0.0006890 secs] 23030K->21247K(27320K), 0.0007550 secs] [Times: user=0.00 sys=0.00, real=0.00 secs] 
28.203: [GC 28.203: [DefNew: 1801K->139K(1984K), 0.0006840 secs] 22911K->21248K(27320K), 0.0007490 secs] [Times: user=0.00 sys=0.00, real=0.00 secs] 
28.207: [GC 28.207: [DefNew: 1817K->140K(1984K), 0.0006900 secs] 22927K->21250K(27320K), 0.0007570 secs] [Times: user=0.00 sys=0.00, real=0.00 secs] 
28.211: [GC 28.211: [DefNew: 1834K->141K(1984K), 0.0007930 secs] 22943K->21251K(27320K), 0.0008600 secs] [Times: user=0.00 sys=0.00, real=0.00 secs] 
28.214: [GC 28.214: [DefNew: 1850K->142K(1984K), 0.0007070 secs] 22960K->21252K(27320K), 0.0007750 secs] [Times: user=0.00 sys=0.00, real=0.00 secs] 
28.218: [GC 28.219: [DefNew: 1867K->144K(1984K), 0.0006930 secs] 22976K->21253K(27320K), 0.0007590 secs] [Times: user=0.00 sys=0.00, real=0.00 secs] 
28.229: [GC 28.229: [DefNew: 1883K->145K(1984K), 0.0007110 secs] 22993K->21255K(27320K), 0.0007770 secs] [Times: user=0.00 sys=0.00, real=0.00 secs] 
28.232: [GC 28.232: [DefNew: 1900K->146K(1984K), 0.0007170 secs] 23009K->21256K(27320K), 0.0010030 secs] [Times: user=0.00 sys=0.00, real=0.00 secs] 
28.237: [GC 28.237: [DefNew: 1916K->147K(1984K), 0.0006710 secs] 23026K->21257K(27320K), 0.0007350 secs] [Times: user=0.00 sys=0.00, real=0.01 secs] 
28.240: [GC 28.240: [DefNew: 1933K->149K(1984K), 0.0007080 secs] 23042K->21258K(27320K), 0.0007740 secs] [Times: user=0.00 sys=0.00, real=0.00 secs] 
28.243: [GC 28.244: [DefNew: 1874K->75K(1984K), 0.0006810 secs] 22983K->21185K(27320K), 0.0007430 secs] [Times: user=0.00 sys=0.00, real=0.00 secs] 
28.247: [GC 28.248: [DefNew: 1814K->151K(1984K), 0.0008930 secs] 22923K->21337K(27320K), 0.0009660 secs] [Times: user=0.00 sys=0.00, real=0.00 secs] 
28.258: [GC 28.258: [DefNew: 1828K->152K(1984K), 0.0007160 secs] 23013K->21338K(27320K), 0.0007850 secs] [Times: user=0.00 sys=0.00, real=0.00 secs] 
28.261: [GC 28.261: [DefNew: 1919K->77K(1984K), 0.0005880 secs] 23104K->21262K(27320K), 0.0006800 secs] [Times: user=0.00 sys=0.00, real=0.00 secs] 
28.264: [GC 28.265: [DefNew: 1857K->155K(1984K), 0.0016890 secs] 23042K->21418K(27320K), 0.0017620 secs] [Times: user=0.01 sys=0.00, real=0.01 secs] 
28.269: [GC 28.269: [DefNew: 1871K->156K(1984K), 0.0006830 secs] 23134K->21419K(27320K), 0.0007480 secs] [Times: user=0.00 sys=0.00, real=0.00 secs] 
28.272: [GC 28.272: [DefNew: 1885K->157K(1984K), 0.0010640 secs] 23148K->21499K(27320K), 0.0011360 secs] [Times: user=0.01 sys=0.00, real=0.00 secs] 
28.277: [GC 28.277: [DefNew: 1898K->158K(1984K), 0.0008440 secs] 23240K->21500K(27320K), 0.0009150 secs] [Times: user=0.00 sys=0.00, real=0.01 secs] 
28.287: [GC 28.287: [DefNew: 1912K->159K(1984K), 0.0009310 secs] 23254K->21581K(27320K), 0.0010020 secs] [Times: user=0.00 sys=0.00, real=0.00 secs] 
28.291: [GC 28.291: [DefNew: 1926K->161K(1984K), 0.0007230 secs] 23348K->21582K(27320K), 0.0007900 secs] [Times: user=0.00 sys=0.00, real=0.00 secs] 
28.295: [GC 28.295: [DefNew: 1940K->162K(1984K), 0.0009130 secs] 23362K->21664K(27320K), 0.0009850 secs] [Times: user=0.00 sys=0.00, real=0.00 secs] 
28.300: [GC 28.300: [DefNew: 1872K->81K(1984K), 0.0008570 secs] 23375K->21584K(27320K), 0.0009270 secs] [Times: user=0.01 sys=0.00, real=0.00 secs] 
28.304: [GC 28.304: [DefNew: 1804K->164K(1984K), 0.0007510 secs] 23306K->21667K(27320K), 0.0008180 secs] [Times: user=0.00 sys=0.00, real=0.00 secs] 
28.314: [GC 28.314: [DefNew: 1815K->165K(1984K), 0.0007370 secs] 23318K->21668K(27320K), 0.0008050 secs] [Times: user=0.00 sys=0.00, real=0.00 secs] 
28.318: [GC 28.318: [DefNew: 1827K->166K(1984K), 0.0007220 secs] 23330K->21669K(27320K), 0.0007890 secs] [Times: user=0.00 sys=0.00, real=0.00 secs] 
28.321: [GC 28.321: [DefNew: 1838K->167K(1984K), 0.0007280 secs] 23341K->21670K(27320K), 0.0010850 secs] [Times: user=0.01 sys=0.00, real=0.00 secs] 
28.324: [GC 28.325: [DefNew: 1850K->168K(1984K), 0.0008170 secs] 23353K->21671K(27320K), 0.0008850 secs] [Times: user=0.00 sys=0.00, real=0.01 secs] 
28.328: [GC 28.328: [DefNew: 1862K->169K(1984K), 0.0007470 secs] 23364K->21672K(27320K), 0.0008120 secs] [Times: user=0.00 sys=0.00, real=0.00 secs] 
28.331: [GC 28.331: [DefNew: 1873K->170K(1984K), 0.0007590 secs] 23376K->21673K(27320K), 0.0008250 secs] [Times: user=0.00 sys=0.00, real=0.00 secs] 
28.336: [GC 28.336: [DefNew: 1885K->171K(1984K), 0.0006400 secs] 23388K->21674K(27320K), 0.0007040 secs] [Times: user=0.00 sys=0.00, real=0.00 secs] 
28.339: [GC 28.339: [DefNew: 1896K->172K(1984K), 0.0007700 secs] 23399K->21675K(27320K), 0.0008370 secs] [Times: user=0.00 sys=0.00, real=0.00 secs] 
28.343: [GC 28.343: [DefNew: 1908K->173K(1984K), 0.0007500 secs] 23411K->21676K(27320K), 0.0008180 secs] [Times: user=0.00 sys=0.00, real=0.00 secs] 
28.347: [GC 28.347: [DefNew: 1920K->174K(1984K), 0.0007260 secs] 23422K->21677K(27320K), 0.0007920 secs] [Times: user=0.00 sys=0.00, real=0.00 secs] 
28.357: [GC 28.357: [DefNew: 1931K->176K(1984K), 0.0007920 secs] 23434K->21678K(27320K), 0.0008620 secs] [Times: user=0.00 sys=0.00, real=0.01 secs] 
28.360: [GC 28.361: [DefNew: 1943K->177K(1984K), 0.0010090 secs] 23446K->21679K(27320K), 0.0010810 secs] [Times: user=0.00 sys=0.00, real=0.00 secs] 
28.364: [GC 28.364: [DefNew: 1954K->178K(1984K), 0.0007690 secs] 23457K->21680K(27320K), 0.0008350 secs] [Times: user=0.00 sys=0.00, real=0.00 secs] 
28.368: [GC 28.368: [DefNew: 1966K->179K(1984K), 0.0007690 secs] 23469K->21681K(27320K), 0.0008360 secs] [Times: user=0.00 sys=0.00, real=0.00 secs] 
28.371: [GC 28.371: [DefNew: 1888K->90K(1984K), 0.0006220 secs] 23390K->21592K(27320K), 0.0006830 secs] [Times: user=0.00 sys=0.00, real=0.00 secs] 
28.374: [GC 28.375: [DefNew: 1808K->181K(1984K), 0.0008550 secs] 23311K->21774K(27320K), 0.0009310 secs] [Times: user=0.00 sys=0.00, real=0.00 secs] 
28.389: [GC 28.389: [DefNew: 1818K->182K(1984K), 0.0007760 secs] 23411K->21775K(27320K), 0.0008470 secs] [Times: user=0.00 sys=0.00, real=0.00 secs] 
28.393: [GC 28.393: [DefNew: 1919K->91K(1984K), 0.0007430 secs] 23512K->21684K(27320K), 0.0008090 secs] [Times: user=0.00 sys=0.00, real=0.00 secs] 
28.396: [GC 28.396: [DefNew: 1838K->184K(1984K), 0.0009850 secs] 23431K->21869K(27320K), 0.0010570 secs] [Times: user=0.00 sys=0.00, real=0.01 secs] 
28.400: [GC 28.400: [DefNew: 1847K->185K(1984K), 0.0008930 secs] 23532K->21870K(27320K), 0.0009610 secs] [Times: user=0.00 sys=0.00, real=0.00 secs] 
28.404: [GC 28.404: [DefNew: 1950K->93K(1984K), 0.0015150 secs] 23635K->21778K(27320K), 0.0015860 secs] [Times: user=0.00 sys=0.01, real=0.01 secs] 
28.408: [GC 28.408: [DefNew: 1867K->187K(1984K), 0.0011680 secs] 23552K->21965K(27320K), 0.0012390 secs] [Times: user=0.00 sys=0.00, real=0.00 secs] 
28.412: [GC 28.412: [DefNew: 1877K->188K(1984K), 0.0007940 secs] 23655K->21966K(27320K), 0.0008620 secs] [Times: user=0.00 sys=0.00, real=0.00 secs] 
28.416: [GC 28.416: [DefNew: 1886K->188K(1984K), 0.0011600 secs] 23665K->22062K(27320K), 0.0012300 secs] [Times: user=0.00 sys=0.00, real=0.01 secs] 
28.429: [GC 28.430: [DefNew: 1896K->189K(1984K), 0.0007900 secs] 23769K->22063K(27320K), 0.0008610 secs] [Times: user=0.00 sys=0.00, real=0.00 secs] 
28.433: [GC 28.433: [DefNew: 1905K->190K(1984K), 0.0012680 secs] 23778K->22159K(27320K), 0.0013390 secs] [Times: user=0.01 sys=0.00, real=0.00 secs] 
28.437: [GC 28.437: [DefNew: 1915K->191K(1984K), 0.0008170 secs] 23883K->22160K(27320K), 0.0008870 secs] [Times: user=0.00 sys=0.00, real=0.01 secs] 
28.440: [GC 28.440: [DefNew: 1924K->96K(1984K), 0.0077860 secs] 23893K->22257K(27320K), 0.0078590 secs] [Times: user=0.01 sys=0.00, real=0.01 secs] 
28.451: [GC 28.451: [DefNew: 1837K->96K(1984K), 0.0007900 secs] 23998K->22355K(27320K), 0.0008580 secs] [Times: user=0.00 sys=0.00, real=0.00 secs] 
28.455: [GC 28.455: [DefNew: 1846K->97K(1984K), 0.0009120 secs] 24104K->22550K(27320K), 0.0009790 secs] [Times: user=0.00 sys=0.00, real=0.00 secs] 
28.459: [GC 28.459: [DefNew: 1855K->97K(1984K), 0.0008230 secs] 24308K->22648K(27320K), 0.0008910 secs] [Times: user=0.00 sys=0.00, real=0.00 secs] 
28.462: [GC 28.463: [DefNew: 1864K->98K(1984K), 0.0010650 secs] 24415K->22845K(27320K), 0.0011370 secs] [Times: user=0.00 sys=0.00, real=0.00 secs] 
28.466: [GC 28.466: [DefNew: 1873K->98K(1984K), 0.0008250 secs] 24620K->22944K(27320K), 0.0008930 secs] [Times: user=0.00 sys=0.00, real=0.00 secs] 
28.477: [GC 28.477: [DefNew: 1882K->99K(1984K), 0.0010400 secs] 24728K->23143K(27320K), 0.0011100 secs] [Times: user=0.00 sys=0.00, real=0.00 secs] 
28.481: [GC 28.481: [DefNew: 1792K->99K(1984K), 0.0006320 secs] 24836K->23143K(27320K), 0.0007160 secs] [Times: user=0.01 sys=0.00, real=0.00 secs] 
28.485: [GC 28.485: [DefNew: 1800K->100K(1984K), 0.0008480 secs] 24844K->23244K(27320K), 0.0009190 secs] [Times: user=0.00 sys=0.00, real=0.01 secs] 
28.488: [GC 28.488: [DefNew: 1707K->100K(1984K), 0.0008540 secs] 24851K->23345K(27320K), 0.0009210 secs] [Times: user=0.00 sys=0.00, real=0.00 secs] 
28.491: [GC 28.491: [DefNew: 1714K->101K(1984K), 0.0008520 secs] 24959K->23446K(27320K), 0.0009200 secs] [Times: user=0.00 sys=0.00, real=0.00 secs] 
28.496: [GC 28.496: [DefNew: 1722K->101K(1984K), 0.0008500 secs] 25067K->23548K(27320K), 0.0009190 secs] [Times: user=0.00 sys=0.00, real=0.00 secs] 
28.499: [GC 28.499: [DefNew: 1729K->101K(1984K), 0.0008390 secs] 25176K->23650K(27320K), 0.0009080 secs] [Times: user=0.00 sys=0.00, real=0.00 secs] 
28.503: [GC 28.503: [DefNew: 1736K->102K(1984K), 0.0008470 secs] 25285K->23753K(27320K), 0.0009160 secs] [Times: user=0.00 sys=0.00, real=0.00 secs] 
28.506: [GC 28.506: [DefNew: 1743K->102K(1984K), 0.0008370 secs] 25394K->23856K(27320K), 0.0009050 secs] [Times: user=0.00 sys=0.00, real=0.00 secs] 
28.518: [GC 28.518: [DefNew: 1750K->103K(1984K), 0.0008210 secs] 25504K->23960K(27320K), 0.0008870 secs] [Times: user=0.00 sys=0.00, real=0.00 secs] 
28.521: [GC 28.522: [DefNew: 1757K->103K(1984K), 0.0008510 secs] 25614K->24063K(27320K), 0.0009200 secs] [Times: user=0.00 sys=0.00, real=0.00 secs] 
28.525: [GC 28.525: [DefNew: 1765K->103K(1984K), 0.0009010 secs] 25725K->24168K(27320K), 0.0009700 secs] [Times: user=0.00 sys=0.00, real=0.01 secs] 
28.529: [GC 28.529: [DefNew: 1772K->104K(1984K), 0.0011040 secs] 25836K->24273K(27320K), 0.0011780 secs] [Times: user=0.00 sys=0.00, real=0.00 secs] 
28.532: [GC 28.532: [DefNew: 1779K->104K(1984K), 0.0008970 secs] 25948K->24378K(27320K), 0.0009660 secs] [Times: user=0.01 sys=0.00, real=0.00 secs] 
28.536: [GC 28.536: [DefNew: 1786K->105K(1984K), 0.0008620 secs] 26060K->24483K(27320K), 0.0009300 secs] [Times: user=0.00 sys=0.00, real=0.00 secs] 
************************
* Memory Stats
## wait for garbage collection, iter=0
************************
 Free Memory = 1715560
 Max Memory = 66650112
 Total Memory = 27975680
 Free Memory(mb) = 1.6360855102539062
 Max Memory(mb) = 63.5625
 Total Memory(mb) = 26.6796875

* Time Diff in ms, t=583
************************
* Memory Stats
## wait for garbage collection, iter=1
************************
 Free Memory = 1711448
 Max Memory = 66650112
 Total Memory = 27975680
 Free Memory(mb) = 1.6321640014648438
 Max Memory(mb) = 63.5625
 Total Memory(mb) = 26.6796875

* Time Diff in ms, t=583
************************
* Memory Stats
## wait for garbage collection, iter=2
************************
 Free Memory = 1707352
 Max Memory = 66650112
 Total Memory = 27975680
 Free Memory(mb) = 1.6282577514648438
 Max Memory(mb) = 63.5625
 Total Memory(mb) = 26.6796875

* Time Diff in ms, t=583
************************
* Memory Stats
## wait for garbage collection, iter=3
************************
 Free Memory = 1703056
 Max Memory = 66650112
 Total Memory = 27975680
 Free Memory(mb) = 1.6241607666015625
 Max Memory(mb) = 63.5625
 Total Memory(mb) = 26.6796875

* Time Diff in ms, t=583
************************
* Memory Stats
## wait for garbage collection, iter=4
************************
 Free Memory = 1504080
 Max Memory = 66650112
 Total Memory = 27975680
 Free Memory(mb) = 1.4344024658203125
 Max Memory(mb) = 63.5625
 Total Memory(mb) = 26.6796875

* Time Diff in ms, t=583
************************
* Memory Stats
## wait for garbage collection, iter=5
************************
 Free Memory = 1499984
 Max Memory = 66650112
 Total Memory = 27975680
 Free Memory(mb) = 1.4304962158203125
 Max Memory(mb) = 63.5625
 Total Memory(mb) = 26.6796875

* Time Diff in ms, t=583
************************
* Memory Stats
## wait for garbage collection, iter=6
************************
 Free Memory = 1495792
 Max Memory = 66650112
 Total Memory = 27975680
 Free Memory(mb) = 1.4264984130859375
 Max Memory(mb) = 63.5625
 Total Memory(mb) = 26.6796875

* Time Diff in ms, t=583
************************
* Memory Stats
## wait for garbage collection, iter=7
************************
 Free Memory = 1491632
 Max Memory = 66650112
 Total Memory = 27975680
 Free Memory(mb) = 1.4225311279296875
 Max Memory(mb) = 63.5625
 Total Memory(mb) = 26.6796875

* Time Diff in ms, t=583
************************
* Memory Stats
## wait for garbage collection, iter=8
************************
 Free Memory = 1487192
 Max Memory = 66650112
 Total Memory = 27975680
 Free Memory(mb) = 1.4182968139648438
 Max Memory(mb) = 63.5625
 Total Memory(mb) = 26.6796875

* Time Diff in ms, t=583
************************
* Memory Stats
## wait for garbage collection, iter=9
************************
 Free Memory = 1484952
 Max Memory = 66650112
 Total Memory = 27975680
 Free Memory(mb) = 1.4161605834960938
 Max Memory(mb) = 63.5625
 Total Memory(mb) = 26.6796875

* Time Diff in ms, t=583
************************
* Memory Stats
## wait for garbage collection, iter=10
************************
 Free Memory = 1480856
 Max Memory = 66650112
 Total Memory = 27975680
 Free Memory(mb) = 1.4122543334960938
 Max Memory(mb) = 63.5625
 Total Memory(mb) = 26.6796875

* Time Diff in ms, t=583
************************
* Memory Stats
## wait for garbage collection, iter=11
************************
 Free Memory = 1476648
 Max Memory = 66650112
 Total Memory = 27975680
 Free Memory(mb) = 1.4082412719726562
 Max Memory(mb) = 63.5625
 Total Memory(mb) = 26.6796875

* Time Diff in ms, t=583
************************
* Memory Stats
## wait for garbage collection, iter=12
************************
 Free Memory = 1278552
 Max Memory = 66650112
 Total Memory = 27975680
 Free Memory(mb) = 1.2193222045898438
 Max Memory(mb) = 63.5625
 Total Memory(mb) = 26.6796875

* Time Diff in ms, t=583
************************
* Memory Stats
## wait for garbage collection, iter=13
************************
 Free Memory = 1274096
 Max Memory = 66650112
 Total Memory = 27975680
 Free Memory(mb) = 1.2150726318359375
 Max Memory(mb) = 63.5625
 Total Memory(mb) = 26.6796875

* Time Diff in ms, t=583
************************
* Memory Stats
## wait for garbage collection, iter=14
************************
 Free Memory = 1271856
 Max Memory = 66650112
 Total Memory = 27975680
 Free Memory(mb) = 1.2129364013671875
 Max Memory(mb) = 63.5625
 Total Memory(mb) = 26.6796875

* Time Diff in ms, t=583
************************
* Memory Stats
## wait for garbage collection, iter=15
************************
 Free Memory = 1267744
 Max Memory = 66650112
 Total Memory = 27975680
 Free Memory(mb) = 1.209014892578125
 Max Memory(mb) = 63.5625
 Total Memory(mb) = 26.6796875

* Time Diff in ms, t=583
************************
* Memory Stats
## wait for garbage collection, iter=16
************************
 Free Memory = 1248448
 Max Memory = 66650112
 Total Memory = 27975680
 Free Memory(mb) = 1.19061279296875
 Max Memory(mb) = 63.5625
 Total Memory(mb) = 26.6796875

* Time Diff in ms, t=583
************************
* Memory Stats
## wait for garbage collection, iter=17
************************
 Free Memory = 1244272
 Max Memory = 66650112
 Total Memory = 27975680
 Free Memory(mb) = 1.1866302490234375
 Max Memory(mb) = 63.5625
 Total Memory(mb) = 26.6796875

* Time Diff in ms, t=583
************************
* Memory Stats
## wait for garbage collection, iter=18
************************
 Free Memory = 1239816
 Max Memory = 66650112
 Total Memory = 27975680
 Free Memory(mb) = 1.1823806762695312
 Max Memory(mb) = 63.5625
 Total Memory(mb) = 26.6796875

* Time Diff in ms, t=583
************************
* Memory Stats
## wait for garbage collection, iter=19
************************
 Free Memory = 1237576
 Max Memory = 66650112
 Total Memory = 27975680
 Free Memory(mb) = 1.1802444458007812
 Max Memory(mb) = 63.5625
 Total Memory(mb) = 26.6796875

* Time Diff in ms, t=583
38.865: [GC 38.865: [DefNew: 1896K->118K(1984K), 0.0012400 secs] 26275K->24496K(27320K), 0.0013050 secs] [Times: user=0.01 sys=0.00, real=0.01 secs] 
size of objs=100000
************************
* Memory Stats
## End of program
************************
 Free Memory = 2867552
 Max Memory = 66650112
 Total Memory = 27975680
 Free Memory(mb) = 2.734710693359375
 Max Memory(mb) = 63.5625
 Total Memory(mb) = 26.6796875
Done
Heap
 def new generation   total 1984K, used 1147K [0x8c030000, 0x8c250000, 0x8c510000)
  eden space 1792K,  57% used [0x8c030000, 0x8c131568, 0x8c1f0000)
  from space 192K,  61% used [0x8c220000, 0x8c23d900, 0x8c250000)
  to   space 192K,   0% used [0x8c1f0000, 0x8c1f0000, 0x8c220000)
 tenured generation   total 25336K, used 24378K [0x8c510000, 0x8ddce000, 0x90030000)
   the space 25336K,  96% used [0x8c510000, 0x8dcdeac8, 0x8dcdec00, 0x8ddce000)
 compacting perm gen  total 12288K, used 2039K [0x90030000, 0x90c30000, 0x94030000)
   the space 12288K,  16% used [0x90030000, 0x9022de60, 0x9022e000, 0x90c30000)
    ro space 8192K,  74% used [0x94030000, 0x94623488, 0x94623600, 0x94830000)
    rw space 12288K,  58% used [0x94830000, 0x94f3db20, 0x94f3dc00, 0x95430000)
